rustc 1.99.0 (b940084d7 2026-09-28)
binary: rustc
commit-hash: b940084d7eb6a299eb4bfeb8e34901bc051e7ac4
commit-date: 2026-09-28
host: x86_64-unknown-linux-gnu
release: 1.99.0
LLVM version: 23.1.1
    Checking tokio-util v0.7.19
    Checking rom v0.0.3 (https://github.com/pmikstacki/ROM?rev=d7ef529040eec60dc869034c2d33130219db85fe#d7ef5290)
    Checking indexmap v2.14.2
    Checking url v2.5.8
    Checking quick-xml v0.41.0
    Checking serde_urlencoded v0.7.1
    Checking chrono v0.4.45
    Checking rom-sql-core v0.1.0-dev (/root/ROM-extras/crates/rom-sql-core)
    Checking tower-http v0.6.11
    Checking amq-protocol-uri v10.6.3
    Checking rom-oidc-presets v0.1.0-dev (/root/ROM-extras/crates/rom-oidc-presets)
    Checking amq-protocol-tcp v10.6.3
    Checking h2 v0.4.20
    Checking async-nats v0.50.0
    Checking amq-protocol v10.6.3
    Checking lapin v4.12.0
    Checking hyper v1.12.0
    Checking rom-delivery-core v0.1.0-dev (/root/ROM-extras/crates/rom-delivery-core)
    Checking rom-backup v0.0.3 (https://github.com/pmikstacki/ROM?rev=d7ef529040eec60dc869034c2d33130219db85fe#d7ef5290)
    Checking rom-blob v0.0.3 (https://github.com/pmikstacki/ROM?rev=d7ef529040eec60dc869034c2d33130219db85fe#d7ef5290)
    Checking rom-kafka v0.1.0-dev (/root/ROM-extras/crates/rom-kafka)
    Checking rom-conformance v0.0.3 (https://github.com/pmikstacki/ROM?rev=d7ef529040eec60dc869034c2d33130219db85fe#d7ef5290)
    Checking rom-redb v0.0.3 (https://github.com/pmikstacki/ROM?rev=d7ef529040eec60dc869034c2d33130219db85fe#d7ef5290)
    Checking rom-sqlite v0.0.3 (https://github.com/pmikstacki/ROM?rev=d7ef529040eec60dc869034c2d33130219db85fe#d7ef5290)
    Checking hyper-util v0.1.21
    Checking rom-rabbitmq v0.1.0-dev (/root/ROM-extras/crates/rom-rabbitmq)
    Checking rom-nats v0.1.0-dev (/root/ROM-extras/crates/rom-nats)
    Checking hyper-rustls v0.27.10
    Checking reqwest v0.13.5
    Checking object_store v0.14.2
    Checking rom-webhook v0.1.0-dev (/root/ROM-extras/crates/rom-webhook)
    Checking rom-azure-blob v0.1.0-dev (/root/ROM-extras/crates/rom-azure-blob)
    Finished `dev` profile [unoptimized + debuginfo] target(s) in 5.85s
   Compiling tokio-util v0.7.19
   Compiling indexmap v2.14.2
   Compiling rom v0.0.3 (https://github.com/pmikstacki/ROM?rev=d7ef529040eec60dc869034c2d33130219db85fe#d7ef5290)
   Compiling url v2.5.8
   Compiling quick-xml v0.41.0
   Compiling serde_urlencoded v0.7.1
   Compiling chrono v0.4.45
   Compiling tower-http v0.6.11
   Compiling amq-protocol-uri v10.6.3
   Compiling rom-oidc-presets v0.1.0-dev (/root/ROM-extras/crates/rom-oidc-presets)
   Compiling async-nats v0.50.0
   Compiling amq-protocol-tcp v10.6.3
   Compiling h2 v0.4.20
   Compiling toml_edit v0.25.16+spec-1.1.0
   Compiling amq-protocol v10.6.3
   Compiling proc-macro-crate v3.5.0
   Compiling num_enum_derive v0.7.6
   Compiling lapin v4.12.0
   Compiling num_enum v0.7.6
   Compiling rdkafka-sys v4.10.0+2.12.1
   Compiling rdkafka v0.39.0
   Compiling hyper v1.12.0
   Compiling rom-delivery-core v0.1.0-dev (/root/ROM-extras/crates/rom-delivery-core)
   Compiling rom-backup v0.0.3 (https://github.com/pmikstacki/ROM?rev=d7ef529040eec60dc869034c2d33130219db85fe#d7ef5290)
   Compiling rom-blob v0.0.3 (https://github.com/pmikstacki/ROM?rev=d7ef529040eec60dc869034c2d33130219db85fe#d7ef5290)
   Compiling hyper-util v0.1.21
   Compiling rom-kafka v0.1.0-dev (/root/ROM-extras/crates/rom-kafka)
   Compiling rom-conformance v0.0.3 (https://github.com/pmikstacki/ROM?rev=d7ef529040eec60dc869034c2d33130219db85fe#d7ef5290)
   Compiling rom-sqlite v0.0.3 (https://github.com/pmikstacki/ROM?rev=d7ef529040eec60dc869034c2d33130219db85fe#d7ef5290)
   Compiling rom-redb v0.0.3 (https://github.com/pmikstacki/ROM?rev=d7ef529040eec60dc869034c2d33130219db85fe#d7ef5290)
   Compiling hyper-rustls v0.27.10
   Compiling rom-nats v0.1.0-dev (/root/ROM-extras/crates/rom-nats)
   Compiling reqwest v0.13.5
   Compiling rom-rabbitmq v0.1.0-dev (/root/ROM-extras/crates/rom-rabbitmq)
   Compiling object_store v0.14.2
   Compiling rom-webhook v0.1.0-dev (/root/ROM-extras/crates/rom-webhook)
   Compiling rom-azure-blob v0.1.0-dev (/root/ROM-extras/crates/rom-azure-blob)
    Finished `test` profile [unoptimized + debuginfo] target(s) in 11.28s
     Running unittests src/lib.rs (target/debug/deps/rom_azure_blob-d92f7b89e8c02760)

running 0 tests

test result: ok. 0 passed; 0 failed; 0 ignored; 0 measured; 0 filtered out; finished in 0.00s

     Running tests/configuration.rs (target/debug/deps/configuration-f32a82c2e61c7286)

running 3 tests
test malformed_credentials_and_unbounded_limits_are_rejected ... ok
test unsafe_endpoints_are_refused_with_valid_credentials ... ok
test valid_cloud_and_emulator_configuration_construct_clients ... ok

test result: ok. 3 passed; 0 failed; 0 ignored; 0 measured; 0 filtered out; finished in 0.04s

     Running tests/interruption.rs (target/debug/deps/interruption-21840a15ab19ed22)

running 2 tests
test etag_change_between_metadata_and_body_is_refused ... ok
test busy_admission_refuses_extra_request_and_unacknowledged_write_is_unknown ... ok

test result: ok. 2 passed; 0 failed; 0 ignored; 0 measured; 0 filtered out; finished in 0.53s

     Running unittests src/lib.rs (target/debug/deps/rom_delivery_core-3696fbf994d495ab)

running 0 tests

test result: ok. 0 passed; 0 failed; 0 ignored; 0 measured; 0 filtered out; finished in 0.00s

     Running tests/preparation.rs (target/debug/deps/preparation-34f1d2e906183573)

running 5 tests
test encoded_byte_limit_includes_json_quotes_escaping_and_utf8 ... ok
test invalid_identity_rejects_before_payload_encoding ... ok
test retry_keeps_identity_and_payload_but_exposes_the_runtime_attempt ... ok
test prepared_debug_output_does_not_disclose_payload_values ... ok
test scalar_payloads_keep_null_false_zero_and_empty_distinct ... ok

test result: ok. 5 passed; 0 failed; 0 ignored; 0 measured; 0 filtered out; finished in 0.00s

     Running tests/signing.rs (target/debug/deps/signing-2193150e5009482e)

running 2 tests
test signature_matches_independent_node_crypto_vector ... ok
test rotation_signs_with_current_and_previous_keys_without_changing_the_message ... ok

test result: ok. 2 passed; 0 failed; 0 ignored; 0 measured; 0 filtered out; finished in 0.00s

     Running unittests src/lib.rs (target/debug/deps/rom_kafka-554bc47033f0c56d)

running 4 tests
test config_tests::transactional_configuration_is_refused_without_reinterpreting_it ... ok
test config_tests::minimum_deadline_remains_finite_and_native_socket_timeout_is_valid ... ok
test config_tests::native_aliases_cannot_weaken_acknowledgement_or_retry_bounds ... ok
test delivery::tests::real_native_queue_full_refuses_before_enqueue_without_retiring ... ok

test result: ok. 4 passed; 0 failed; 0 ignored; 0 measured; 0 filtered out; finished in 0.20s

     Running unittests src/lib.rs (target/debug/deps/rom_nats-1c8f33075241e8cc)

running 0 tests

test result: ok. 0 passed; 0 failed; 0 ignored; 0 measured; 0 filtered out; finished in 0.00s

     Running unittests src/lib.rs (target/debug/deps/rom_oidc_presets-5c519787b5d1ea19)

running 0 tests

test result: ok. 0 passed; 0 failed; 0 ignored; 0 measured; 0 filtered out; finished in 0.00s

     Running tests/configuration.rs (target/debug/deps/configuration-48d27316d426e22d)

running 6 tests
test entra_binds_one_concrete_tenant ... ok
test configuration_delegates_names_and_does_not_fetch_keys ... ok
test exact_issuer_preserves_the_original_binding ... ok
test invalid_issuer_forms_are_rejected ... ok
test unicode_whitespace_and_controls_are_rejected_before_url_parsing ... ok
test keycloak_keeps_the_deployment_context_path ... ok

test result: ok. 6 passed; 0 failed; 0 ignored; 0 measured; 0 filtered out; finished in 0.00s

     Running tests/verification.rs (target/debug/deps/verification-aa92aca4f1f8e721)

running 3 tests
test rotation_replaces_keys_without_changing_the_issuer_or_profile ... ok
test every_preset_preserves_rom_human_evidence_and_expiry ... ok
test binding_expiry_and_signature_failures_cannot_create_evidence ... ok

test result: ok. 3 passed; 0 failed; 0 ignored; 0 measured; 0 filtered out; finished in 0.14s

     Running unittests src/lib.rs (target/debug/deps/rom_rabbitmq-a69951e83bee65f6)

running 0 tests

test result: ok. 0 passed; 0 failed; 0 ignored; 0 measured; 0 filtered out; finished in 0.00s

     Running unittests src/lib.rs (target/debug/deps/rom_sql_core-3b3abcab3f618c41)

running 0 tests

test result: ok. 0 passed; 0 failed; 0 ignored; 0 measured; 0 filtered out; finished in 0.00s

     Running tests/executor.rs (target/debug/deps/executor-d25b2c9f4e290f13)

running 13 tests
test invalid_capacity_rejects_before_connection_initialization ... ok
test terminal_responses_are_consumed_once_even_after_failure ... ok
test full_queue_rejects_before_running_the_operation ... ok
test close_stops_admission_but_drains_accepted_operations ... ok
test connection_is_created_and_used_on_its_worker_even_when_not_send ... ok
test recursive_use_rejects_instead_of_deadlocking_the_connection ... ok
test discarding_a_ticket_does_not_discard_an_admitted_operation ... ok
test waiting_deadline_preserves_ticket_and_does_not_cancel_admitted_work ... ok
test shutdown_joins_connection_destruction_and_reports_destructor_panics ... ok
test panicking_operation_has_unknown_outcome_and_retires_connection ... ok
test dropping_last_handle_allows_admitted_work_to_finish ... ok
test initialization_errors_and_panics_are_reported_before_admission ... ok
test cloned_handles_serialize_connection_operations ... ok

test result: ok. 13 passed; 0 failed; 0 ignored; 0 measured; 0 filtered out; finished in 0.00s

     Running unittests src/lib.rs (target/debug/deps/rom_webhook-92aec7b11bf0cedd)

running 0 tests

test result: ok. 0 passed; 0 failed; 0 ignored; 0 measured; 0 filtered out; finished in 0.00s

     Running tests/https.rs (target/debug/deps/https-95de43741d319ec9)

running 0 tests

test result: ok. 0 passed; 0 failed; 0 ignored; 0 measured; 0 filtered out; finished in 0.00s

     Running tests/policy.rs (target/debug/deps/policy-ac433fc2d590412d)

running 2 tests
test refuses_unbounded_or_inconsistent_transport_limits ... ok
test refuses_non_public_resolutions_and_ambiguous_urls ... ok

test result: ok. 2 passed; 0 failed; 0 ignored; 0 measured; 0 filtered out; finished in 0.00s

     Running tests/runtime.rs (target/debug/deps/runtime-776e877f3ca487d7)

running 0 tests

test result: ok. 0 passed; 0 failed; 0 ignored; 0 measured; 0 filtered out; finished in 0.00s

   Doc-tests rom_azure_blob

running 0 tests

test result: ok. 0 passed; 0 failed; 0 ignored; 0 measured; 0 filtered out; finished in 0.00s

   Doc-tests rom_delivery_core

running 1 test
test crates/rom-delivery-core/src/lib.rs - (line 7) ... ok

test result: ok. 1 passed; 0 failed; 0 ignored; 0 measured; 0 filtered out; finished in 0.00s

all doctests ran in 0.32s; merged doctests compilation took 0.31s
   Doc-tests rom_kafka

running 0 tests

test result: ok. 0 passed; 0 failed; 0 ignored; 0 measured; 0 filtered out; finished in 0.00s

   Doc-tests rom_nats

running 0 tests

test result: ok. 0 passed; 0 failed; 0 ignored; 0 measured; 0 filtered out; finished in 0.00s

   Doc-tests rom_oidc_presets

running 1 test
test crates/rom-oidc-presets/src/lib.rs - (line 6) ... ok

test result: ok. 1 passed; 0 failed; 0 ignored; 0 measured; 0 filtered out; finished in 0.00s

all doctests ran in 0.29s; merged doctests compilation took 0.28s
   Doc-tests rom_rabbitmq

running 0 tests

test result: ok. 0 passed; 0 failed; 0 ignored; 0 measured; 0 filtered out; finished in 0.00s

   Doc-tests rom_sql_core

running 1 test
test crates/rom-sql-core/src/lib.rs - (line 7) ... ok

test result: ok. 1 passed; 0 failed; 0 ignored; 0 measured; 0 filtered out; finished in 0.00s

all doctests ran in 0.34s; merged doctests compilation took 0.34s
   Doc-tests rom_webhook

running 0 tests

test result: ok. 0 passed; 0 failed; 0 ignored; 0 measured; 0 filtered out; finished in 0.00s

    Finished `test` profile [unoptimized + debuginfo] target(s) in 0.25s
     Running unittests src/lib.rs (target/debug/deps/rom_webhook-ea45fc455bcf889a)

running 0 tests

test result: ok. 0 passed; 0 failed; 0 ignored; 0 measured; 0 filtered out; finished in 0.00s

     Running tests/https.rs (target/debug/deps/https-03edca90e99b0a5b)

running 2 tests
test common::directory::tests::simultaneous_receivers_with_equal_clock_stamps_have_private_databases ... ok
(node:3043758) ExperimentalWarning: SQLite is an experimental feature and might change at any time
(Use `node --trace-warnings ...` to show where the warning was created)
test delivers_signed_exact_bytes_and_preserves_uncertainty ... ok

test result: ok. 2 passed; 0 failed; 0 ignored; 0 measured; 0 filtered out; finished in 0.74s

     Running tests/policy.rs (target/debug/deps/policy-2cc1dc3a1f69ac2d)

running 2 tests
test refuses_unbounded_or_inconsistent_transport_limits ... ok
test refuses_non_public_resolutions_and_ambiguous_urls ... ok

test result: ok. 2 passed; 0 failed; 0 ignored; 0 measured; 0 filtered out; finished in 0.00s

     Running tests/runtime.rs (target/debug/deps/runtime-baad6e5ce1c53eba)

running 4 tests
test common::directory::tests::simultaneous_receivers_with_equal_clock_stamps_have_private_databases ... ok
(node:3043808) ExperimentalWarning: SQLite is an experimental feature and might change at any time
(Use `node --trace-warnings ...` to show where the warning was created)
(node:3043807) ExperimentalWarning: SQLite is an experimental feature and might change at any time
(Use `node --trace-warnings ...` to show where the warning was created)
(node:3043825) ExperimentalWarning: SQLite is an experimental feature and might change at any time
(Use `node --trace-warnings ...` to show where the warning was created)
(node:3043856) ExperimentalWarning: SQLite is an experimental feature and might change at any time
(Use `node --trace-warnings ...` to show where the warning was created)
(node:3043879) ExperimentalWarning: SQLite is an experimental feature and might change at any time
(Use `node --trace-warnings ...` to show where the warning was created)
(node:3043894) ExperimentalWarning: SQLite is an experimental feature and might change at any time
(Use `node --trace-warnings ...` to show where the warning was created)
test source_disclosure_revocation_stops_pending_payload_before_transport ... ok
(node:3043909) ExperimentalWarning: SQLite is an experimental feature and might change at any time
(Use `node --trace-warnings ...` to show where the warning was created)
test durable_intent_reopen_delivery_and_revocation ... ok
(node:3043931) ExperimentalWarning: SQLite is an experimental feature and might change at any time
(Use `node --trace-warnings ...` to show where the warning was created)
test lost_ack_retry_survives_receiver_restart_and_attempt_budget_is_finite ... ok

test result: ok. 4 passed; 0 failed; 0 ignored; 0 measured; 0 filtered out; finished in 1.12s

   Doc-tests rom_webhook

running 0 tests

test result: ok. 0 passed; 0 failed; 0 ignored; 0 measured; 0 filtered out; finished in 0.00s

    Checking rom-delivery-core v0.1.0-dev (/root/ROM-extras/crates/rom-delivery-core)
    Checking rom-webhook v0.1.0-dev (/root/ROM-extras/crates/rom-webhook)
    Finished `dev` profile [unoptimized + debuginfo] target(s) in 0.44s
    Finished `test` profile [unoptimized + debuginfo] target(s) in 0.27s
   Doc-tests rom_azure_blob

running 0 tests

test result: ok. 0 passed; 0 failed; 0 ignored; 0 measured; 0 filtered out; finished in 0.00s

   Doc-tests rom_delivery_core

running 1 test
test crates/rom-delivery-core/src/lib.rs - (line 7) ... ok

test result: ok. 1 passed; 0 failed; 0 ignored; 0 measured; 0 filtered out; finished in 0.00s

all doctests ran in 0.29s; merged doctests compilation took 0.28s
   Doc-tests rom_kafka

running 0 tests

test result: ok. 0 passed; 0 failed; 0 ignored; 0 measured; 0 filtered out; finished in 0.00s

   Doc-tests rom_nats

running 0 tests

test result: ok. 0 passed; 0 failed; 0 ignored; 0 measured; 0 filtered out; finished in 0.00s

   Doc-tests rom_oidc_presets

running 1 test
test crates/rom-oidc-presets/src/lib.rs - (line 6) ... ok

test result: ok. 1 passed; 0 failed; 0 ignored; 0 measured; 0 filtered out; finished in 0.00s

all doctests ran in 0.27s; merged doctests compilation took 0.26s
   Doc-tests rom_rabbitmq

running 0 tests

test result: ok. 0 passed; 0 failed; 0 ignored; 0 measured; 0 filtered out; finished in 0.00s

   Doc-tests rom_sql_core

running 1 test
test crates/rom-sql-core/src/lib.rs - (line 7) ... ok

test result: ok. 1 passed; 0 failed; 0 ignored; 0 measured; 0 filtered out; finished in 0.00s

all doctests ran in 0.32s; merged doctests compilation took 0.32s
   Doc-tests rom_webhook

running 0 tests

test result: ok. 0 passed; 0 failed; 0 ignored; 0 measured; 0 filtered out; finished in 0.00s

    Checking h2 v0.4.20
    Checking rom-delivery-core v0.1.0-dev (/root/ROM-extras/crates/rom-delivery-core)
 Documenting rom-delivery-core v0.1.0-dev (/root/ROM-extras/crates/rom-delivery-core)
 Documenting rom-oidc-presets v0.1.0-dev (/root/ROM-extras/crates/rom-oidc-presets)
 Documenting rom-rabbitmq v0.1.0-dev (/root/ROM-extras/crates/rom-rabbitmq)
 Documenting rom-kafka v0.1.0-dev (/root/ROM-extras/crates/rom-kafka)
 Documenting rom-nats v0.1.0-dev (/root/ROM-extras/crates/rom-nats)
    Checking hyper v1.12.0
    Checking hyper-util v0.1.21
    Checking hyper-rustls v0.27.10
    Checking reqwest v0.13.5
    Checking object_store v0.14.2
 Documenting rom-webhook v0.1.0-dev (/root/ROM-extras/crates/rom-webhook)
 Documenting rom-azure-blob v0.1.0-dev (/root/ROM-extras/crates/rom-azure-blob)
    Finished `dev` profile [unoptimized + debuginfo] target(s) in 4.58s
   Generated /root/ROM-extras/target/doc/rom_azure_blob/index.html and 7 other files
    Checking rom-webhook v0.1.0-dev (/root/ROM-extras/crates/rom-webhook)
    Checking rom-rabbitmq v0.1.0-dev (/root/ROM-extras/crates/rom-rabbitmq)
    Checking rom-kafka v0.1.0-dev (/root/ROM-extras/crates/rom-kafka)
    Checking rom-oidc-presets v0.1.0-dev (/root/ROM-extras/crates/rom-oidc-presets)
    Checking rom-nats v0.1.0-dev (/root/ROM-extras/crates/rom-nats)
    Checking rom-azure-blob v0.1.0-dev (/root/ROM-extras/crates/rom-azure-blob)
    Finished `dev` profile [unoptimized + debuginfo] target(s) in 0.31s
    Finished `dev` profile [unoptimized + debuginfo] target(s) in 0.06s
   Compiling rom-azure-blob v0.1.0-dev (/root/ROM-extras/crates/rom-azure-blob)
   Compiling rom-extras-public-consumer v0.0.0 (/root/ROM-extras/tests/public-consumer)
    Finished `dev` profile [unoptimized + debuginfo] target(s) in 1.11s
     Running `tests/public-consumer/target/debug/rom-extras-public-consumer`
Public custom field, connection execution, issuer preset, and bounded delivery verified.
    Checking rom-azure-blob v0.1.0-dev (/root/ROM-extras/crates/rom-azure-blob)
    Checking rom-extras-public-consumer v0.0.0 (/root/ROM-extras/tests/public-consumer)
    Finished `dev` profile [unoptimized + debuginfo] target(s) in 0.39s
    Finished `dev` profile [unoptimized + debuginfo] target(s) in 0.14s
   Compiling hyper v1.12.0
   Compiling rom v0.0.3 (https://github.com/pmikstacki/ROM?rev=d7ef529040eec60dc869034c2d33130219db85fe#d7ef5290)
   Compiling amq-protocol-tcp v10.6.3
   Compiling rdkafka v0.39.0
   Compiling tokio-postgres v0.7.18
   Compiling rom-oidc-presets v0.1.0-dev (/root/ROM-extras/crates/rom-oidc-presets)
   Compiling amq-protocol v10.6.3
   Compiling hyper-util v0.1.21
   Compiling lapin v4.12.0
   Compiling postgres v0.19.14
   Compiling hyper-rustls v0.27.10
   Compiling reqwest v0.13.5
   Compiling rom-delivery-core v0.1.0-dev (/root/ROM-extras/crates/rom-delivery-core)
   Compiling rom-blob v0.0.3 (https://github.com/pmikstacki/ROM?rev=d7ef529040eec60dc869034c2d33130219db85fe#d7ef5290)
   Compiling rom-nats v0.1.0-dev (/root/ROM-extras/crates/rom-nats)
   Compiling rom-kafka v0.1.0-dev (/root/ROM-extras/crates/rom-kafka)
   Compiling object_store v0.14.2
   Compiling rom-webhook v0.1.0-dev (/root/ROM-extras/crates/rom-webhook)
   Compiling rom-rabbitmq v0.1.0-dev (/root/ROM-extras/crates/rom-rabbitmq)
   Compiling rom-azure-blob v0.1.0-dev (/root/ROM-extras/crates/rom-azure-blob)
   Compiling rom-extras-public-consumer v0.0.0 (/root/ROM-extras/tests/public-consumer)
    Finished `test` profile [unoptimized + debuginfo] target(s) in 8.21s
     Running tests/postgres_executor.rs (tests/public-consumer/target/debug/deps/postgres_executor-a1f5f034f74f9874)

running 3 tests
test postgres_client_runs_on_its_worker_inside_a_tokio_caller ... ok
test a_driver_job_panic_retires_its_connection_and_rolls_back_uncommitted_sql ... ok
test waiting_deadline_does_not_cancel_the_real_database_commit ... ok

test result: ok. 3 passed; 0 failed; 0 ignored; 0 measured; 0 filtered out; finished in 0.33s

    Checking rom v0.0.3 (https://github.com/pmikstacki/ROM?rev=d7ef529040eec60dc869034c2d33130219db85fe#d7ef5290)
    Checking hyper v1.12.0
    Checking amq-protocol-tcp v10.6.3
    Checking rdkafka v0.39.0
    Checking tokio-postgres v0.7.18
    Checking rom-oidc-presets v0.1.0-dev (/root/ROM-extras/crates/rom-oidc-presets)
    Checking amq-protocol v10.6.3
    Checking hyper-util v0.1.21
    Checking lapin v4.12.0
    Checking postgres v0.19.14
    Checking hyper-rustls v0.27.10
    Checking reqwest v0.13.5
    Checking object_store v0.14.2
    Checking rom-delivery-core v0.1.0-dev (/root/ROM-extras/crates/rom-delivery-core)
    Checking rom-blob v0.0.3 (https://github.com/pmikstacki/ROM?rev=d7ef529040eec60dc869034c2d33130219db85fe#d7ef5290)
    Checking rom-nats v0.1.0-dev (/root/ROM-extras/crates/rom-nats)
    Checking rom-kafka v0.1.0-dev (/root/ROM-extras/crates/rom-kafka)
    Checking rom-webhook v0.1.0-dev (/root/ROM-extras/crates/rom-webhook)
    Checking rom-rabbitmq v0.1.0-dev (/root/ROM-extras/crates/rom-rabbitmq)
    Checking rom-azure-blob v0.1.0-dev (/root/ROM-extras/crates/rom-azure-blob)
    Checking rom-extras-public-consumer v0.0.0 (/root/ROM-extras/tests/public-consumer)
    Finished `dev` profile [unoptimized + debuginfo] target(s) in 4.40s
   Compiling tokio-util v0.7.19
   Compiling tower-http v0.6.11
   Compiling amq-protocol-tcp v10.6.3
   Compiling rdkafka v0.39.0
   Compiling rom-blob v0.0.3 (https://github.com/pmikstacki/ROM?rev=d7ef529040eec60dc869034c2d33130219db85fe#d7ef5290)
   Compiling amq-protocol v10.6.3
   Compiling h2 v0.4.20
   Compiling async-nats v0.50.0
   Compiling tiberius v0.13.0
   Compiling lapin v4.12.0
   Compiling rom-kafka v0.1.0-dev (/root/ROM-extras/crates/rom-kafka)
   Compiling hyper v1.12.0
   Compiling rom-rabbitmq v0.1.0-dev (/root/ROM-extras/crates/rom-rabbitmq)
   Compiling hyper-util v0.1.21
   Compiling rom-nats v0.1.0-dev (/root/ROM-extras/crates/rom-nats)
   Compiling hyper-rustls v0.27.10
   Compiling reqwest v0.13.5
   Compiling object_store v0.14.2
   Compiling rom-webhook v0.1.0-dev (/root/ROM-extras/crates/rom-webhook)
   Compiling rom-azure-blob v0.1.0-dev (/root/ROM-extras/crates/rom-azure-blob)
   Compiling rom-extras-public-consumer v0.0.0 (/root/ROM-extras/tests/public-consumer)
    Finished `test` profile [unoptimized + debuginfo] target(s) in 9.84s
     Running tests/mssql_executor.rs (tests/public-consumer/target/debug/deps/mssql_executor-c8117f43bb4d657d)

running 3 tests
test panic_retires_tds_connection_and_open_transaction_rolls_back ... ok
test caller_timeout_does_not_cancel_a_later_sql_server_commit ... ok
test async_tds_connection_runs_on_its_worker_inside_a_tokio_host ... ok

test result: ok. 3 passed; 0 failed; 0 ignored; 0 measured; 0 filtered out; finished in 0.26s

    Checking tokio-util v0.7.19
    Checking tower-http v0.6.11
    Checking amq-protocol-tcp v10.6.3
    Checking rom-blob v0.0.3 (https://github.com/pmikstacki/ROM?rev=d7ef529040eec60dc869034c2d33130219db85fe#d7ef5290)
    Checking rom-kafka v0.1.0-dev (/root/ROM-extras/crates/rom-kafka)
    Checking amq-protocol v10.6.3
    Checking h2 v0.4.20
    Checking async-nats v0.50.0
    Checking tiberius v0.13.0
    Checking lapin v4.12.0
    Checking hyper v1.12.0
    Checking rom-rabbitmq v0.1.0-dev (/root/ROM-extras/crates/rom-rabbitmq)
    Checking rom-nats v0.1.0-dev (/root/ROM-extras/crates/rom-nats)
    Checking hyper-util v0.1.21
    Checking hyper-rustls v0.27.10
    Checking reqwest v0.13.5
    Checking object_store v0.14.2
    Checking rom-webhook v0.1.0-dev (/root/ROM-extras/crates/rom-webhook)
    Checking rom-azure-blob v0.1.0-dev (/root/ROM-extras/crates/rom-azure-blob)
    Checking rom-extras-public-consumer v0.0.0 (/root/ROM-extras/tests/public-consumer)
    Finished `dev` profile [unoptimized + debuginfo] target(s) in 5.10s
   Compiling mysql v28.0.3
   Compiling rom-extras-public-consumer v0.0.0 (/root/ROM-extras/tests/public-consumer)
    Finished `test` profile [unoptimized + debuginfo] target(s) in 1.96s
     Running tests/mysql_executor.rs (tests/public-consumer/target/debug/deps/mysql_executor-d28d5a58b68876da)

running 5 tests
test acknowledged_binary_identities_survive_labelled_server_restart ... ok
test native_client_runs_on_executor_worker_and_checks_durable_profile ... Backend: 8.4.11
ok
test panic_retires_connection_and_uncommitted_rows_are_absent ... 
thread 'rom-sql-connection' (3047448) panicked at tests/mysql_executor.rs:145:13:
synthetic panic before native commit
note: run with `RUST_BACKTRACE=1` environment variable to display a backtrace
ok
test statement_failure_requires_explicit_whole_operation_rollback ... ok
test waiting_deadline_preserves_unknown_while_native_transaction_later_commits ... ok

test result: ok. 5 passed; 0 failed; 0 ignored; 0 measured; 0 filtered out; finished in 3.91s

    Finished `test` profile [unoptimized + debuginfo] target(s) in 0.12s
     Running tests/mysql_executor.rs (tests/public-consumer/target/debug/deps/mysql_executor-d28d5a58b68876da)

running 5 tests
test acknowledged_binary_identities_survive_labelled_server_restart ... ok
test native_client_runs_on_executor_worker_and_checks_durable_profile ... Backend: 11.8.9-MariaDB-ubu2404-log
ok
test panic_retires_connection_and_uncommitted_rows_are_absent ... 
thread 'rom-sql-connection' (3047692) panicked at tests/mysql_executor.rs:145:13:
synthetic panic before native commit
note: run with `RUST_BACKTRACE=1` environment variable to display a backtrace
ok
test statement_failure_requires_explicit_whole_operation_rollback ... ok
test waiting_deadline_preserves_unknown_while_native_transaction_later_commits ... ok

test result: ok. 5 passed; 0 failed; 0 ignored; 0 measured; 0 filtered out; finished in 2.04s

    Checking mysql v28.0.3
    Checking rom-extras-public-consumer v0.0.0 (/root/ROM-extras/tests/public-consumer)
    Finished `dev` profile [unoptimized + debuginfo] target(s) in 0.64s
    Finished `test` profile [unoptimized + debuginfo] target(s) in 0.19s
     Running tests/broker.rs (target/debug/deps/broker-1a855445af656caa)

running 1 test
test acknowledges_exact_payload_and_deduplicates_after_broker_restart ... ok

test result: ok. 1 passed; 0 failed; 0 ignored; 0 measured; 0 filtered out; finished in 1.85s

    Finished `test` profile [unoptimized + debuginfo] target(s) in 0.08s
     Running tests/ack_loss.rs (target/debug/deps/ack_loss-ef3e76a99f9dc87a)

running 1 test
test dropped_publish_ack_preserves_message_and_retry_identity ... ok

test result: ok. 1 passed; 0 failed; 0 ignored; 0 measured; 0 filtered out; finished in 2.12s

     Running tests/runtime.rs (target/debug/deps/runtime-b0f615078591f0ef)

running 1 test
test reopened_runtime_retries_committed_intent_and_rechecks_authority ... ok

test result: ok. 1 passed; 0 failed; 0 ignored; 0 measured; 0 filtered out; finished in 4.83s

     Running tests/tls.rs (target/debug/deps/tls-ece5b3646b8b39f3)

running 1 test
test tls_first_verifies_identity_and_reconnects_same_client_after_restart ... ok

test result: ok. 1 passed; 0 failed; 0 ignored; 0 measured; 0 filtered out; finished in 3.69s

    Checking rom-delivery-core v0.1.0-dev (/root/ROM-extras/crates/rom-delivery-core)
    Checking rom-nats v0.1.0-dev (/root/ROM-extras/crates/rom-nats)
    Finished `dev` profile [unoptimized + debuginfo] target(s) in 0.56s
   Compiling rom-extras-public-consumer v0.0.0 (/root/ROM-extras/tests/public-consumer)
    Finished `test` profile [unoptimized + debuginfo] target(s) in 1.50s
     Running tests/nats_delivery.rs (tests/public-consumer/target/debug/deps/nats_delivery-140ba467f9d5a12e)

running 2 tests
test public_adapter_gets_real_jetstream_acknowledgement ... ok
test public_adapter_gets_ca_verified_tls_acknowledgement ... ok

test result: ok. 2 passed; 0 failed; 0 ignored; 0 measured; 0 filtered out; finished in 0.07s

    Checking rom-extras-public-consumer v0.0.0 (/root/ROM-extras/tests/public-consumer)
    Finished `dev` profile [unoptimized + debuginfo] target(s) in 0.25s
    Finished `test` profile [unoptimized + debuginfo] target(s) in 0.20s
     Running tests/broker.rs (target/debug/deps/broker-c55cecfc88f9b2d0)

running 1 test
test confirms_persistence_return_and_redelivery_after_restart ... ok

test result: ok. 1 passed; 0 failed; 0 ignored; 0 measured; 0 filtered out; finished in 8.33s

    Finished `test` profile [unoptimized + debuginfo] target(s) in 0.11s
     Running tests/runtime.rs (target/debug/deps/runtime-256ca078a646ff0f)

running 1 test
test reopened_runtime_retries_committed_message_and_receiver_deduplicates_durably ... ok

test result: ok. 1 passed; 0 failed; 0 ignored; 0 measured; 0 filtered out; finished in 4.99s

    Finished `test` profile [unoptimized + debuginfo] target(s) in 0.12s
     Running tests/tls.rs (target/debug/deps/tls-c7c259ec8174afd9)

running 1 test
test tls_verifies_ca_hostname_password_and_confirms_persistent_payload ... ok

test result: ok. 1 passed; 0 failed; 0 ignored; 0 measured; 0 filtered out; finished in 7.09s

    Checking rom-delivery-core v0.1.0-dev (/root/ROM-extras/crates/rom-delivery-core)
    Checking rom-rabbitmq v0.1.0-dev (/root/ROM-extras/crates/rom-rabbitmq)
    Finished `dev` profile [unoptimized + debuginfo] target(s) in 0.51s
   Compiling rom-extras-public-consumer v0.0.0 (/root/ROM-extras/tests/public-consumer)
    Finished `test` profile [unoptimized + debuginfo] target(s) in 2.57s
     Running tests/rabbitmq_delivery.rs (tests/public-consumer/target/debug/deps/rabbitmq_delivery-e302ee029a19336b)

running 2 tests
test external_consumer_receives_confirmed_persistent_false_payload ... ok
test external_consumer_receives_ca_verified_tls_confirmation ... ok

test result: ok. 2 passed; 0 failed; 0 ignored; 0 measured; 0 filtered out; finished in 0.22s

    Checking rom-extras-public-consumer v0.0.0 (/root/ROM-extras/tests/public-consumer)
    Finished `dev` profile [unoptimized + debuginfo] target(s) in 0.33s
TAP version 13
# Subtest: flexible metadata rewrites only the broker port, with nullable rack and tags
ok 1 - flexible metadata rewrites only the broker port, with nullable rack and tags
  ---
  duration_ms: 2.362884
  type: 'test'
  ...
# Subtest: metadata refuses another endpoint and truncated fields
ok 2 - metadata refuses another endpoint and truncated fields
  ---
  duration_ms: 0.64053
  type: 'test'
  ...
# Subtest: drop witness requires successful Produce acknowledgement and real offset
ok 3 - drop witness requires successful Produce acknowledgement and real offset
  ---
  duration_ms: 0.387548
  type: 'test'
  ...
1..3
# tests 3
# suites 0
# pass 3
# fail 0
# cancelled 0
# skipped 0
# todo 0
# duration_ms 61.972749
    Finished `test` profile [unoptimized + debuginfo] target(s) in 0.12s
     Running tests/broker.rs (target/debug/deps/broker-b674d5bf6dc941d3)

running 1 test
test real_offsets_keys_duplicates_restart_and_cancelled_publication ... ok

test result: ok. 1 passed; 0 failed; 0 ignored; 0 measured; 0 filtered out; finished in 17.30s

    Finished `test` profile [unoptimized + debuginfo] target(s) in 0.09s
     Running tests/ack_loss.rs (target/debug/deps/ack_loss-2c0bff3388f5d621)

running 1 test
test successful_broker_write_precedes_unknown_and_same_identity_retry ... ok

test result: ok. 1 passed; 0 failed; 0 ignored; 0 measured; 0 filtered out; finished in 12.93s

    Finished `test` profile [unoptimized + debuginfo] target(s) in 0.08s
     Running tests/runtime.rs (target/debug/deps/runtime-14a5789767362fe3)

running 2 tests
test native_unknown_attempt_budget_stops_durably_without_creating_topic ... ok
test reopened_runtime_retries_same_identity_and_receiver_replays_durable_receipt ... ok

test result: ok. 2 passed; 0 failed; 0 ignored; 0 measured; 0 filtered out; finished in 30.37s

    Finished `test` profile [unoptimized + debuginfo] target(s) in 0.23s
     Running tests/tls.rs (target/debug/deps/tls-c4910e585151b008)

running 1 test
test verified_sasl_tls_rejects_bad_peers_and_reconnects_after_restart ... ok

test result: ok. 1 passed; 0 failed; 0 ignored; 0 measured; 0 filtered out; finished in 34.30s

    Checking rom-delivery-core v0.1.0-dev (/root/ROM-extras/crates/rom-delivery-core)
    Checking rom-kafka v0.1.0-dev (/root/ROM-extras/crates/rom-kafka)
    Finished `dev` profile [unoptimized + debuginfo] target(s) in 0.48s
   Compiling rom-extras-public-consumer v0.0.0 (/root/ROM-extras/tests/public-consumer)
    Finished `test` profile [unoptimized + debuginfo] target(s) in 1.01s
     Running tests/kafka_delivery.rs (tests/public-consumer/target/debug/deps/kafka_delivery-26966ca770eb489e)

running 2 tests
test external_consumer_receives_acknowledged_false_json_with_stable_key ... ok
test external_consumer_receives_verified_sasl_tls_publication ... ok

test result: ok. 2 passed; 0 failed; 0 ignored; 0 measured; 0 filtered out; finished in 0.87s

    Checking rom-extras-public-consumer v0.0.0 (/root/ROM-extras/tests/public-consumer)
    Finished `dev` profile [unoptimized + debuginfo] target(s) in 0.30s
   Compiling rom-azure-blob v0.1.0-dev (/root/ROM-extras/crates/rom-azure-blob)
    Finished `test` profile [unoptimized + debuginfo] target(s) in 1.47s
     Running unittests src/lib.rs (target/debug/deps/rom_azure_blob-5066ba3e39fde0c7)

running 0 tests

test result: ok. 0 passed; 0 failed; 0 ignored; 0 measured; 0 filtered out; finished in 0.00s

     Running tests/configuration.rs (target/debug/deps/configuration-9a9cbd9621573753)

running 3 tests
test malformed_credentials_and_unbounded_limits_are_rejected ... ok
test unsafe_endpoints_are_refused_with_valid_credentials ... ok
test valid_cloud_and_emulator_configuration_construct_clients ... ok

test result: ok. 3 passed; 0 failed; 0 ignored; 0 measured; 0 filtered out; finished in 0.05s

     Running tests/emulator.rs (target/debug/deps/emulator-9dab41c85db20687)

running 3 tests
test wrong_account_key_is_confirmed_denied ... ok
test false_payload_retains_metadata_and_bytes_after_emulator_restart ... ok
test published_blob_contract_passes_against_azurite ... ok

test result: ok. 3 passed; 0 failed; 0 ignored; 0 measured; 0 filtered out; finished in 5.77s

     Running tests/interruption.rs (target/debug/deps/interruption-ebefcc98997dd5e3)

running 2 tests
test etag_change_between_metadata_and_body_is_refused ... ok
test busy_admission_refuses_extra_request_and_unacknowledged_write_is_unknown ... ok

test result: ok. 2 passed; 0 failed; 0 ignored; 0 measured; 0 filtered out; finished in 0.53s

   Doc-tests rom_azure_blob

running 0 tests

test result: ok. 0 passed; 0 failed; 0 ignored; 0 measured; 0 filtered out; finished in 0.00s

    Checking rom-azure-blob v0.1.0-dev (/root/ROM-extras/crates/rom-azure-blob)
    Finished `dev` profile [unoptimized + debuginfo] target(s) in 0.82s
   Compiling rom-extras-public-consumer v0.0.0 (/root/ROM-extras/tests/public-consumer)
    Finished `test` profile [unoptimized + debuginfo] target(s) in 0.61s
     Running tests/azure_blob.rs (tests/public-consumer/target/debug/deps/azure_blob-5c12a0cb78d6ac02)

running 1 test
test public_consumer_preserves_false_and_create_only_contract ... ok

test result: ok. 1 passed; 0 failed; 0 ignored; 0 measured; 0 filtered out; finished in 0.06s

    Checking rom-extras-public-consumer v0.0.0 (/root/ROM-extras/tests/public-consumer)
    Finished `dev` profile [unoptimized + debuginfo] target(s) in 0.25s
