   Compiling rom-azure-blob v0.1.0-dev (/root/ROM-extras/crates/rom-azure-blob)
    Finished `test` profile [unoptimized + debuginfo] target(s) in 0.92s
     Running unittests src/lib.rs (target/debug/deps/rom_azure_blob-5066ba3e39fde0c7)

running 0 tests

test result: ok. 0 passed; 0 failed; 0 ignored; 0 measured; 0 filtered out; finished in 0.00s

     Running tests/configuration.rs (target/debug/deps/configuration-9a9cbd9621573753)

running 3 tests
test malformed_credentials_and_unbounded_limits_are_rejected ... ok
test unsafe_endpoints_are_refused_with_valid_credentials ... ok
test valid_cloud_and_emulator_configuration_construct_clients ... ok

test result: ok. 3 passed; 0 failed; 0 ignored; 0 measured; 0 filtered out; finished in 0.05s

     Running tests/emulator.rs (target/debug/deps/emulator-9dab41c85db20687)

running 3 tests
test false_payload_retains_metadata_and_bytes_after_emulator_restart ... ok
test published_blob_contract_passes_against_azurite ... ok
test wrong_account_key_is_confirmed_denied ... ok

test result: ok. 3 passed; 0 failed; 0 ignored; 0 measured; 0 filtered out; finished in 2.33s

     Running tests/interruption.rs (target/debug/deps/interruption-ebefcc98997dd5e3)

running 2 tests
test etag_change_between_metadata_and_body_is_refused ... ok
test busy_admission_refuses_extra_request_and_unacknowledged_write_is_unknown ... ok

test result: ok. 2 passed; 0 failed; 0 ignored; 0 measured; 0 filtered out; finished in 0.53s

   Doc-tests rom_azure_blob

running 0 tests

test result: ok. 0 passed; 0 failed; 0 ignored; 0 measured; 0 filtered out; finished in 0.00s

    Checking rom-azure-blob v0.1.0-dev (/root/ROM-extras/crates/rom-azure-blob)
    Finished `dev` profile [unoptimized + debuginfo] target(s) in 0.47s
   Compiling rom-azure-blob v0.1.0-dev (/root/ROM-extras/crates/rom-azure-blob)
   Compiling rom-extras-public-consumer v0.0.0 (/root/ROM-extras/tests/public-consumer)
    Finished `test` profile [unoptimized + debuginfo] target(s) in 1.26s
     Running tests/azure_blob.rs (tests/public-consumer/target/debug/deps/azure_blob-5c12a0cb78d6ac02)

running 1 test
test public_consumer_preserves_false_and_create_only_contract ... ok

test result: ok. 1 passed; 0 failed; 0 ignored; 0 measured; 0 filtered out; finished in 0.05s

    Checking form_urlencoded v1.2.2
    Checking futures-util v0.3.34
    Checking either v1.19.0
    Checking tokio-util v0.7.19
    Checking hashbrown v0.17.1
    Checking equivalent v1.0.2
    Checking fnv v1.0.7
    Checking ryu v1.0.23
    Checking iana-time-zone v0.1.65
    Checking quick-xml v0.41.0
    Checking humantime v2.4.0
    Checking chrono v0.4.45
    Checking url v2.5.8
    Checking serde_urlencoded v0.7.1
    Checking rayon v1.12.0
    Checking itertools v0.15.0
    Checking indexmap v2.14.2
    Checking amq-protocol-uri v10.6.3
    Checking rom-oidc-presets v0.1.0-dev (/root/ROM-extras/crates/rom-oidc-presets)
    Checking amq-protocol-tcp v10.6.3
    Checking amq-protocol v10.6.3
    Checking h2 v0.4.20
    Checking tower v0.5.3
    Checking async-nats v0.50.0
    Checking rdkafka v0.39.0
    Checking lapin v4.12.0
    Checking rom v0.0.3 (https://github.com/pmikstacki/ROM?rev=d7ef529040eec60dc869034c2d33130219db85fe#d7ef5290)
    Checking tower-http v0.6.11
    Checking hyper v1.12.0
    Checking hyper-util v0.1.21
    Checking rom-delivery-core v0.1.0-dev (/root/ROM-extras/crates/rom-delivery-core)
    Checking rom-blob v0.0.3 (https://github.com/pmikstacki/ROM?rev=d7ef529040eec60dc869034c2d33130219db85fe#d7ef5290)
    Checking rom-rabbitmq v0.1.0-dev (/root/ROM-extras/crates/rom-rabbitmq)
    Checking rom-kafka v0.1.0-dev (/root/ROM-extras/crates/rom-kafka)
    Checking hyper-rustls v0.27.10
    Checking rom-nats v0.1.0-dev (/root/ROM-extras/crates/rom-nats)
    Checking reqwest v0.13.5
    Checking object_store v0.14.2
    Checking rom-webhook v0.1.0-dev (/root/ROM-extras/crates/rom-webhook)
    Checking rom-azure-blob v0.1.0-dev (/root/ROM-extras/crates/rom-azure-blob)
    Checking rom-extras-public-consumer v0.0.0 (/root/ROM-extras/tests/public-consumer)
    Finished `dev` profile [unoptimized + debuginfo] target(s) in 7.13s
