   Compiling foldhash v0.2.0
   Compiling indexmap v2.14.2
   Compiling libsqlite3-sys v0.38.2
   Compiling rom-backup v0.0.3 (https://github.com/pmikstacki/ROM?rev=d7ef529040eec60dc869034c2d33130219db85fe#d7ef5290)
   Compiling fallible-iterator v0.3.0
   Compiling fallible-streaming-iterator v0.1.9
   Compiling redb v4.3.0
   Compiling hashbrown v0.17.1
   Compiling toml_edit v0.25.16+spec-1.1.0
   Compiling hashlink v0.12.2
   Compiling rusqlite v0.40.2
   Compiling h2 v0.4.20
   Compiling proc-macro-crate v3.5.0
   Compiling num_enum_derive v0.7.6
   Compiling rom-sqlite v0.0.3 (https://github.com/pmikstacki/ROM?rev=d7ef529040eec60dc869034c2d33130219db85fe#d7ef5290)
   Compiling num_enum v0.7.6
   Compiling rdkafka-sys v4.10.0+2.12.1
   Compiling rdkafka v0.39.0
   Compiling rom-redb v0.0.3 (https://github.com/pmikstacki/ROM?rev=d7ef529040eec60dc869034c2d33130219db85fe#d7ef5290)
   Compiling hyper v1.12.0
   Compiling rom-kafka v0.1.0-dev (/root/ROM-extras/crates/rom-kafka)
   Compiling hyper-util v0.1.21
   Compiling hyper-rustls v0.27.10
   Compiling reqwest v0.13.5
   Compiling object_store v0.14.2
   Compiling rom-webhook v0.1.0-dev (/root/ROM-extras/crates/rom-webhook)
   Compiling rom-azure-blob v0.1.0-dev (/root/ROM-extras/crates/rom-azure-blob)
   Compiling rom-blob-object-store v0.0.3 (https://github.com/pmikstacki/ROM?rev=d7ef529040eec60dc869034c2d33130219db85fe#d7ef5290)
   Compiling rom-extras-public-consumer v0.0.0 (/root/ROM-extras/tests/public-consumer)
    Finished `test` profile [unoptimized + debuginfo] target(s) in 9.54s
     Running tests/s3_blob.rs (tests/public-consumer/target/debug/deps/s3_blob-326b9d1261ffae3f)

running 6 tests
test eight_way_create_has_one_winner_and_seven_confirmed_conflicts ... ok
test blob_service_attachment_authorization_and_detachment_survive_native_reopen ... ok
test confirmed_denial_and_restart_retention_pass_on_configured_s3_fixture ... ok
test uncertain_concurrent_creates_reconcile_without_overwrite_or_cleanup ... ok
test published_port_passes_on_configured_s3_fixture ... ok
test blob_service_deleted_reservation_retains_real_unattached_object ... ok

test result: ok. 6 passed; 0 failed; 0 ignored; 0 measured; 0 filtered out; finished in 2.20s

    Checking rom-extras-public-consumer v0.0.0 (/root/ROM-extras/tests/public-consumer)
    Finished `dev` profile [unoptimized + debuginfo] target(s) in 0.33s
