   Compiling rom-azure-blob v0.1.0-dev (/root/ROM-extras/crates/rom-azure-blob)
    Finished `test` profile [unoptimized + debuginfo] target(s) in 3.82s
     Running unittests src/lib.rs (target/debug/deps/rom_azure_blob-b5a9e0d4b6b50609)

running 0 tests

test result: ok. 0 passed; 0 failed; 0 ignored; 0 measured; 0 filtered out; finished in 0.00s

     Running tests/configuration.rs (target/debug/deps/configuration-d87ec740c65e4efc)

running 3 tests
test unsafe_endpoints_are_refused_with_valid_credentials ... ok
test malformed_credentials_and_unbounded_limits_are_rejected ... ok
test valid_cloud_and_emulator_configuration_construct_clients ... ok

test result: ok. 3 passed; 0 failed; 0 ignored; 0 measured; 0 filtered out; finished in 0.06s

     Running tests/emulator.rs (target/debug/deps/emulator-20e1a7dc926d9cb4)

running 3 tests
test false_payload_retains_metadata_and_bytes_after_emulator_restart ... ok
test published_blob_contract_passes_against_azurite ... ok
test wrong_account_key_is_confirmed_denied ... ok

test result: ok. 3 passed; 0 failed; 0 ignored; 0 measured; 0 filtered out; finished in 2.32s

     Running tests/interruption.rs (target/debug/deps/interruption-6c7d726326c76d70)

running 2 tests
test etag_change_between_metadata_and_body_is_refused ... ok
test busy_admission_refuses_extra_request_and_unacknowledged_write_is_unknown ... ok

test result: ok. 2 passed; 0 failed; 0 ignored; 0 measured; 0 filtered out; finished in 0.53s

     Running tests/lifecycle.rs (target/debug/deps/lifecycle-682ef4364eca1b33)

running 2 tests
test deleted_reservation_returns_real_unattached_object_without_implicit_cleanup ... ok
test staged_content_authorization_and_detachment_survive_native_reopen ... ok

test result: ok. 2 passed; 0 failed; 0 ignored; 0 measured; 0 filtered out; finished in 0.40s

   Doc-tests rom_azure_blob

running 0 tests

test result: ok. 0 passed; 0 failed; 0 ignored; 0 measured; 0 filtered out; finished in 0.00s

    Checking rom-azure-blob v0.1.0-dev (/root/ROM-extras/crates/rom-azure-blob)
    Finished `dev` profile [unoptimized + debuginfo] target(s) in 0.45s
   Compiling rom-extras-public-consumer v0.0.0 (/root/ROM-extras/tests/public-consumer)
    Finished `test` profile [unoptimized + debuginfo] target(s) in 0.70s
     Running tests/azure_blob.rs (tests/public-consumer/target/debug/deps/azure_blob-5c12a0cb78d6ac02)

running 1 test
test public_consumer_preserves_false_and_create_only_contract ... ok

test result: ok. 1 passed; 0 failed; 0 ignored; 0 measured; 0 filtered out; finished in 0.04s

    Checking rom-extras-public-consumer v0.0.0 (/root/ROM-extras/tests/public-consumer)
    Finished `dev` profile [unoptimized + debuginfo] target(s) in 0.42s
