rustc 1.99.0 (b940084d7 2026-09-28)
binary: rustc
commit-hash: b940084d7eb6a299eb4bfeb8e34901bc051e7ac4
commit-date: 2026-09-28
host: x86_64-unknown-linux-gnu
release: 1.99.0
LLVM version: 23.1.1
   Compiling syn v3.0.6
    Checking digest v0.10.7
    Checking sha2 v0.10.9
    Checking crossbeam-utils v0.8.23
    Checking crossbeam-epoch v0.9.21
    Checking crossbeam-deque v0.8.8
    Checking rayon-core v1.13.0
    Checking either v1.19.0
    Checking pin-project-lite v0.2.17
    Checking rayon v1.12.0
    Checking hmac v0.12.1
    Checking rom-sql-core v0.1.0-dev (/root/ROM-extras/crates/rom-sql-core)
   Compiling synstructure v0.14.0
   Compiling zerofrom-derive v0.1.8
   Compiling yoke-derive v0.8.4
   Compiling zerovec-derive v0.11.6
    Checking zerofrom v0.1.8
    Checking yoke v0.8.3
   Compiling displaydoc v0.2.7
   Compiling serde_derive v1.0.229
    Checking zerovec v0.11.8
    Checking tinystr v0.8.4
    Checking icu_locale_core v2.3.0
    Checking potential_utf v0.1.6
    Checking zerotrie v0.2.5
    Checking icu_provider v2.3.1
    Checking icu_collections v2.3.0
   Compiling thiserror-impl v2.0.21
    Checking serde v1.0.229
    Checking thiserror v2.0.21
    Checking icu_normalizer v2.3.0
    Checking icu_properties v2.3.0
    Checking simple_asn1 v0.6.4
   Compiling tokio-macros v2.7.2
    Checking tokio v1.53.1
    Checking idna_adapter v1.2.2
    Checking idna v1.1.0
    Checking jsonwebtoken v11.1.0
    Checking rom-auth v0.0.3 (https://github.com/pmikstacki/ROM?rev=d7ef529040eec60dc869034c2d33130219db85fe#d7ef5290)
    Checking url v2.5.8
    Checking rom-oidc-presets v0.1.0-dev (/root/ROM-extras/crates/rom-oidc-presets)
    Checking rom v0.0.3 (https://github.com/pmikstacki/ROM?rev=d7ef529040eec60dc869034c2d33130219db85fe#d7ef5290)
    Checking rom-delivery-core v0.1.0-dev (/root/ROM-extras/crates/rom-delivery-core)
    Finished `dev` profile [unoptimized + debuginfo] target(s) in 6.52s
   Compiling zerofrom v0.1.8
   Compiling digest v0.10.7
   Compiling yoke v0.8.3
   Compiling serde v1.0.229
   Compiling zerovec v0.11.8
   Compiling sha2 v0.10.9
   Compiling tinystr v0.8.4
   Compiling icu_locale_core v2.3.0
   Compiling potential_utf v0.1.6
   Compiling zerotrie v0.2.5
   Compiling icu_collections v2.3.0
   Compiling icu_provider v2.3.1
   Compiling icu_normalizer v2.3.0
   Compiling thiserror v2.0.21
   Compiling icu_properties v2.3.0
   Compiling simple_asn1 v0.6.4
   Compiling idna_adapter v1.2.2
   Compiling tokio v1.53.1
   Compiling jsonwebtoken v11.1.0
   Compiling idna v1.1.0
   Compiling rom v0.0.3 (https://github.com/pmikstacki/ROM?rev=d7ef529040eec60dc869034c2d33130219db85fe#d7ef5290)
   Compiling url v2.5.8
   Compiling rom-auth v0.0.3 (https://github.com/pmikstacki/ROM?rev=d7ef529040eec60dc869034c2d33130219db85fe#d7ef5290)
   Compiling hmac v0.12.1
   Compiling rom-oidc-presets v0.1.0-dev (/root/ROM-extras/crates/rom-oidc-presets)
   Compiling rom-delivery-core v0.1.0-dev (/root/ROM-extras/crates/rom-delivery-core)
    Finished `test` profile [unoptimized + debuginfo] target(s) in 5.93s
     Running unittests src/lib.rs (target/debug/deps/rom_delivery_core-92cc89eb9c988412)

running 0 tests

test result: ok. 0 passed; 0 failed; 0 ignored; 0 measured; 0 filtered out; finished in 0.00s

     Running tests/preparation.rs (target/debug/deps/preparation-2d19c40863187d87)

running 5 tests
test encoded_byte_limit_includes_json_quotes_escaping_and_utf8 ... ok
test invalid_identity_rejects_before_payload_encoding ... ok
test retry_keeps_identity_and_payload_but_exposes_the_runtime_attempt ... ok
test scalar_payloads_keep_null_false_zero_and_empty_distinct ... ok
test prepared_debug_output_does_not_disclose_payload_values ... ok

test result: ok. 5 passed; 0 failed; 0 ignored; 0 measured; 0 filtered out; finished in 0.00s

     Running tests/signing.rs (target/debug/deps/signing-b0130a5cbb46a556)

running 2 tests
test signature_matches_independent_node_crypto_vector ... ok
test rotation_signs_with_current_and_previous_keys_without_changing_the_message ... ok

test result: ok. 2 passed; 0 failed; 0 ignored; 0 measured; 0 filtered out; finished in 0.00s

     Running unittests src/lib.rs (target/debug/deps/rom_oidc_presets-1be411dad1147e72)

running 0 tests

test result: ok. 0 passed; 0 failed; 0 ignored; 0 measured; 0 filtered out; finished in 0.00s

     Running tests/configuration.rs (target/debug/deps/configuration-c4e7e0a6163cca9c)

running 6 tests
test entra_binds_one_concrete_tenant ... ok
test configuration_delegates_names_and_does_not_fetch_keys ... ok
test exact_issuer_preserves_the_original_binding ... ok
test invalid_issuer_forms_are_rejected ... ok
test unicode_whitespace_and_controls_are_rejected_before_url_parsing ... ok
test keycloak_keeps_the_deployment_context_path ... ok

test result: ok. 6 passed; 0 failed; 0 ignored; 0 measured; 0 filtered out; finished in 0.00s

     Running tests/verification.rs (target/debug/deps/verification-493c8d1988c6c600)

running 3 tests
test rotation_replaces_keys_without_changing_the_issuer_or_profile ... ok
test every_preset_preserves_rom_human_evidence_and_expiry ... ok
test binding_expiry_and_signature_failures_cannot_create_evidence ... ok

test result: ok. 3 passed; 0 failed; 0 ignored; 0 measured; 0 filtered out; finished in 0.15s

     Running unittests src/lib.rs (target/debug/deps/rom_sql_core-3b3abcab3f618c41)

running 0 tests

test result: ok. 0 passed; 0 failed; 0 ignored; 0 measured; 0 filtered out; finished in 0.00s

     Running tests/executor.rs (target/debug/deps/executor-d25b2c9f4e290f13)

running 13 tests
test invalid_capacity_rejects_before_connection_initialization ... ok
test dropping_last_handle_allows_admitted_work_to_finish ... ok
test connection_is_created_and_used_on_its_worker_even_when_not_send ... ok
test full_queue_rejects_before_running_the_operation ... ok
test recursive_use_rejects_instead_of_deadlocking_the_connection ... ok
test waiting_deadline_preserves_ticket_and_does_not_cancel_admitted_work ... ok
test panicking_operation_has_unknown_outcome_and_retires_connection ... ok
test discarding_a_ticket_does_not_discard_an_admitted_operation ... ok
test terminal_responses_are_consumed_once_even_after_failure ... ok
test close_stops_admission_but_drains_accepted_operations ... ok
test shutdown_joins_connection_destruction_and_reports_destructor_panics ... ok
test initialization_errors_and_panics_are_reported_before_admission ... ok
test cloned_handles_serialize_connection_operations ... ok

test result: ok. 13 passed; 0 failed; 0 ignored; 0 measured; 0 filtered out; finished in 0.00s

   Doc-tests rom_delivery_core

running 1 test
test crates/rom-delivery-core/src/lib.rs - (line 7) ... ok

test result: ok. 1 passed; 0 failed; 0 ignored; 0 measured; 0 filtered out; finished in 0.00s

all doctests ran in 0.18s; merged doctests compilation took 0.18s
   Doc-tests rom_oidc_presets

running 1 test
test crates/rom-oidc-presets/src/lib.rs - (line 6) ... ok

test result: ok. 1 passed; 0 failed; 0 ignored; 0 measured; 0 filtered out; finished in 0.00s

all doctests ran in 0.18s; merged doctests compilation took 0.17s
   Doc-tests rom_sql_core

running 1 test
test crates/rom-sql-core/src/lib.rs - (line 7) ... ok

test result: ok. 1 passed; 0 failed; 0 ignored; 0 measured; 0 filtered out; finished in 0.00s

all doctests ran in 0.23s; merged doctests compilation took 0.22s
    Finished `test` profile [unoptimized + debuginfo] target(s) in 0.04s
   Doc-tests rom_delivery_core

running 1 test
test crates/rom-delivery-core/src/lib.rs - (line 7) ... ok

test result: ok. 1 passed; 0 failed; 0 ignored; 0 measured; 0 filtered out; finished in 0.00s

all doctests ran in 0.18s; merged doctests compilation took 0.17s
   Doc-tests rom_oidc_presets

running 1 test
test crates/rom-oidc-presets/src/lib.rs - (line 6) ... ok

test result: ok. 1 passed; 0 failed; 0 ignored; 0 measured; 0 filtered out; finished in 0.00s

all doctests ran in 0.18s; merged doctests compilation took 0.17s
   Doc-tests rom_sql_core

running 1 test
test crates/rom-sql-core/src/lib.rs - (line 7) ... ok

test result: ok. 1 passed; 0 failed; 0 ignored; 0 measured; 0 filtered out; finished in 0.00s

all doctests ran in 0.22s; merged doctests compilation took 0.22s
 Documenting rom-oidc-presets v0.1.0-dev (/root/ROM-extras/crates/rom-oidc-presets)
 Documenting rom-delivery-core v0.1.0-dev (/root/ROM-extras/crates/rom-delivery-core)
    Finished `dev` profile [unoptimized + debuginfo] target(s) in 0.18s
   Generated /root/ROM-extras/target/doc/rom_delivery_core/index.html and 2 other files
    Checking rom-oidc-presets v0.1.0-dev (/root/ROM-extras/crates/rom-oidc-presets)
    Checking rom-delivery-core v0.1.0-dev (/root/ROM-extras/crates/rom-delivery-core)
    Finished `dev` profile [unoptimized + debuginfo] target(s) in 0.08s
    Finished `dev` profile [unoptimized + debuginfo] target(s) in 0.02s
    Finished `dev` profile [unoptimized + debuginfo] target(s) in 0.05s
     Running `tests/public-consumer/target/debug/rom-extras-public-consumer`
Public custom field, connection execution, issuer preset, and bounded delivery verified.
    Checking digest v0.10.7
    Checking sha2 v0.10.9
    Checking hmac v0.12.1
    Checking rom v0.0.3 (https://github.com/pmikstacki/ROM?rev=d7ef529040eec60dc869034c2d33130219db85fe#d7ef5290)
    Checking rom-auth v0.0.3 (https://github.com/pmikstacki/ROM?rev=d7ef529040eec60dc869034c2d33130219db85fe#d7ef5290)
    Checking rom-oidc-presets v0.1.0-dev (/root/ROM-extras/crates/rom-oidc-presets)
    Checking rom-delivery-core v0.1.0-dev (/root/ROM-extras/crates/rom-delivery-core)
    Checking rom-extras-public-consumer v0.0.0 (/root/ROM-extras/tests/public-consumer)
    Finished `dev` profile [unoptimized + debuginfo] target(s) in 1.57s
    Finished `dev` profile [unoptimized + debuginfo] target(s) in 0.04s
   Compiling digest v0.10.7
   Compiling sha2 v0.10.9
   Compiling hmac v0.12.1
   Compiling rom v0.0.3 (https://github.com/pmikstacki/ROM?rev=d7ef529040eec60dc869034c2d33130219db85fe#d7ef5290)
   Compiling rom-auth v0.0.3 (https://github.com/pmikstacki/ROM?rev=d7ef529040eec60dc869034c2d33130219db85fe#d7ef5290)
   Compiling rom-oidc-presets v0.1.0-dev (/root/ROM-extras/crates/rom-oidc-presets)
   Compiling rom-delivery-core v0.1.0-dev (/root/ROM-extras/crates/rom-delivery-core)
   Compiling rom-extras-public-consumer v0.0.0 (/root/ROM-extras/tests/public-consumer)
    Finished `test` profile [unoptimized + debuginfo] target(s) in 4.38s
     Running tests/postgres_executor.rs (tests/public-consumer/target/debug/deps/postgres_executor-d4d57f2a95d7f218)

running 3 tests
test postgres_client_runs_on_its_worker_inside_a_tokio_caller ... ok
test a_driver_job_panic_retires_its_connection_and_rolls_back_uncommitted_sql ... ok
test waiting_deadline_does_not_cancel_the_real_database_commit ... ok

test result: ok. 3 passed; 0 failed; 0 ignored; 0 measured; 0 filtered out; finished in 0.10s

    Checking digest v0.10.7
    Checking sha2 v0.10.9
    Checking hmac v0.12.1
    Checking rom-auth v0.0.3 (https://github.com/pmikstacki/ROM?rev=d7ef529040eec60dc869034c2d33130219db85fe#d7ef5290)
    Checking rom v0.0.3 (https://github.com/pmikstacki/ROM?rev=d7ef529040eec60dc869034c2d33130219db85fe#d7ef5290)
    Checking rom-oidc-presets v0.1.0-dev (/root/ROM-extras/crates/rom-oidc-presets)
    Checking rom-delivery-core v0.1.0-dev (/root/ROM-extras/crates/rom-delivery-core)
    Checking rom-extras-public-consumer v0.0.0 (/root/ROM-extras/tests/public-consumer)
    Finished `dev` profile [unoptimized + debuginfo] target(s) in 1.83s
   Compiling rom v0.0.3 (https://github.com/pmikstacki/ROM?rev=d7ef529040eec60dc869034c2d33130219db85fe#d7ef5290)
   Compiling rom-auth v0.0.3 (https://github.com/pmikstacki/ROM?rev=d7ef529040eec60dc869034c2d33130219db85fe#d7ef5290)
   Compiling rom-oidc-presets v0.1.0-dev (/root/ROM-extras/crates/rom-oidc-presets)
   Compiling rom-delivery-core v0.1.0-dev (/root/ROM-extras/crates/rom-delivery-core)
   Compiling rom-extras-public-consumer v0.0.0 (/root/ROM-extras/tests/public-consumer)
    Finished `test` profile [unoptimized + debuginfo] target(s) in 5.82s
     Running tests/mssql_executor.rs (tests/public-consumer/target/debug/deps/mssql_executor-be6cd312f925adba)

running 3 tests
test async_tds_connection_runs_on_its_worker_inside_a_tokio_host ... ok
test panic_retires_tds_connection_and_open_transaction_rolls_back ... ok
test caller_timeout_does_not_cancel_a_later_sql_server_commit ... ok

test result: ok. 3 passed; 0 failed; 0 ignored; 0 measured; 0 filtered out; finished in 0.20s

    Checking rom-auth v0.0.3 (https://github.com/pmikstacki/ROM?rev=d7ef529040eec60dc869034c2d33130219db85fe#d7ef5290)
    Checking rom v0.0.3 (https://github.com/pmikstacki/ROM?rev=d7ef529040eec60dc869034c2d33130219db85fe#d7ef5290)
    Checking rom-oidc-presets v0.1.0-dev (/root/ROM-extras/crates/rom-oidc-presets)
    Checking rom-delivery-core v0.1.0-dev (/root/ROM-extras/crates/rom-delivery-core)
    Checking rom-extras-public-consumer v0.0.0 (/root/ROM-extras/tests/public-consumer)
    Finished `dev` profile [unoptimized + debuginfo] target(s) in 1.67s
