rustc 1.99.0 (b940084d7 2026-09-28)
binary: rustc
commit-hash: b940084d7eb6a299eb4bfeb8e34901bc051e7ac4
commit-date: 2026-09-28
host: x86_64-unknown-linux-gnu
release: 1.99.0
LLVM version: 23.1.1
    Checking stable_deref_trait v1.2.1
    Checking zerofrom v0.1.8
    Checking writeable v0.6.4
    Checking yoke v0.8.3
    Checking litemap v0.8.3
    Checking zerovec v0.11.8
    Checking zerotrie v0.2.5
    Checking tinystr v0.8.4
    Checking icu_locale_core v2.3.0
    Checking potential_utf v0.1.6
    Checking utf8_iter v1.0.4
    Checking typenum v1.20.1
    Checking icu_provider v2.3.1
    Checking icu_collections v2.3.0
    Checking num-traits v0.2.19
    Checking generic-array v0.14.7
   Compiling num-conv v0.2.2
   Compiling time-core v0.1.9
    Checking num-integer v0.1.47
   Compiling time-macros v0.2.32
    Checking icu_normalizer_data v2.3.0
    Checking serde_core v1.0.229
    Checking icu_properties_data v2.3.0
    Checking deranged v0.5.8
    Checking smallvec v1.16.2
    Checking powerfmt v0.2.1
    Checking icu_normalizer v2.3.0
    Checking time v0.3.55
    Checking icu_properties v2.3.0
    Checking thiserror v2.0.21
    Checking num-bigint v0.4.8
    Checking zeroize v1.9.1
    Checking zmij v1.0.23
    Checking crypto-common v0.1.7
    Checking block-buffer v0.10.4
    Checking aws-lc-sys v0.45.0
    Checking untrusted v0.7.1
    Checking base64 v0.22.1
    Checking itoa v1.0.18
    Checking memchr v2.8.3
    Checking aws-lc-rs v1.18.1
    Checking serde_json v1.0.151
    Checking pem v3.0.6
    Checking serde v1.0.229
    Checking digest v0.10.7
    Checking simple_asn1 v0.6.4
    Checking idna_adapter v1.2.2
    Checking signature v2.2.0
    Checking cpufeatures v0.2.17
    Checking percent-encoding v2.3.2
    Checking cfg-if v1.0.5
    Checking sha2 v0.10.9
    Checking form_urlencoded v1.2.2
    Checking jsonwebtoken v11.1.0
    Checking idna v1.1.0
    Checking subtle v2.6.1
    Checking rom-auth v0.0.3 (https://github.com/pmikstacki/ROM?rev=d7ef529040eec60dc869034c2d33130219db85fe#d7ef5290)
    Checking url v2.5.8
    Checking rom-sql-core v0.1.0-dev (/root/ROM-extras/crates/rom-sql-core)
    Checking rom-oidc-presets v0.1.0-dev (/root/ROM-extras/crates/rom-oidc-presets)
    Finished `dev` profile [unoptimized + debuginfo] target(s) in 10.83s
   Compiling rom-oidc-presets v0.1.0-dev (/root/ROM-extras/crates/rom-oidc-presets)
    Finished `test` profile [unoptimized + debuginfo] target(s) in 3.02s
     Running unittests src/lib.rs (target/debug/deps/rom_oidc_presets-5c25354f40ab376f)

running 0 tests

test result: ok. 0 passed; 0 failed; 0 ignored; 0 measured; 0 filtered out; finished in 0.00s

     Running tests/configuration.rs (target/debug/deps/configuration-888e5b75f5669c4f)

running 6 tests
test entra_binds_one_concrete_tenant ... ok
test configuration_delegates_names_and_does_not_fetch_keys ... ok
test exact_issuer_preserves_the_original_binding ... ok
test invalid_issuer_forms_are_rejected ... ok
test unicode_whitespace_and_controls_are_rejected_before_url_parsing ... ok
test keycloak_keeps_the_deployment_context_path ... ok

test result: ok. 6 passed; 0 failed; 0 ignored; 0 measured; 0 filtered out; finished in 0.00s

     Running tests/verification.rs (target/debug/deps/verification-8ecc390dbe18f0a6)

running 3 tests
test rotation_replaces_keys_without_changing_the_issuer_or_profile ... ok
test every_preset_preserves_rom_human_evidence_and_expiry ... ok
test binding_expiry_and_signature_failures_cannot_create_evidence ... ok

test result: ok. 3 passed; 0 failed; 0 ignored; 0 measured; 0 filtered out; finished in 0.07s

     Running unittests src/lib.rs (target/debug/deps/rom_sql_core-3b3abcab3f618c41)

running 0 tests

test result: ok. 0 passed; 0 failed; 0 ignored; 0 measured; 0 filtered out; finished in 0.00s

     Running tests/executor.rs (target/debug/deps/executor-d25b2c9f4e290f13)

running 13 tests
test close_stops_admission_but_drains_accepted_operations ... ok
test invalid_capacity_rejects_before_connection_initialization ... ok
test connection_is_created_and_used_on_its_worker_even_when_not_send ... ok
test discarding_a_ticket_does_not_discard_an_admitted_operation ... ok
test dropping_last_handle_allows_admitted_work_to_finish ... ok
test recursive_use_rejects_instead_of_deadlocking_the_connection ... ok
test full_queue_rejects_before_running_the_operation ... ok
test initialization_errors_and_panics_are_reported_before_admission ... ok
test terminal_responses_are_consumed_once_even_after_failure ... ok
test panicking_operation_has_unknown_outcome_and_retires_connection ... ok
test waiting_deadline_preserves_ticket_and_does_not_cancel_admitted_work ... ok
test shutdown_joins_connection_destruction_and_reports_destructor_panics ... ok
test cloned_handles_serialize_connection_operations ... ok

test result: ok. 13 passed; 0 failed; 0 ignored; 0 measured; 0 filtered out; finished in 0.00s

   Doc-tests rom_oidc_presets

running 1 test
test crates/rom-oidc-presets/src/lib.rs - (line 6) ... ok

test result: ok. 1 passed; 0 failed; 0 ignored; 0 measured; 0 filtered out; finished in 0.00s

all doctests ran in 0.22s; merged doctests compilation took 0.21s
   Doc-tests rom_sql_core

running 1 test
test crates/rom-sql-core/src/lib.rs - (line 7) ... ok

test result: ok. 1 passed; 0 failed; 0 ignored; 0 measured; 0 filtered out; finished in 0.00s

all doctests ran in 1.75s; merged doctests compilation took 0.98s
    Finished `test` profile [unoptimized + debuginfo] target(s) in 0.03s
   Doc-tests rom_oidc_presets

running 1 test
test crates/rom-oidc-presets/src/lib.rs - (line 6) ... ok

test result: ok. 1 passed; 0 failed; 0 ignored; 0 measured; 0 filtered out; finished in 0.00s

all doctests ran in 0.17s; merged doctests compilation took 0.16s
   Doc-tests rom_sql_core

running 1 test
test crates/rom-sql-core/src/lib.rs - (line 7) ... ok

test result: ok. 1 passed; 0 failed; 0 ignored; 0 measured; 0 filtered out; finished in 0.00s

all doctests ran in 0.20s; merged doctests compilation took 0.20s
 Documenting rom-oidc-presets v0.1.0-dev (/root/ROM-extras/crates/rom-oidc-presets)
    Finished `dev` profile [unoptimized + debuginfo] target(s) in 0.24s
   Generated /root/ROM-extras/target/doc/rom_oidc_presets/index.html and 1 other file
    Checking rom-oidc-presets v0.1.0-dev (/root/ROM-extras/crates/rom-oidc-presets)
    Finished `dev` profile [unoptimized + debuginfo] target(s) in 0.07s
    Finished `dev` profile [unoptimized + debuginfo] target(s) in 0.02s
    Blocking waiting for file lock on build directory
    Finished `dev` profile [unoptimized + debuginfo] target(s) in 8.87s
     Running `tests/public-consumer/target/debug/rom-extras-public-consumer`
Public custom field, isolated connection execution, and issuer preset verified.
    Checking stable_deref_trait v1.2.1
    Checking zerofrom v0.1.8
    Checking writeable v0.6.4
    Checking yoke v0.8.3
    Checking litemap v0.8.3
    Checking zerovec v0.11.8
    Checking zerotrie v0.2.5
    Checking utf8_iter v1.0.4
    Checking tinystr v0.8.4
    Checking potential_utf v0.1.6
    Checking icu_collections v2.3.0
    Checking icu_locale_core v2.3.0
    Checking num-traits v0.2.19
    Checking icu_provider v2.3.1
   Compiling num-conv v0.2.2
   Compiling time-core v0.1.9
   Compiling time-macros v0.2.32
    Checking num-integer v0.1.47
    Checking icu_properties_data v2.3.0
    Checking icu_normalizer_data v2.3.0
    Checking powerfmt v0.2.1
    Checking smallvec v1.16.2
    Checking deranged v0.5.8
    Checking icu_normalizer v2.3.0
    Checking time v0.3.55
    Checking thiserror v2.0.21
    Checking serde v1.0.229
    Checking icu_properties v2.3.0
    Checking zeroize v1.9.1
    Checking num-bigint v0.4.8
    Checking aws-lc-sys v0.45.0
    Checking untrusted v0.7.1
    Checking pem v3.0.6
    Checking aws-lc-rs v1.18.1
    Checking idna_adapter v1.2.2
    Checking simple_asn1 v0.6.4
    Checking percent-encoding v2.3.2
    Checking signature v2.2.0
    Checking jsonwebtoken v11.1.0
    Checking form_urlencoded v1.2.2
    Checking idna v1.1.0
    Checking subtle v2.6.1
    Checking tokio v1.53.1
    Checking rom-auth v0.0.3 (https://github.com/pmikstacki/ROM?rev=d7ef529040eec60dc869034c2d33130219db85fe#d7ef5290)
    Checking url v2.5.8
    Checking rom-oidc-presets v0.1.0-dev (/root/ROM-extras/crates/rom-oidc-presets)
    Checking rom v0.0.3 (https://github.com/pmikstacki/ROM?rev=d7ef529040eec60dc869034c2d33130219db85fe#d7ef5290)
    Checking rom-extras-public-consumer v0.0.0 (/root/ROM-extras/tests/public-consumer)
    Finished `dev` profile [unoptimized + debuginfo] target(s) in 10.37s
    Blocking waiting for file lock on package cache
    Blocking waiting for file lock on package cache
    Blocking waiting for file lock on package cache
    Finished `dev` profile [unoptimized + debuginfo] target(s) in 7.00s
   Compiling syn v3.0.6
   Compiling jobserver v0.1.35
   Compiling cc v1.6.0
   Compiling cmake v0.1.58
   Compiling aws-lc-sys v0.45.0
   Compiling synstructure v0.14.0
   Compiling zerofrom-derive v0.1.8
   Compiling zerofrom v0.1.8
   Compiling yoke-derive v0.8.4
   Compiling yoke v0.8.3
   Compiling zerovec-derive v0.11.6
   Compiling zerovec v0.11.8
   Compiling displaydoc v0.2.7
   Compiling tinystr v0.8.4
   Compiling icu_locale_core v2.3.0
   Compiling zerotrie v0.2.5
   Compiling potential_utf v0.1.6
   Compiling icu_collections v2.3.0
   Compiling icu_provider v2.3.1
   Compiling thiserror-impl v2.0.21
   Compiling serde_derive v1.0.229
   Compiling tokio-macros v2.7.2
   Compiling tokio v1.53.1
   Compiling icu_properties v2.3.0
   Compiling icu_normalizer v2.3.0
   Compiling serde v1.0.229
   Compiling thiserror v2.0.21
   Compiling simple_asn1 v0.6.4
   Compiling idna_adapter v1.2.2
   Compiling parking_lot_core v0.9.12
   Compiling parking_lot v0.12.5
   Compiling idna v1.1.0
   Compiling tokio-util v0.7.19
   Compiling form_urlencoded v1.2.2
   Compiling async-trait v0.1.92
   Compiling tokio-postgres v0.7.18
   Compiling url v2.5.8
   Compiling rom v0.0.3 (https://github.com/pmikstacki/ROM?rev=d7ef529040eec60dc869034c2d33130219db85fe#d7ef5290)
   Compiling postgres v0.19.14
   Compiling aws-lc-rs v1.18.1
   Compiling jsonwebtoken v11.1.0
   Compiling rom-auth v0.0.3 (https://github.com/pmikstacki/ROM?rev=d7ef529040eec60dc869034c2d33130219db85fe#d7ef5290)
   Compiling rom-oidc-presets v0.1.0-dev (/root/ROM-extras/crates/rom-oidc-presets)
   Compiling rom-extras-public-consumer v0.0.0 (/root/ROM-extras/tests/public-consumer)
    Finished `test` profile [unoptimized + debuginfo] target(s) in 34.34s
     Running tests/postgres_executor.rs (tests/public-consumer/target/debug/deps/postgres_executor-7a0ba2a0b1ec0c8f)

running 3 tests
test postgres_client_runs_on_its_worker_inside_a_tokio_caller ... ok
test a_driver_job_panic_retires_its_connection_and_rolls_back_uncommitted_sql ... ok
test waiting_deadline_does_not_cancel_the_real_database_commit ... ok

test result: ok. 3 passed; 0 failed; 0 ignored; 0 measured; 0 filtered out; finished in 0.11s

    Checking zerofrom v0.1.8
   Compiling libc v0.2.190
    Checking yoke v0.8.3
    Checking zerovec v0.11.8
    Checking tinystr v0.8.4
    Checking icu_locale_core v2.3.0
   Compiling jobserver v0.1.35
   Compiling cc v1.6.0
    Checking potential_utf v0.1.6
    Checking zerotrie v0.2.5
    Checking icu_collections v2.3.0
    Checking icu_provider v2.3.1
    Checking thiserror v2.0.21
    Checking serde v1.0.229
   Compiling cmake v0.1.58
    Checking tokio v1.53.1
   Compiling aws-lc-sys v0.45.0
    Checking icu_normalizer v2.3.0
    Checking icu_properties v2.3.0
    Checking simple_asn1 v0.6.4
    Checking idna_adapter v1.2.2
    Checking parking_lot_core v0.9.12
    Checking parking_lot v0.12.5
    Checking idna v1.1.0
    Checking tokio-util v0.7.19
    Checking form_urlencoded v1.2.2
    Checking tokio-postgres v0.7.18
    Checking url v2.5.8
    Checking postgres v0.19.14
    Checking rom v0.0.3 (https://github.com/pmikstacki/ROM?rev=d7ef529040eec60dc869034c2d33130219db85fe#d7ef5290)
   Compiling aws-lc-rs v1.18.1
    Checking jsonwebtoken v11.1.0
    Checking rom-auth v0.0.3 (https://github.com/pmikstacki/ROM?rev=d7ef529040eec60dc869034c2d33130219db85fe#d7ef5290)
    Checking rom-oidc-presets v0.1.0-dev (/root/ROM-extras/crates/rom-oidc-presets)
    Checking rom-extras-public-consumer v0.0.0 (/root/ROM-extras/tests/public-consumer)
    Finished `dev` profile [unoptimized + debuginfo] target(s) in 51.52s
