rustc 1.99.0 (b940084d7 2026-09-28)
binary: rustc
commit-hash: b940084d7eb6a299eb4bfeb8e34901bc051e7ac4
commit-date: 2026-09-28
host: x86_64-unknown-linux-gnu
release: 1.99.0
LLVM version: 23.1.1
    Checking serde v1.0.229
    Checking thiserror v2.0.21
    Checking zerofrom v0.1.8
    Checking num-traits v0.2.19
   Compiling rom-derive v0.0.3 (https://github.com/pmikstacki/ROM?rev=d7ef529040eec60dc869034c2d33130219db85fe#d7ef5290)
    Checking block-padding v0.3.3
   Compiling futures-macro v0.3.34
    Checking base64ct v1.8.3
   Compiling der_derive v0.7.3
    Checking flagset v0.4.7
    Checking minimal-lexical v0.2.1
    Checking const-oid v0.9.6
   Compiling synstructure v0.13.2
   Compiling asn1-rs-impl v0.2.0
    Checking futures-io v0.3.34
    Checking pbkdf2 v0.12.2
    Checking data-encoding v2.11.1
    Checking yoke v0.8.3
    Checking lazy_static v1.5.1
    Checking sha1 v0.10.7
    Checking inout v0.1.4
    Checking futures-rustls v0.26.0
    Checking nom v8.0.0
    Checking nom v7.1.3
    Checking pem-rfc7468 v0.7.0
    Checking cipher v0.4.4
    Checking zerovec v0.11.8
    Checking zerotrie v0.2.5
    Checking cookie-factory v0.3.3
    Checking hex v0.4.3
    Checking rustls-connector v0.23.9
    Checking salsa20 v0.10.2
    Checking bytes v1.12.1
    Checking cbc v0.1.2
    Checking aes v0.8.4
    Checking des v0.8.1
    Checking rc2 v0.8.1
    Checking scrypt v0.11.0
    Checking scopeguard v1.2.0
    Checking parking v2.2.1
    Checking fastrand v2.5.0
    Checking lock_api v0.4.14
    Checking num-integer v0.1.47
    Checking serde_nanos v0.1.4
    Checking event-listener v5.4.2
    Checking tinystr v0.8.4
    Checking potential_utf v0.1.6
   Compiling asn1-rs-derive v0.6.0
   Compiling serde_repr v0.1.21
    Checking backon v1.6.0
    Checking spin v0.9.9
    Checking icu_collections v2.3.0
    Checking rom-sql-core v0.1.0-dev (/root/ROM-extras/crates/rom-sql-core)
    Checking futures-util v0.3.34
    Checking icu_locale_core v2.3.0
    Checking num-bigint v0.4.8
    Checking tokio v1.53.1
    Checking http v1.5.0
    Checking flume v0.12.0
    Checking der v0.7.10
    Checking http-body v1.1.0
    Checking rusticata-macros v4.1.0
    Checking http-body-util v0.1.5
    Checking asn1-rs v0.7.2
    Checking icu_provider v2.3.1
    Checking spki v0.7.3
    Checking simple_asn1 v0.6.4
    Checking icu_normalizer v2.3.0
    Checking icu_properties v2.3.0
    Checking x509-cert v0.2.5
    Checking pkcs5 v0.7.1
    Checking jsonwebtoken v11.1.0
    Checking amq-protocol-types v10.6.3
    Checking der-parser v10.0.0
    Checking oid-registry v0.8.1
    Checking cms v0.2.3
    Checking rom-auth v0.0.3 (https://github.com/pmikstacki/ROM?rev=d7ef529040eec60dc869034c2d33130219db85fe#d7ef5290)
    Checking idna_adapter v1.2.2
    Checking x509-parser v0.18.1
    Checking idna v1.1.0
    Checking url v2.5.8
    Checking pkcs12 v0.1.0
    Checking amq-protocol-uri v10.6.3
    Checking rom-oidc-presets v0.1.0-dev (/root/ROM-extras/crates/rom-oidc-presets)
    Checking p12-keystore v0.2.1
    Checking rom v0.0.3 (https://github.com/pmikstacki/ROM?rev=d7ef529040eec60dc869034c2d33130219db85fe#d7ef5290)
    Checking tokio-rustls v0.26.6
    Checking tokio-stream v0.1.19
    Checking hyper v1.12.0
    Checking async-compat v0.2.6
    Checking tower v0.5.3
    Checking tryhard v0.5.2
    Checking tokio-util v0.7.19
    Checking async-rs v0.8.13
    Checking async-nats v0.50.0
    Checking tower-http v0.6.11
    Checking tcp-stream v0.34.14
    Checking hyper-util v0.1.21
    Checking amq-protocol-tcp v10.6.3
    Checking amq-protocol v10.6.3
    Checking hyper-rustls v0.27.10
    Checking reqwest v0.13.5
    Checking lapin v4.12.0
    Checking rom-delivery-core v0.1.0-dev (/root/ROM-extras/crates/rom-delivery-core)
    Checking rom-backup v0.0.3 (https://github.com/pmikstacki/ROM?rev=d7ef529040eec60dc869034c2d33130219db85fe#d7ef5290)
    Checking rom-webhook v0.1.0-dev (/root/ROM-extras/crates/rom-webhook)
    Checking rom-sqlite v0.0.3 (https://github.com/pmikstacki/ROM?rev=d7ef529040eec60dc869034c2d33130219db85fe#d7ef5290)
    Checking rom-redb v0.0.3 (https://github.com/pmikstacki/ROM?rev=d7ef529040eec60dc869034c2d33130219db85fe#d7ef5290)
    Checking rom-nats v0.1.0-dev (/root/ROM-extras/crates/rom-nats)
    Checking rom-rabbitmq v0.1.0-dev (/root/ROM-extras/crates/rom-rabbitmq)
    Finished `dev` profile [unoptimized + debuginfo] target(s) in 4.99s
   Compiling serde v1.0.229
   Compiling futures-util v0.3.34
   Compiling der v0.7.10
   Compiling nom v7.1.3
   Compiling pbkdf2 v0.12.2
   Compiling icu_normalizer v2.3.0
   Compiling futures-rustls v0.26.0
   Compiling sha1 v0.10.7
   Compiling nom v8.0.0
   Compiling simple_asn1 v0.6.4
   Compiling flume v0.12.0
   Compiling scrypt v0.11.0
   Compiling rustls-connector v0.23.9
   Compiling idna_adapter v1.2.2
   Compiling bytes v1.12.1
   Compiling jsonwebtoken v11.1.0
   Compiling serde_nanos v0.1.4
   Compiling idna v1.1.0
   Compiling tokio v1.53.1
   Compiling http v1.5.0
   Compiling spki v0.7.3
   Compiling url v2.5.8
   Compiling x509-cert v0.2.5
   Compiling pkcs5 v0.7.1
   Compiling rusticata-macros v4.1.0
   Compiling asn1-rs v0.7.2
   Compiling http-body v1.1.0
   Compiling rom-auth v0.0.3 (https://github.com/pmikstacki/ROM?rev=d7ef529040eec60dc869034c2d33130219db85fe#d7ef5290)
   Compiling http-body-util v0.1.5
   Compiling rom-oidc-presets v0.1.0-dev (/root/ROM-extras/crates/rom-oidc-presets)
   Compiling cms v0.2.3
   Compiling der-parser v10.0.0
   Compiling oid-registry v0.8.1
   Compiling amq-protocol-types v10.6.3
   Compiling amq-protocol-uri v10.6.3
   Compiling x509-parser v0.18.1
   Compiling pkcs12 v0.1.0
   Compiling p12-keystore v0.2.1
   Compiling rom v0.0.3 (https://github.com/pmikstacki/ROM?rev=d7ef529040eec60dc869034c2d33130219db85fe#d7ef5290)
   Compiling tokio-rustls v0.26.6
   Compiling tokio-stream v0.1.19
   Compiling hyper v1.12.0
   Compiling tower v0.5.3
   Compiling async-compat v0.2.6
   Compiling tryhard v0.5.2
   Compiling tokio-util v0.7.19
   Compiling async-rs v0.8.13
   Compiling async-nats v0.50.0
   Compiling tower-http v0.6.11
   Compiling hyper-util v0.1.21
   Compiling tcp-stream v0.34.14
   Compiling amq-protocol-tcp v10.6.3
   Compiling amq-protocol v10.6.3
   Compiling hyper-rustls v0.27.10
   Compiling reqwest v0.13.5
   Compiling lapin v4.12.0
   Compiling rom-delivery-core v0.1.0-dev (/root/ROM-extras/crates/rom-delivery-core)
   Compiling rom-backup v0.0.3 (https://github.com/pmikstacki/ROM?rev=d7ef529040eec60dc869034c2d33130219db85fe#d7ef5290)
   Compiling rom-webhook v0.1.0-dev (/root/ROM-extras/crates/rom-webhook)
   Compiling rom-sqlite v0.0.3 (https://github.com/pmikstacki/ROM?rev=d7ef529040eec60dc869034c2d33130219db85fe#d7ef5290)
   Compiling rom-redb v0.0.3 (https://github.com/pmikstacki/ROM?rev=d7ef529040eec60dc869034c2d33130219db85fe#d7ef5290)
   Compiling rom-nats v0.1.0-dev (/root/ROM-extras/crates/rom-nats)
   Compiling rom-rabbitmq v0.1.0-dev (/root/ROM-extras/crates/rom-rabbitmq)
    Finished `test` profile [unoptimized + debuginfo] target(s) in 10.50s
     Running unittests src/lib.rs (target/debug/deps/rom_delivery_core-bfa471c4d9377a4e)

running 0 tests

test result: ok. 0 passed; 0 failed; 0 ignored; 0 measured; 0 filtered out; finished in 0.00s

     Running tests/preparation.rs (target/debug/deps/preparation-25050902212ade09)

running 5 tests
test encoded_byte_limit_includes_json_quotes_escaping_and_utf8 ... ok
test invalid_identity_rejects_before_payload_encoding ... ok
test prepared_debug_output_does_not_disclose_payload_values ... ok
test retry_keeps_identity_and_payload_but_exposes_the_runtime_attempt ... ok
test scalar_payloads_keep_null_false_zero_and_empty_distinct ... ok

test result: ok. 5 passed; 0 failed; 0 ignored; 0 measured; 0 filtered out; finished in 0.00s

     Running tests/signing.rs (target/debug/deps/signing-0cfa7acc560f2995)

running 2 tests
test signature_matches_independent_node_crypto_vector ... ok
test rotation_signs_with_current_and_previous_keys_without_changing_the_message ... ok

test result: ok. 2 passed; 0 failed; 0 ignored; 0 measured; 0 filtered out; finished in 0.00s

     Running unittests src/lib.rs (target/debug/deps/rom_nats-c451e16076857476)

running 0 tests

test result: ok. 0 passed; 0 failed; 0 ignored; 0 measured; 0 filtered out; finished in 0.00s

     Running unittests src/lib.rs (target/debug/deps/rom_oidc_presets-4a6be4d47f9d104e)

running 0 tests

test result: ok. 0 passed; 0 failed; 0 ignored; 0 measured; 0 filtered out; finished in 0.00s

     Running tests/configuration.rs (target/debug/deps/configuration-f99a6d4806501a5a)

running 6 tests
test invalid_issuer_forms_are_rejected ... ok
test exact_issuer_preserves_the_original_binding ... ok
test unicode_whitespace_and_controls_are_rejected_before_url_parsing ... ok
test keycloak_keeps_the_deployment_context_path ... ok
test configuration_delegates_names_and_does_not_fetch_keys ... ok
test entra_binds_one_concrete_tenant ... ok

test result: ok. 6 passed; 0 failed; 0 ignored; 0 measured; 0 filtered out; finished in 0.00s

     Running tests/verification.rs (target/debug/deps/verification-cac68fba23f14b8a)

running 3 tests
test every_preset_preserves_rom_human_evidence_and_expiry ... ok
test rotation_replaces_keys_without_changing_the_issuer_or_profile ... ok
test binding_expiry_and_signature_failures_cannot_create_evidence ... ok

test result: ok. 3 passed; 0 failed; 0 ignored; 0 measured; 0 filtered out; finished in 0.20s

     Running unittests src/lib.rs (target/debug/deps/rom_rabbitmq-86c1bd3121b53429)

running 0 tests

test result: ok. 0 passed; 0 failed; 0 ignored; 0 measured; 0 filtered out; finished in 0.00s

     Running unittests src/lib.rs (target/debug/deps/rom_sql_core-3b3abcab3f618c41)

running 0 tests

test result: ok. 0 passed; 0 failed; 0 ignored; 0 measured; 0 filtered out; finished in 0.00s

     Running tests/executor.rs (target/debug/deps/executor-d25b2c9f4e290f13)

running 13 tests
test discarding_a_ticket_does_not_discard_an_admitted_operation ... ok
test full_queue_rejects_before_running_the_operation ... ok
test panicking_operation_has_unknown_outcome_and_retires_connection ... ok
test recursive_use_rejects_instead_of_deadlocking_the_connection ... ok
test invalid_capacity_rejects_before_connection_initialization ... ok
test connection_is_created_and_used_on_its_worker_even_when_not_send ... ok
test dropping_last_handle_allows_admitted_work_to_finish ... ok
test waiting_deadline_preserves_ticket_and_does_not_cancel_admitted_work ... ok
test close_stops_admission_but_drains_accepted_operations ... ok
test initialization_errors_and_panics_are_reported_before_admission ... ok
test terminal_responses_are_consumed_once_even_after_failure ... ok
test shutdown_joins_connection_destruction_and_reports_destructor_panics ... ok
test cloned_handles_serialize_connection_operations ... ok

test result: ok. 13 passed; 0 failed; 0 ignored; 0 measured; 0 filtered out; finished in 0.00s

     Running unittests src/lib.rs (target/debug/deps/rom_webhook-3c48232be792cacb)

running 0 tests

test result: ok. 0 passed; 0 failed; 0 ignored; 0 measured; 0 filtered out; finished in 0.00s

     Running tests/https.rs (target/debug/deps/https-e7939c0b00ddef8f)

running 0 tests

test result: ok. 0 passed; 0 failed; 0 ignored; 0 measured; 0 filtered out; finished in 0.00s

     Running tests/policy.rs (target/debug/deps/policy-669517e947edafc5)

running 2 tests
test refuses_unbounded_or_inconsistent_transport_limits ... ok
test refuses_non_public_resolutions_and_ambiguous_urls ... ok

test result: ok. 2 passed; 0 failed; 0 ignored; 0 measured; 0 filtered out; finished in 0.00s

     Running tests/runtime.rs (target/debug/deps/runtime-e19936d86d667f38)

running 0 tests

test result: ok. 0 passed; 0 failed; 0 ignored; 0 measured; 0 filtered out; finished in 0.00s

   Doc-tests rom_delivery_core

running 1 test
test crates/rom-delivery-core/src/lib.rs - (line 7) ... ok

test result: ok. 1 passed; 0 failed; 0 ignored; 0 measured; 0 filtered out; finished in 0.00s

all doctests ran in 0.34s; merged doctests compilation took 0.32s
   Doc-tests rom_nats

running 0 tests

test result: ok. 0 passed; 0 failed; 0 ignored; 0 measured; 0 filtered out; finished in 0.00s

   Doc-tests rom_oidc_presets

running 1 test
test crates/rom-oidc-presets/src/lib.rs - (line 6) ... ok

test result: ok. 1 passed; 0 failed; 0 ignored; 0 measured; 0 filtered out; finished in 0.00s

all doctests ran in 0.33s; merged doctests compilation took 0.32s
   Doc-tests rom_rabbitmq

running 0 tests

test result: ok. 0 passed; 0 failed; 0 ignored; 0 measured; 0 filtered out; finished in 0.00s

   Doc-tests rom_sql_core

running 1 test
test crates/rom-sql-core/src/lib.rs - (line 7) ... ok

test result: ok. 1 passed; 0 failed; 0 ignored; 0 measured; 0 filtered out; finished in 0.00s

all doctests ran in 0.40s; merged doctests compilation took 0.39s
   Doc-tests rom_webhook

running 0 tests

test result: ok. 0 passed; 0 failed; 0 ignored; 0 measured; 0 filtered out; finished in 0.00s

    Finished `test` profile [unoptimized + debuginfo] target(s) in 0.13s
     Running unittests src/lib.rs (target/debug/deps/rom_webhook-ea45fc455bcf889a)

running 0 tests

test result: ok. 0 passed; 0 failed; 0 ignored; 0 measured; 0 filtered out; finished in 0.00s

     Running tests/https.rs (target/debug/deps/https-03edca90e99b0a5b)

running 1 test
(node:2268729) ExperimentalWarning: SQLite is an experimental feature and might change at any time
(Use `node --trace-warnings ...` to show where the warning was created)
test delivers_signed_exact_bytes_and_preserves_uncertainty ... ok

test result: ok. 1 passed; 0 failed; 0 ignored; 0 measured; 0 filtered out; finished in 0.92s

     Running tests/policy.rs (target/debug/deps/policy-2cc1dc3a1f69ac2d)

running 2 tests
test refuses_unbounded_or_inconsistent_transport_limits ... ok
test refuses_non_public_resolutions_and_ambiguous_urls ... ok

test result: ok. 2 passed; 0 failed; 0 ignored; 0 measured; 0 filtered out; finished in 0.00s

     Running tests/runtime.rs (target/debug/deps/runtime-baad6e5ce1c53eba)

running 3 tests
/root/ROM-extras/crates/rom-webhook/tests/receiver.cjs:7
db.exec('PRAGMA journal_mode=WAL; PRAGMA synchronous=FULL; CREATE TABLE IF NOT EXISTS delivered(id TEXT PRIMARY KEY, body BLOB NOT NULL); CREATE TABLE IF NOT EXISTS attempts(path TEXT PRIMARY KEY, count INTEGER NOT NULL);');
   ^

Error: database is locked
    at Object.<anonymous> (/root/ROM-extras/crates/rom-webhook/tests/receiver.cjs:7:4)
    at Module._compile (node:internal/modules/cjs/loader:1730:14)
    at Object..js (node:internal/modules/cjs/loader:1895:10)
    at Module.load (node:internal/modules/cjs/loader:1465:32)
    at Function._load (node:internal/modules/cjs/loader:1282:12)
    at TracingChannel.traceSync (node:diagnostics_channel:322:14)
    at wrapModuleLoad (node:internal/modules/cjs/loader:235:24)
    at Function.executeUserEntryPoint [as runMain] (node:internal/modules/run_main:171:5)
    at node:internal/main/run_main_module:36:49 {
  code: 'ERR_SQLITE_ERROR',
  errcode: 5,
  errstr: 'database is locked'
}

Node.js v22.16.0
test source_disclosure_revocation_stops_pending_payload_before_transport ... FAILED
(node:2268786) ExperimentalWarning: SQLite is an experimental feature and might change at any time
(Use `node --trace-warnings ...` to show where the warning was created)
(node:2268801) ExperimentalWarning: SQLite is an experimental feature and might change at any time
(Use `node --trace-warnings ...` to show where the warning was created)
(node:2268853) ExperimentalWarning: SQLite is an experimental feature and might change at any time
(Use `node --trace-warnings ...` to show where the warning was created)
(node:2268873) ExperimentalWarning: SQLite is an experimental feature and might change at any time
(Use `node --trace-warnings ...` to show where the warning was created)
(node:2268889) ExperimentalWarning: SQLite is an experimental feature and might change at any time
(Use `node --trace-warnings ...` to show where the warning was created)
test durable_intent_reopen_delivery_and_revocation ... ok
(node:2268909) ExperimentalWarning: SQLite is an experimental feature and might change at any time
(Use `node --trace-warnings ...` to show where the warning was created)
test lost_ack_retry_survives_receiver_restart_and_attempt_budget_is_finite ... ok

failures:

---- source_disclosure_revocation_stops_pending_payload_before_transport stdout ----

thread 'source_disclosure_revocation_stops_pending_payload_before_transport' (2268779) panicked at crates/rom-webhook/tests/common/receiver.rs:111:37:
called `Result::unwrap()` on an `Err` value: ParseIntError { kind: Empty }
note: run with `RUST_BACKTRACE=1` environment variable to display a backtrace


failures:
    source_disclosure_revocation_stops_pending_payload_before_transport

test result: FAILED. 2 passed; 1 failed; 0 ignored; 0 measured; 0 filtered out; finished in 1.21s

error: test failed, to rerun pass `-p rom-webhook --test runtime`
