rustc 1.99.0 (b940084d7 2026-09-28)
binary: rustc
commit-hash: b940084d7eb6a299eb4bfeb8e34901bc051e7ac4
commit-date: 2026-09-28
host: x86_64-unknown-linux-gnu
release: 1.99.0
LLVM version: 23.1.1
    Finished `dev` profile [unoptimized + debuginfo] target(s) in 0.03s
    Finished `test` profile [unoptimized + debuginfo] target(s) in 0.03s
     Running unittests src/lib.rs (target/debug/deps/rom_sql_core-3b3abcab3f618c41)

running 0 tests

test result: ok. 0 passed; 0 failed; 0 ignored; 0 measured; 0 filtered out; finished in 0.00s

     Running tests/executor.rs (target/debug/deps/executor-d25b2c9f4e290f13)

running 11 tests
test close_stops_admission_but_drains_accepted_operations ... ok
test discarding_a_ticket_does_not_discard_an_admitted_operation ... ok
test full_queue_rejects_before_running_the_operation ... ok
test connection_is_created_and_used_on_its_worker_even_when_not_send ... ok
test dropping_last_handle_allows_admitted_work_to_finish ... ok
test invalid_capacity_rejects_before_connection_initialization ... ok
test panicking_operation_has_unknown_outcome_and_retires_connection ... ok
test recursive_use_rejects_instead_of_deadlocking_the_connection ... ok
test initialization_errors_and_panics_are_reported_before_admission ... ok
test waiting_deadline_preserves_ticket_and_does_not_cancel_admitted_work ... ok
test cloned_handles_serialize_connection_operations ... ok

test result: ok. 11 passed; 0 failed; 0 ignored; 0 measured; 0 filtered out; finished in 0.00s

   Doc-tests rom_sql_core

running 1 test
test crates/rom-sql-core/src/lib.rs - (line 7) ... ok

test result: ok. 1 passed; 0 failed; 0 ignored; 0 measured; 0 filtered out; finished in 0.00s

all doctests ran in 0.20s; merged doctests compilation took 0.20s
    Finished `test` profile [unoptimized + debuginfo] target(s) in 0.01s
   Doc-tests rom_sql_core

running 1 test
test crates/rom-sql-core/src/lib.rs - (line 7) ... ok

test result: ok. 1 passed; 0 failed; 0 ignored; 0 measured; 0 filtered out; finished in 0.00s

all doctests ran in 0.20s; merged doctests compilation took 0.20s
    Finished `dev` profile [unoptimized + debuginfo] target(s) in 0.01s
   Generated /root/ROM-extras/target/doc/rom_sql_core/index.html
    Finished `dev` profile [unoptimized + debuginfo] target(s) in 0.00s
   Compiling rom-extras-public-consumer v0.0.0 (/root/ROM-extras/tests/public-consumer)
    Finished `dev` profile [unoptimized + debuginfo] target(s) in 0.26s
     Running `tests/public-consumer/target/debug/rom-extras-public-consumer`
Public custom field and isolated connection execution verified.
    Checking rom-extras-public-consumer v0.0.0 (/root/ROM-extras/tests/public-consumer)
    Finished `dev` profile [unoptimized + debuginfo] target(s) in 0.10s
    Finished `dev` profile [unoptimized + debuginfo] target(s) in 0.01s
    Finished `test` profile [unoptimized + debuginfo] target(s) in 0.07s
     Running tests/postgres_executor.rs (tests/public-consumer/target/debug/deps/postgres_executor-b6cf0b27b0095ed9)

running 3 tests
test postgres_client_runs_on_its_worker_inside_a_tokio_caller ... ok
test a_driver_job_panic_retires_its_connection_and_rolls_back_uncommitted_sql ... ok
test waiting_deadline_does_not_cancel_the_real_database_commit ... ok

test result: ok. 3 passed; 0 failed; 0 ignored; 0 measured; 0 filtered out; finished in 0.09s

    Checking typenum v1.20.1
    Checking cmov v0.5.4
    Checking const-oid v0.10.2
    Checking bytes v1.12.1
    Checking rand_core v0.10.1
    Checking cpufeatures v0.3.1
    Checking tinyvec v1.13.3
    Checking memchr v2.8.3
    Checking libc v0.2.190
    Checking futures-sink v0.3.34
    Checking futures-core v0.3.34
    Checking unicode-bidi v0.3.18
    Checking unicode-properties v0.1.4
    Checking scopeguard v1.2.0
    Checking smallvec v1.16.2
    Checking fallible-iterator v0.2.0
    Checking byteorder v1.5.0
    Checking siphasher v1.0.4
    Checking base64 v0.22.1
    Checking lock_api v0.4.14
    Checking chacha20 v0.10.2
    Checking futures-task v0.3.34
    Checking futures-channel v0.3.34
    Checking ctutils v0.4.3
    Checking phf_shared v0.13.1
    Checking log v0.4.34
    Checking futures-util v0.3.34
    Checking percent-encoding v2.3.2
    Checking serde v1.0.229
    Checking unicode-normalization v0.1.25
    Checking phf v0.13.1
    Checking serde_json v1.0.151
    Checking stringprep v0.1.5
    Checking hybrid-array v0.4.15
    Checking generic-array v0.14.7
    Checking getrandom v0.4.3
    Checking socket2 v0.6.5
    Checking mio v1.2.4
    Checking parking_lot_core v0.9.12
    Checking whoami v2.1.3
    Checking rand v0.10.3
    Checking parking_lot v0.12.5
    Checking tokio v1.53.1
    Checking block-buffer v0.10.4
    Checking crypto-common v0.1.7
    Checking block-buffer v0.12.1
    Checking crypto-common v0.2.2
    Checking digest v0.10.7
    Checking sha2 v0.10.9
    Checking digest v0.11.3
    Checking hmac v0.13.0
    Checking md-5 v0.11.0
    Checking sha2 v0.11.0
    Checking postgres-protocol v0.6.12
    Checking postgres-types v0.2.14
    Checking tokio-util v0.7.19
    Checking rom v0.0.3 (https://github.com/pmikstacki/ROM?rev=d7ef529040eec60dc869034c2d33130219db85fe#d7ef5290)
    Checking tokio-postgres v0.7.18
    Checking postgres v0.19.14
    Checking rom-extras-public-consumer v0.0.0 (/root/ROM-extras/tests/public-consumer)
    Finished `dev` profile [unoptimized + debuginfo] target(s) in 3.33s
