rustc 1.99.0 (b940084d7 2026-09-28)
binary: rustc
commit-hash: b940084d7eb6a299eb4bfeb8e34901bc051e7ac4
commit-date: 2026-09-28
host: x86_64-unknown-linux-gnu
release: 1.99.0
LLVM version: 23.1.1
    Checking rom-sql-core v0.1.0-dev (/root/ROM-extras/crates/rom-sql-core)
    Finished `dev` profile [unoptimized + debuginfo] target(s) in 0.12s
    Finished `test` profile [unoptimized + debuginfo] target(s) in 0.04s
     Running unittests src/lib.rs (target/debug/deps/rom_sql_core-3b3abcab3f618c41)

running 0 tests

test result: ok. 0 passed; 0 failed; 0 ignored; 0 measured; 0 filtered out; finished in 0.00s

     Running tests/executor.rs (target/debug/deps/executor-d25b2c9f4e290f13)

running 13 tests
test connection_is_created_and_used_on_its_worker_even_when_not_send ... ok
test close_stops_admission_but_drains_accepted_operations ... ok
test invalid_capacity_rejects_before_connection_initialization ... ok
test discarding_a_ticket_does_not_discard_an_admitted_operation ... ok
test dropping_last_handle_allows_admitted_work_to_finish ... ok
test full_queue_rejects_before_running_the_operation ... ok
test initialization_errors_and_panics_are_reported_before_admission ... ok
test recursive_use_rejects_instead_of_deadlocking_the_connection ... ok
test waiting_deadline_preserves_ticket_and_does_not_cancel_admitted_work ... ok
test panicking_operation_has_unknown_outcome_and_retires_connection ... ok
test terminal_responses_are_consumed_once_even_after_failure ... ok
test shutdown_joins_connection_destruction_and_reports_destructor_panics ... ok
test cloned_handles_serialize_connection_operations ... ok

test result: ok. 13 passed; 0 failed; 0 ignored; 0 measured; 0 filtered out; finished in 0.00s

   Doc-tests rom_sql_core

running 1 test
test crates/rom-sql-core/src/lib.rs - (line 7) ... ok

test result: ok. 1 passed; 0 failed; 0 ignored; 0 measured; 0 filtered out; finished in 0.00s

all doctests ran in 0.28s; merged doctests compilation took 0.27s
    Finished `test` profile [unoptimized + debuginfo] target(s) in 0.01s
   Doc-tests rom_sql_core

running 1 test
test crates/rom-sql-core/src/lib.rs - (line 7) ... ok

test result: ok. 1 passed; 0 failed; 0 ignored; 0 measured; 0 filtered out; finished in 0.00s

all doctests ran in 0.26s; merged doctests compilation took 0.26s
 Documenting rom-sql-core v0.1.0-dev (/root/ROM-extras/crates/rom-sql-core)
    Finished `dev` profile [unoptimized + debuginfo] target(s) in 0.17s
   Generated /root/ROM-extras/target/doc/rom_sql_core/index.html
    Finished `dev` profile [unoptimized + debuginfo] target(s) in 0.01s
    Finished `dev` profile [unoptimized + debuginfo] target(s) in 0.13s
     Running `tests/public-consumer/target/debug/rom-extras-public-consumer`
Public custom field and isolated connection execution verified.
    Finished `dev` profile [unoptimized + debuginfo] target(s) in 0.07s
    Finished `dev` profile [unoptimized + debuginfo] target(s) in 0.01s
    Finished `test` profile [unoptimized + debuginfo] target(s) in 0.12s
     Running tests/postgres_executor.rs (tests/public-consumer/target/debug/deps/postgres_executor-b6cf0b27b0095ed9)

running 3 tests
test postgres_client_runs_on_its_worker_inside_a_tokio_caller ... ok
test a_driver_job_panic_retires_its_connection_and_rolls_back_uncommitted_sql ... ok
test waiting_deadline_does_not_cancel_the_real_database_commit ... ok

test result: ok. 3 passed; 0 failed; 0 ignored; 0 measured; 0 filtered out; finished in 0.12s

    Finished `dev` profile [unoptimized + debuginfo] target(s) in 0.09s
