TAP version 13
# node:internal/modules/cjs/loader:1404
#   throw err;
#   ^
# Error: Cannot find module './protocol.cjs'
# Require stack:
# - /root/ROM-extras/crates/rom-kafka/tests/common/protocol.test.cjs
#     at Function._resolveFilename (node:internal/modules/cjs/loader:1401:15)
#     at defaultResolveImpl (node:internal/modules/cjs/loader:1057:19)
#     at resolveForCJSWithHooks (node:internal/modules/cjs/loader:1062:22)
#     at Function._load (node:internal/modules/cjs/loader:1211:37)
#     at TracingChannel.traceSync (node:diagnostics_channel:322:14)
#     at wrapModuleLoad (node:internal/modules/cjs/loader:235:24)
#     at Module.require (node:internal/modules/cjs/loader:1487:12)
#     at require (node:internal/modules/helpers:135:16)
#     at Object.<anonymous> (/root/ROM-extras/crates/rom-kafka/tests/common/protocol.test.cjs:3:31)
#     at Module._compile (node:internal/modules/cjs/loader:1730:14) {
#   code: 'MODULE_NOT_FOUND',
#   requireStack: [
#     '/root/ROM-extras/crates/rom-kafka/tests/common/protocol.test.cjs'
#   ]
# }
# Node.js v22.16.0
# Subtest: crates/rom-kafka/tests/common/protocol.test.cjs
not ok 1 - crates/rom-kafka/tests/common/protocol.test.cjs
  ---
  duration_ms: 24.421345
  type: 'test'
  location: '/root/ROM-extras/crates/rom-kafka/tests/common/protocol.test.cjs:1:1'
  failureType: 'testCodeFailure'
  exitCode: 1
  signal: ~
  error: 'test failed'
  code: 'ERR_TEST_FAILURE'
  ...
1..1
# tests 1
# suites 0
# pass 0
# fail 1
# cancelled 0
# skipped 0
# todo 0
# duration_ms 28.8727
