TAP version 13
# Subtest: flexible metadata rewrites only the broker port, with nullable rack and tags
ok 1 - flexible metadata rewrites only the broker port, with nullable rack and tags
  ---
  duration_ms: 0.942792
  type: 'test'
  ...
# Subtest: metadata refuses another endpoint and truncated fields
ok 2 - metadata refuses another endpoint and truncated fields
  ---
  duration_ms: 0.251268
  type: 'test'
  ...
# Subtest: drop witness requires successful Produce acknowledgement and real offset
ok 3 - drop witness requires successful Produce acknowledgement and real offset
  ---
  duration_ms: 0.29946
  type: 'test'
  ...
1..3
# tests 3
# suites 0
# pass 3
# fail 0
# cancelled 0
# skipped 0
# todo 0
# duration_ms 38.230624
   Compiling rom-kafka v0.1.0-dev (/root/ROM-extras/crates/rom-kafka)
warning: unused import: `consumer::Consumer`
 --> crates/rom-kafka/tests/broker.rs:4:24
  |
4 | use rdkafka::{Message, consumer::Consumer, message::Headers};
  |                        ^^^^^^^^^^^^^^^^^^
  |
  = note: `#[warn(unused_imports)]` (part of `#[warn(unused)]`) on by default

warning: `rom-kafka` (test "broker") generated 1 warning (run `cargo fix --test "broker" -p rom-kafka` to apply 1 suggestion)
    Finished `test` profile [unoptimized + debuginfo] target(s) in 0.39s
     Running tests/broker.rs (target/debug/deps/broker-fc35c6d178365edd)

running 1 test
test real_offsets_keys_duplicates_restart_and_cancelled_publication ... ok

test result: ok. 1 passed; 0 failed; 0 ignored; 0 measured; 0 filtered out; finished in 13.04s

   Compiling rom-kafka v0.1.0-dev (/root/ROM-extras/crates/rom-kafka)
    Finished `test` profile [unoptimized + debuginfo] target(s) in 0.30s
     Running tests/ack_loss.rs (target/debug/deps/ack_loss-cba2fb4ee4dd25ea)

running 1 test
test successful_broker_write_precedes_unknown_and_same_identity_retry ... ok

test result: ok. 1 passed; 0 failed; 0 ignored; 0 measured; 0 filtered out; finished in 12.58s

    Checking rom-kafka v0.1.0-dev (/root/ROM-extras/crates/rom-kafka)
error: unused import: `consumer::Consumer`
 --> crates/rom-kafka/tests/broker.rs:4:24
  |
4 | use rdkafka::{Message, consumer::Consumer, message::Headers};
  |                        ^^^^^^^^^^^^^^^^^^
  |
  = note: `-D unused-imports` implied by `-D warnings`
  = help: to override `-D warnings` add `#[allow(unused_imports)]`

error: could not compile `rom-kafka` (test "broker") due to 1 previous error
