TAP version 13
# Subtest: flexible metadata rewrites only the broker port, with nullable rack and tags
ok 1 - flexible metadata rewrites only the broker port, with nullable rack and tags
  ---
  duration_ms: 1.003508
  type: 'test'
  ...
# Subtest: metadata refuses another endpoint and truncated fields
ok 2 - metadata refuses another endpoint and truncated fields
  ---
  duration_ms: 0.243032
  type: 'test'
  ...
# Subtest: drop witness requires successful Produce acknowledgement and real offset
ok 3 - drop witness requires successful Produce acknowledgement and real offset
  ---
  duration_ms: 0.288519
  type: 'test'
  ...
1..3
# tests 3
# suites 0
# pass 3
# fail 0
# cancelled 0
# skipped 0
# todo 0
# duration_ms 37.937075
