rustc 1.99.0 (b940084d7 2026-09-28)
binary: rustc
commit-hash: b940084d7eb6a299eb4bfeb8e34901bc051e7ac4
commit-date: 2026-09-28
host: x86_64-unknown-linux-gnu
release: 1.99.0
LLVM version: 23.1.1
   Compiling aws-lc-sys v0.45.0
    Checking futures-util v0.3.34
    Checking rom-delivery-core v0.1.0-dev (/root/ROM-extras/crates/rom-delivery-core)
   Compiling openssl-sys v0.9.117
   Compiling num_enum_derive v0.7.6
    Checking rom-sql-core v0.1.0-dev (/root/ROM-extras/crates/rom-sql-core)
   Compiling rdkafka-sys v4.10.0+2.12.1
    Checking num_enum v0.7.6
    Checking tower v0.5.3
    Checking hyper-util v0.1.21
    Checking tower-http v0.6.11
   Compiling aws-lc-rs v1.18.1
   Compiling rustls v0.23.45
    Checking rustls-webpki v0.103.15
    Checking jsonwebtoken v11.1.0
    Checking rom-auth v0.0.3 (https://github.com/pmikstacki/ROM?rev=d7ef529040eec60dc869034c2d33130219db85fe#d7ef5290)
    Checking rom-oidc-presets v0.1.0-dev (/root/ROM-extras/crates/rom-oidc-presets)
    Checking rustls-platform-verifier v0.7.1
    Checking tokio-rustls v0.26.6
    Checking futures-rustls v0.26.0
    Checking rustls-connector v0.23.9
    Checking hyper-rustls v0.27.10
    Checking async-nats v0.50.0
    Checking tcp-stream v0.34.14
    Checking reqwest v0.13.5
    Checking amq-protocol-tcp v10.6.3
    Checking amq-protocol v10.6.3
    Checking rom-webhook v0.1.0-dev (/root/ROM-extras/crates/rom-webhook)
    Checking lapin v4.12.0
    Checking rdkafka v0.39.0
    Checking rom-kafka v0.1.0-dev (/root/ROM-extras/crates/rom-kafka)
    Checking rom-nats v0.1.0-dev (/root/ROM-extras/crates/rom-nats)
    Checking rom-rabbitmq v0.1.0-dev (/root/ROM-extras/crates/rom-rabbitmq)
    Finished `dev` profile [unoptimized + debuginfo] target(s) in 13.77s
   Compiling aws-lc-sys v0.45.0
   Compiling futures-util v0.3.34
   Compiling openssl-sys v0.9.117
   Compiling num_enum v0.7.6
   Compiling rdkafka-sys v4.10.0+2.12.1
   Compiling tower v0.5.3
   Compiling hyper-util v0.1.21
   Compiling tower-http v0.6.11
   Compiling aws-lc-rs v1.18.1
   Compiling rustls v0.23.45
   Compiling rustls-webpki v0.103.15
   Compiling jsonwebtoken v11.1.0
   Compiling rom-auth v0.0.3 (https://github.com/pmikstacki/ROM?rev=d7ef529040eec60dc869034c2d33130219db85fe#d7ef5290)
   Compiling rom-oidc-presets v0.1.0-dev (/root/ROM-extras/crates/rom-oidc-presets)
   Compiling rustls-platform-verifier v0.7.1
   Compiling tokio-rustls v0.26.6
   Compiling futures-rustls v0.26.0
   Compiling rustls-connector v0.23.9
   Compiling hyper-rustls v0.27.10
   Compiling tcp-stream v0.34.14
   Compiling async-nats v0.50.0
   Compiling reqwest v0.13.5
   Compiling amq-protocol-tcp v10.6.3
   Compiling amq-protocol v10.6.3
   Compiling rom-webhook v0.1.0-dev (/root/ROM-extras/crates/rom-webhook)
   Compiling lapin v4.12.0
   Compiling rdkafka v0.39.0
   Compiling rom-kafka v0.1.0-dev (/root/ROM-extras/crates/rom-kafka)
   Compiling rom-nats v0.1.0-dev (/root/ROM-extras/crates/rom-nats)
   Compiling rom-rabbitmq v0.1.0-dev (/root/ROM-extras/crates/rom-rabbitmq)
    Finished `test` profile [unoptimized + debuginfo] target(s) in 14.46s
     Running unittests src/lib.rs (target/debug/deps/rom_delivery_core-bfa471c4d9377a4e)

running 0 tests

test result: ok. 0 passed; 0 failed; 0 ignored; 0 measured; 0 filtered out; finished in 0.00s

     Running tests/preparation.rs (target/debug/deps/preparation-25050902212ade09)

running 5 tests
test retry_keeps_identity_and_payload_but_exposes_the_runtime_attempt ... ok
test prepared_debug_output_does_not_disclose_payload_values ... ok
test encoded_byte_limit_includes_json_quotes_escaping_and_utf8 ... ok
test scalar_payloads_keep_null_false_zero_and_empty_distinct ... ok
test invalid_identity_rejects_before_payload_encoding ... ok

test result: ok. 5 passed; 0 failed; 0 ignored; 0 measured; 0 filtered out; finished in 0.00s

     Running tests/signing.rs (target/debug/deps/signing-0cfa7acc560f2995)

running 2 tests
test signature_matches_independent_node_crypto_vector ... ok
test rotation_signs_with_current_and_previous_keys_without_changing_the_message ... ok

test result: ok. 2 passed; 0 failed; 0 ignored; 0 measured; 0 filtered out; finished in 0.00s

     Running unittests src/lib.rs (target/debug/deps/rom_kafka-953b86b986db5a7b)

running 3 tests
test config_tests::transactional_configuration_is_refused_without_reinterpreting_it ... ok
test config_tests::minimum_deadline_remains_finite_and_native_socket_timeout_is_valid ... ok
test config_tests::native_aliases_cannot_weaken_acknowledgement_or_retry_bounds ... ok

test result: ok. 3 passed; 0 failed; 0 ignored; 0 measured; 0 filtered out; finished in 0.00s

     Running unittests src/lib.rs (target/debug/deps/rom_nats-610cd040b7531d7f)

running 0 tests

test result: ok. 0 passed; 0 failed; 0 ignored; 0 measured; 0 filtered out; finished in 0.00s

     Running unittests src/lib.rs (target/debug/deps/rom_oidc_presets-4a6be4d47f9d104e)

running 0 tests

test result: ok. 0 passed; 0 failed; 0 ignored; 0 measured; 0 filtered out; finished in 0.00s

     Running tests/configuration.rs (target/debug/deps/configuration-f99a6d4806501a5a)

running 6 tests
test entra_binds_one_concrete_tenant ... ok
test configuration_delegates_names_and_does_not_fetch_keys ... ok
test exact_issuer_preserves_the_original_binding ... ok
test invalid_issuer_forms_are_rejected ... ok
test unicode_whitespace_and_controls_are_rejected_before_url_parsing ... ok
test keycloak_keeps_the_deployment_context_path ... ok

test result: ok. 6 passed; 0 failed; 0 ignored; 0 measured; 0 filtered out; finished in 0.00s

     Running tests/verification.rs (target/debug/deps/verification-cac68fba23f14b8a)

running 3 tests
test rotation_replaces_keys_without_changing_the_issuer_or_profile ... ok
test every_preset_preserves_rom_human_evidence_and_expiry ... ok
test binding_expiry_and_signature_failures_cannot_create_evidence ... ok

test result: ok. 3 passed; 0 failed; 0 ignored; 0 measured; 0 filtered out; finished in 0.14s

     Running unittests src/lib.rs (target/debug/deps/rom_rabbitmq-cb4a50d8c3fe14a1)

running 0 tests

test result: ok. 0 passed; 0 failed; 0 ignored; 0 measured; 0 filtered out; finished in 0.00s

     Running unittests src/lib.rs (target/debug/deps/rom_sql_core-3b3abcab3f618c41)

running 0 tests

test result: ok. 0 passed; 0 failed; 0 ignored; 0 measured; 0 filtered out; finished in 0.00s

     Running tests/executor.rs (target/debug/deps/executor-d25b2c9f4e290f13)

running 13 tests
test invalid_capacity_rejects_before_connection_initialization ... ok
test dropping_last_handle_allows_admitted_work_to_finish ... ok
test recursive_use_rejects_instead_of_deadlocking_the_connection ... ok
test full_queue_rejects_before_running_the_operation ... ok
test terminal_responses_are_consumed_once_even_after_failure ... ok
test close_stops_admission_but_drains_accepted_operations ... ok
test waiting_deadline_preserves_ticket_and_does_not_cancel_admitted_work ... ok
test panicking_operation_has_unknown_outcome_and_retires_connection ... ok
test initialization_errors_and_panics_are_reported_before_admission ... ok
test connection_is_created_and_used_on_its_worker_even_when_not_send ... ok
test discarding_a_ticket_does_not_discard_an_admitted_operation ... ok
test shutdown_joins_connection_destruction_and_reports_destructor_panics ... ok
test cloned_handles_serialize_connection_operations ... ok

test result: ok. 13 passed; 0 failed; 0 ignored; 0 measured; 0 filtered out; finished in 0.00s

     Running unittests src/lib.rs (target/debug/deps/rom_webhook-58250f3aff036083)

running 0 tests

test result: ok. 0 passed; 0 failed; 0 ignored; 0 measured; 0 filtered out; finished in 0.00s

     Running tests/https.rs (target/debug/deps/https-f304ac424a74eb23)

running 0 tests

test result: ok. 0 passed; 0 failed; 0 ignored; 0 measured; 0 filtered out; finished in 0.00s

     Running tests/policy.rs (target/debug/deps/policy-817a1197db5fe2bf)

running 2 tests
test refuses_unbounded_or_inconsistent_transport_limits ... ok
test refuses_non_public_resolutions_and_ambiguous_urls ... ok

test result: ok. 2 passed; 0 failed; 0 ignored; 0 measured; 0 filtered out; finished in 0.00s

     Running tests/runtime.rs (target/debug/deps/runtime-63c6ddd988ad9c23)

running 0 tests

test result: ok. 0 passed; 0 failed; 0 ignored; 0 measured; 0 filtered out; finished in 0.00s

   Doc-tests rom_delivery_core

running 1 test
test crates/rom-delivery-core/src/lib.rs - (line 7) ... ok

test result: ok. 1 passed; 0 failed; 0 ignored; 0 measured; 0 filtered out; finished in 0.00s

all doctests ran in 0.23s; merged doctests compilation took 0.22s
   Doc-tests rom_kafka

running 0 tests

test result: ok. 0 passed; 0 failed; 0 ignored; 0 measured; 0 filtered out; finished in 0.00s

   Doc-tests rom_nats

running 0 tests

test result: ok. 0 passed; 0 failed; 0 ignored; 0 measured; 0 filtered out; finished in 0.00s

   Doc-tests rom_oidc_presets

running 1 test
test crates/rom-oidc-presets/src/lib.rs - (line 6) ... ok

test result: ok. 1 passed; 0 failed; 0 ignored; 0 measured; 0 filtered out; finished in 0.00s

all doctests ran in 0.19s; merged doctests compilation took 0.19s
   Doc-tests rom_rabbitmq

running 0 tests

test result: ok. 0 passed; 0 failed; 0 ignored; 0 measured; 0 filtered out; finished in 0.00s

   Doc-tests rom_sql_core

running 1 test
test crates/rom-sql-core/src/lib.rs - (line 7) ... ok

test result: ok. 1 passed; 0 failed; 0 ignored; 0 measured; 0 filtered out; finished in 0.00s

all doctests ran in 0.23s; merged doctests compilation took 0.23s
   Doc-tests rom_webhook

running 0 tests

test result: ok. 0 passed; 0 failed; 0 ignored; 0 measured; 0 filtered out; finished in 0.00s

   Compiling aws-lc-rs v1.18.1
   Compiling rustls v0.23.45
   Compiling rustls-webpki v0.103.15
   Compiling tokio-rustls v0.26.6
   Compiling rustls-platform-verifier v0.7.1
   Compiling hyper-rustls v0.27.10
   Compiling reqwest v0.13.5
   Compiling rom-webhook v0.1.0-dev (/root/ROM-extras/crates/rom-webhook)
    Finished `test` profile [unoptimized + debuginfo] target(s) in 3.72s
     Running unittests src/lib.rs (target/debug/deps/rom_webhook-ea45fc455bcf889a)

running 0 tests

test result: ok. 0 passed; 0 failed; 0 ignored; 0 measured; 0 filtered out; finished in 0.00s

     Running tests/https.rs (target/debug/deps/https-03edca90e99b0a5b)

running 2 tests
test common::directory::tests::simultaneous_receivers_with_equal_clock_stamps_have_private_databases ... ok
(node:2722508) ExperimentalWarning: SQLite is an experimental feature and might change at any time
(Use `node --trace-warnings ...` to show where the warning was created)
test delivers_signed_exact_bytes_and_preserves_uncertainty ... ok

test result: ok. 2 passed; 0 failed; 0 ignored; 0 measured; 0 filtered out; finished in 0.55s

     Running tests/policy.rs (target/debug/deps/policy-2cc1dc3a1f69ac2d)

running 2 tests
test refuses_unbounded_or_inconsistent_transport_limits ... ok
test refuses_non_public_resolutions_and_ambiguous_urls ... ok

test result: ok. 2 passed; 0 failed; 0 ignored; 0 measured; 0 filtered out; finished in 0.00s

     Running tests/runtime.rs (target/debug/deps/runtime-baad6e5ce1c53eba)

running 4 tests
test common::directory::tests::simultaneous_receivers_with_equal_clock_stamps_have_private_databases ... ok
(node:2722535) ExperimentalWarning: SQLite is an experimental feature and might change at any time
(Use `node --trace-warnings ...` to show where the warning was created)
(node:2722546) ExperimentalWarning: SQLite is an experimental feature and might change at any time
(Use `node --trace-warnings ...` to show where the warning was created)
(node:2722557) ExperimentalWarning: SQLite is an experimental feature and might change at any time
(Use `node --trace-warnings ...` to show where the warning was created)
(node:2722580) ExperimentalWarning: SQLite is an experimental feature and might change at any time
(Use `node --trace-warnings ...` to show where the warning was created)
(node:2722599) ExperimentalWarning: SQLite is an experimental feature and might change at any time
(Use `node --trace-warnings ...` to show where the warning was created)
(node:2722626) ExperimentalWarning: SQLite is an experimental feature and might change at any time
(Use `node --trace-warnings ...` to show where the warning was created)
test source_disclosure_revocation_stops_pending_payload_before_transport ... ok
(node:2722648) ExperimentalWarning: SQLite is an experimental feature and might change at any time
(Use `node --trace-warnings ...` to show where the warning was created)
test durable_intent_reopen_delivery_and_revocation ... ok
(node:2722662) ExperimentalWarning: SQLite is an experimental feature and might change at any time
(Use `node --trace-warnings ...` to show where the warning was created)
test lost_ack_retry_survives_receiver_restart_and_attempt_budget_is_finite ... ok

test result: ok. 4 passed; 0 failed; 0 ignored; 0 measured; 0 filtered out; finished in 1.00s

   Doc-tests rom_webhook

running 0 tests

test result: ok. 0 passed; 0 failed; 0 ignored; 0 measured; 0 filtered out; finished in 0.00s

   Compiling aws-lc-rs v1.18.1
    Checking rom-delivery-core v0.1.0-dev (/root/ROM-extras/crates/rom-delivery-core)
   Compiling rustls v0.23.45
    Checking rustls-webpki v0.103.15
    Checking tokio-rustls v0.26.6
    Checking rustls-platform-verifier v0.7.1
    Checking hyper-rustls v0.27.10
    Checking reqwest v0.13.5
    Checking rom-webhook v0.1.0-dev (/root/ROM-extras/crates/rom-webhook)
    Finished `dev` profile [unoptimized + debuginfo] target(s) in 2.22s
    Finished `test` profile [unoptimized + debuginfo] target(s) in 0.12s
   Doc-tests rom_delivery_core

running 1 test
test crates/rom-delivery-core/src/lib.rs - (line 7) ... ok

test result: ok. 1 passed; 0 failed; 0 ignored; 0 measured; 0 filtered out; finished in 0.02s

all doctests ran in 0.26s; merged doctests compilation took 0.23s
   Doc-tests rom_kafka

running 0 tests

test result: ok. 0 passed; 0 failed; 0 ignored; 0 measured; 0 filtered out; finished in 0.00s

   Doc-tests rom_nats

running 0 tests

test result: ok. 0 passed; 0 failed; 0 ignored; 0 measured; 0 filtered out; finished in 0.00s

   Doc-tests rom_oidc_presets

running 1 test
test crates/rom-oidc-presets/src/lib.rs - (line 6) ... ok

test result: ok. 1 passed; 0 failed; 0 ignored; 0 measured; 0 filtered out; finished in 0.00s

all doctests ran in 0.19s; merged doctests compilation took 0.18s
   Doc-tests rom_rabbitmq

running 0 tests

test result: ok. 0 passed; 0 failed; 0 ignored; 0 measured; 0 filtered out; finished in 0.00s

   Doc-tests rom_sql_core

running 1 test
test crates/rom-sql-core/src/lib.rs - (line 7) ... ok

test result: ok. 1 passed; 0 failed; 0 ignored; 0 measured; 0 filtered out; finished in 0.00s

all doctests ran in 0.33s; merged doctests compilation took 0.32s
   Doc-tests rom_webhook

running 0 tests

test result: ok. 0 passed; 0 failed; 0 ignored; 0 measured; 0 filtered out; finished in 0.00s

    Checking futures-util v0.3.34
 Documenting rom-rabbitmq v0.1.0-dev (/root/ROM-extras/crates/rom-rabbitmq)
 Documenting rom-oidc-presets v0.1.0-dev (/root/ROM-extras/crates/rom-oidc-presets)
    Checking tower v0.5.3
    Checking hyper-util v0.1.21
    Checking async-nats v0.50.0
    Checking rdkafka v0.39.0
    Checking tower-http v0.6.11
    Checking hyper-rustls v0.27.10
    Checking reqwest v0.13.5
 Documenting rom-kafka v0.1.0-dev (/root/ROM-extras/crates/rom-kafka)
 Documenting rom-webhook v0.1.0-dev (/root/ROM-extras/crates/rom-webhook)
 Documenting rom-nats v0.1.0-dev (/root/ROM-extras/crates/rom-nats)
    Finished `dev` profile [unoptimized + debuginfo] target(s) in 2.84s
   Generated /root/ROM-extras/target/doc/rom_delivery_core/index.html and 6 other files
    Checking rom-nats v0.1.0-dev (/root/ROM-extras/crates/rom-nats)
    Checking rom-oidc-presets v0.1.0-dev (/root/ROM-extras/crates/rom-oidc-presets)
    Checking rom-kafka v0.1.0-dev (/root/ROM-extras/crates/rom-kafka)
    Checking rom-webhook v0.1.0-dev (/root/ROM-extras/crates/rom-webhook)
    Checking rom-rabbitmq v0.1.0-dev (/root/ROM-extras/crates/rom-rabbitmq)
    Finished `dev` profile [unoptimized + debuginfo] target(s) in 0.48s
    Finished `dev` profile [unoptimized + debuginfo] target(s) in 0.04s
   Compiling rom-extras-public-consumer v0.0.0 (/root/ROM-extras/tests/public-consumer)
    Finished `dev` profile [unoptimized + debuginfo] target(s) in 0.76s
     Running `tests/public-consumer/target/debug/rom-extras-public-consumer`
Public custom field, connection execution, issuer preset, and bounded delivery verified.
    Checking rom-extras-public-consumer v0.0.0 (/root/ROM-extras/tests/public-consumer)
    Finished `dev` profile [unoptimized + debuginfo] target(s) in 0.22s
    Finished `dev` profile [unoptimized + debuginfo] target(s) in 0.09s
   Compiling tcp-stream v0.34.14
   Compiling hyper-util v0.1.21
   Compiling rdkafka v0.39.0
   Compiling tokio-postgres v0.7.18
   Compiling async-nats v0.50.0
   Compiling rom-auth v0.0.3 (https://github.com/pmikstacki/ROM?rev=d7ef529040eec60dc869034c2d33130219db85fe#d7ef5290)
   Compiling amq-protocol-tcp v10.6.3
   Compiling rom-oidc-presets v0.1.0-dev (/root/ROM-extras/crates/rom-oidc-presets)
   Compiling amq-protocol v10.6.3
   Compiling hyper-rustls v0.27.10
   Compiling reqwest v0.13.5
   Compiling rom-kafka v0.1.0-dev (/root/ROM-extras/crates/rom-kafka)
   Compiling lapin v4.12.0
   Compiling postgres v0.19.14
   Compiling rom-webhook v0.1.0-dev (/root/ROM-extras/crates/rom-webhook)
   Compiling rom-nats v0.1.0-dev (/root/ROM-extras/crates/rom-nats)
   Compiling rom-rabbitmq v0.1.0-dev (/root/ROM-extras/crates/rom-rabbitmq)
   Compiling rom-extras-public-consumer v0.0.0 (/root/ROM-extras/tests/public-consumer)
    Finished `test` profile [unoptimized + debuginfo] target(s) in 3.90s
     Running tests/postgres_executor.rs (tests/public-consumer/target/debug/deps/postgres_executor-5459aedc48f669c3)

running 3 tests
test postgres_client_runs_on_its_worker_inside_a_tokio_caller ... ok
test a_driver_job_panic_retires_its_connection_and_rolls_back_uncommitted_sql ... ok
test waiting_deadline_does_not_cancel_the_real_database_commit ... ok

test result: ok. 3 passed; 0 failed; 0 ignored; 0 measured; 0 filtered out; finished in 0.11s

    Checking tcp-stream v0.34.14
    Checking hyper-util v0.1.21
    Checking rdkafka v0.39.0
    Checking rom-auth v0.0.3 (https://github.com/pmikstacki/ROM?rev=d7ef529040eec60dc869034c2d33130219db85fe#d7ef5290)
    Checking tokio-postgres v0.7.18
    Checking async-nats v0.50.0
    Checking amq-protocol-tcp v10.6.3
    Checking rom-oidc-presets v0.1.0-dev (/root/ROM-extras/crates/rom-oidc-presets)
    Checking amq-protocol v10.6.3
    Checking hyper-rustls v0.27.10
    Checking reqwest v0.13.5
    Checking rom-kafka v0.1.0-dev (/root/ROM-extras/crates/rom-kafka)
    Checking lapin v4.12.0
    Checking postgres v0.19.14
    Checking rom-webhook v0.1.0-dev (/root/ROM-extras/crates/rom-webhook)
    Checking rom-rabbitmq v0.1.0-dev (/root/ROM-extras/crates/rom-rabbitmq)
    Checking rom-nats v0.1.0-dev (/root/ROM-extras/crates/rom-nats)
    Checking rom-extras-public-consumer v0.0.0 (/root/ROM-extras/tests/public-consumer)
    Finished `dev` profile [unoptimized + debuginfo] target(s) in 1.81s
   Compiling futures-util v0.3.34
   Compiling rustls v0.23.45
   Compiling hyper-util v0.1.21
   Compiling tower v0.5.3
   Compiling asynchronous-codec v0.7.0
   Compiling rdkafka v0.39.0
   Compiling tower-http v0.6.11
   Compiling rustls-platform-verifier v0.7.1
   Compiling futures-rustls v0.26.0
   Compiling tokio-rustls v0.26.6
   Compiling rustls-connector v0.23.9
   Compiling async-nats v0.50.0
   Compiling tiberius v0.13.0
   Compiling rom-kafka v0.1.0-dev (/root/ROM-extras/crates/rom-kafka)
   Compiling hyper-rustls v0.27.10
   Compiling tcp-stream v0.34.14
   Compiling reqwest v0.13.5
   Compiling amq-protocol-tcp v10.6.3
   Compiling amq-protocol v10.6.3
   Compiling lapin v4.12.0
   Compiling rom-webhook v0.1.0-dev (/root/ROM-extras/crates/rom-webhook)
   Compiling rom-nats v0.1.0-dev (/root/ROM-extras/crates/rom-nats)
   Compiling rom-rabbitmq v0.1.0-dev (/root/ROM-extras/crates/rom-rabbitmq)
   Compiling rom-extras-public-consumer v0.0.0 (/root/ROM-extras/tests/public-consumer)
    Finished `test` profile [unoptimized + debuginfo] target(s) in 5.81s
     Running tests/mssql_executor.rs (tests/public-consumer/target/debug/deps/mssql_executor-8231d24984edb38e)

running 3 tests
test async_tds_connection_runs_on_its_worker_inside_a_tokio_host ... ok
test panic_retires_tds_connection_and_open_transaction_rolls_back ... ok
test caller_timeout_does_not_cancel_a_later_sql_server_commit ... ok

test result: ok. 3 passed; 0 failed; 0 ignored; 0 measured; 0 filtered out; finished in 0.18s

    Checking futures-util v0.3.34
   Compiling rustls v0.23.45
    Checking tower v0.5.3
    Checking hyper-util v0.1.21
    Checking asynchronous-codec v0.7.0
    Checking rdkafka v0.39.0
    Checking tower-http v0.6.11
    Checking rustls-platform-verifier v0.7.1
    Checking tokio-rustls v0.26.6
    Checking futures-rustls v0.26.0
    Checking rustls-connector v0.23.9
    Checking async-nats v0.50.0
    Checking tiberius v0.13.0
    Checking tcp-stream v0.34.14
    Checking amq-protocol-tcp v10.6.3
    Checking amq-protocol v10.6.3
    Checking rom-kafka v0.1.0-dev (/root/ROM-extras/crates/rom-kafka)
    Checking hyper-rustls v0.27.10
    Checking reqwest v0.13.5
    Checking rom-webhook v0.1.0-dev (/root/ROM-extras/crates/rom-webhook)
    Checking lapin v4.12.0
    Checking rom-rabbitmq v0.1.0-dev (/root/ROM-extras/crates/rom-rabbitmq)
    Checking rom-nats v0.1.0-dev (/root/ROM-extras/crates/rom-nats)
    Checking rom-extras-public-consumer v0.0.0 (/root/ROM-extras/tests/public-consumer)
    Finished `dev` profile [unoptimized + debuginfo] target(s) in 3.20s
   Compiling aws-lc-rs v1.18.1
   Compiling rustls v0.23.45
   Compiling rustls-webpki v0.103.15
   Compiling tokio-rustls v0.26.6
   Compiling async-nats v0.50.0
   Compiling rom-nats v0.1.0-dev (/root/ROM-extras/crates/rom-nats)
    Finished `test` profile [unoptimized + debuginfo] target(s) in 4.95s
     Running tests/broker.rs (target/debug/deps/broker-1a855445af656caa)

running 1 test
test acknowledges_exact_payload_and_deduplicates_after_broker_restart ... ok

test result: ok. 1 passed; 0 failed; 0 ignored; 0 measured; 0 filtered out; finished in 2.07s

   Compiling rom-nats v0.1.0-dev (/root/ROM-extras/crates/rom-nats)
    Finished `test` profile [unoptimized + debuginfo] target(s) in 0.85s
     Running tests/ack_loss.rs (target/debug/deps/ack_loss-ef3e76a99f9dc87a)

running 1 test
test dropped_publish_ack_preserves_message_and_retry_identity ... ok

test result: ok. 1 passed; 0 failed; 0 ignored; 0 measured; 0 filtered out; finished in 2.80s

     Running tests/runtime.rs (target/debug/deps/runtime-b0f615078591f0ef)

running 1 test
test reopened_runtime_retries_committed_intent_and_rechecks_authority ... ok

test result: ok. 1 passed; 0 failed; 0 ignored; 0 measured; 0 filtered out; finished in 9.00s

     Running tests/tls.rs (target/debug/deps/tls-ece5b3646b8b39f3)

running 1 test
test tls_first_verifies_identity_and_reconnects_same_client_after_restart ... ok

test result: ok. 1 passed; 0 failed; 0 ignored; 0 measured; 0 filtered out; finished in 1.66s

    Checking aws-lc-rs v1.18.1
   Compiling rustls v0.23.45
    Checking rom-delivery-core v0.1.0-dev (/root/ROM-extras/crates/rom-delivery-core)
    Checking rustls-webpki v0.103.15
    Checking tokio-rustls v0.26.6
    Checking async-nats v0.50.0
    Checking rom-nats v0.1.0-dev (/root/ROM-extras/crates/rom-nats)
    Finished `dev` profile [unoptimized + debuginfo] target(s) in 3.25s
   Compiling rom-extras-public-consumer v0.0.0 (/root/ROM-extras/tests/public-consumer)
    Finished `test` profile [unoptimized + debuginfo] target(s) in 1.24s
     Running tests/nats_delivery.rs (tests/public-consumer/target/debug/deps/nats_delivery-991b8d1597c926dc)

running 2 tests
test public_adapter_gets_real_jetstream_acknowledgement ... ok
test public_adapter_gets_ca_verified_tls_acknowledgement ... ok

test result: ok. 2 passed; 0 failed; 0 ignored; 0 measured; 0 filtered out; finished in 0.08s

    Checking rom-extras-public-consumer v0.0.0 (/root/ROM-extras/tests/public-consumer)
    Finished `dev` profile [unoptimized + debuginfo] target(s) in 0.23s
   Compiling futures-rustls v0.26.0
   Compiling rustls-connector v0.23.9
   Compiling tcp-stream v0.34.14
   Compiling amq-protocol-tcp v10.6.3
   Compiling amq-protocol v10.6.3
   Compiling lapin v4.12.0
   Compiling rom-rabbitmq v0.1.0-dev (/root/ROM-extras/crates/rom-rabbitmq)
    Finished `test` profile [unoptimized + debuginfo] target(s) in 3.59s
     Running tests/broker.rs (target/debug/deps/broker-c55cecfc88f9b2d0)

running 1 test
test confirms_persistence_return_and_redelivery_after_restart ... ok

test result: ok. 1 passed; 0 failed; 0 ignored; 0 measured; 0 filtered out; finished in 7.62s

   Compiling rom-rabbitmq v0.1.0-dev (/root/ROM-extras/crates/rom-rabbitmq)
    Finished `test` profile [unoptimized + debuginfo] target(s) in 0.96s
     Running tests/runtime.rs (target/debug/deps/runtime-256ca078a646ff0f)

running 1 test
test reopened_runtime_retries_committed_message_and_receiver_deduplicates_durably ... ok

test result: ok. 1 passed; 0 failed; 0 ignored; 0 measured; 0 filtered out; finished in 8.15s

   Compiling rom-rabbitmq v0.1.0-dev (/root/ROM-extras/crates/rom-rabbitmq)
    Finished `test` profile [unoptimized + debuginfo] target(s) in 0.66s
     Running tests/tls.rs (target/debug/deps/tls-c7c259ec8174afd9)

running 1 test
test tls_verifies_ca_hostname_password_and_confirms_persistent_payload ... ok

test result: ok. 1 passed; 0 failed; 0 ignored; 0 measured; 0 filtered out; finished in 6.10s

    Checking futures-rustls v0.26.0
    Checking rom-delivery-core v0.1.0-dev (/root/ROM-extras/crates/rom-delivery-core)
    Checking rustls-connector v0.23.9
    Checking tcp-stream v0.34.14
    Checking amq-protocol-tcp v10.6.3
    Checking amq-protocol v10.6.3
    Checking lapin v4.12.0
    Checking rom-rabbitmq v0.1.0-dev (/root/ROM-extras/crates/rom-rabbitmq)
    Finished `dev` profile [unoptimized + debuginfo] target(s) in 1.83s
   Compiling rom-extras-public-consumer v0.0.0 (/root/ROM-extras/tests/public-consumer)
    Finished `test` profile [unoptimized + debuginfo] target(s) in 2.12s
     Running tests/rabbitmq_delivery.rs (tests/public-consumer/target/debug/deps/rabbitmq_delivery-959c392bc61cdf7c)

running 2 tests
test external_consumer_receives_confirmed_persistent_false_payload ... ok
test external_consumer_receives_ca_verified_tls_confirmation ... ok

test result: ok. 2 passed; 0 failed; 0 ignored; 0 measured; 0 filtered out; finished in 0.33s

    Checking rom-extras-public-consumer v0.0.0 (/root/ROM-extras/tests/public-consumer)
    Finished `dev` profile [unoptimized + debuginfo] target(s) in 0.26s
    Finished `test` profile [unoptimized + debuginfo] target(s) in 0.10s
     Running tests/broker.rs (target/debug/deps/broker-fc35c6d178365edd)

running 1 test
test real_offsets_keys_duplicates_restart_and_cancelled_publication ... ok

test result: ok. 1 passed; 0 failed; 0 ignored; 0 measured; 0 filtered out; finished in 16.19s

    Finished `dev` profile [unoptimized + debuginfo] target(s) in 0.10s
    Finished `test` profile [unoptimized + debuginfo] target(s) in 0.14s
     Running tests/kafka_delivery.rs (tests/public-consumer/target/debug/deps/kafka_delivery-c906ef51100dae98)

running 1 test
test external_consumer_receives_acknowledged_false_json_with_stable_key ... ok

test result: ok. 1 passed; 0 failed; 0 ignored; 0 measured; 0 filtered out; finished in 0.84s

    Finished `dev` profile [unoptimized + debuginfo] target(s) in 0.12s
