rustc 1.99.0 (b940084d7 2026-09-28)
binary: rustc
commit-hash: b940084d7eb6a299eb4bfeb8e34901bc051e7ac4
commit-date: 2026-09-28
host: x86_64-unknown-linux-gnu
release: 1.99.0
LLVM version: 23.1.1
    Checking rom-sql-core v0.1.0-dev (/root/ROM-extras/crates/rom-sql-core)
    Finished `dev` profile [unoptimized + debuginfo] target(s) in 0.12s
   Compiling rom-sql-core v0.1.0-dev (/root/ROM-extras/crates/rom-sql-core)
    Finished `test` profile [unoptimized + debuginfo] target(s) in 0.11s
     Running unittests src/lib.rs (target/debug/deps/rom_sql_core-3b3abcab3f618c41)

running 0 tests

test result: ok. 0 passed; 0 failed; 0 ignored; 0 measured; 0 filtered out; finished in 0.00s

     Running tests/executor.rs (target/debug/deps/executor-d25b2c9f4e290f13)

running 11 tests
test close_stops_admission_but_drains_accepted_operations ... ok
test dropping_last_handle_allows_admitted_work_to_finish ... ok
test connection_is_created_and_used_on_its_worker_even_when_not_send ... ok
test discarding_a_ticket_does_not_discard_an_admitted_operation ... ok
test full_queue_rejects_before_running_the_operation ... ok
test invalid_capacity_rejects_before_connection_initialization ... ok
test initialization_errors_and_panics_are_reported_before_admission ... ok
test recursive_use_rejects_instead_of_deadlocking_the_connection ... ok
test panicking_operation_has_unknown_outcome_and_retires_connection ... ok
test waiting_deadline_preserves_ticket_and_does_not_cancel_admitted_work ... ok
test cloned_handles_serialize_connection_operations ... ok

test result: ok. 11 passed; 0 failed; 0 ignored; 0 measured; 0 filtered out; finished in 0.00s

   Doc-tests rom_sql_core

running 1 test
test crates/rom-sql-core/src/lib.rs - (line 7) ... ok

test result: ok. 1 passed; 0 failed; 0 ignored; 0 measured; 0 filtered out; finished in 0.00s

all doctests ran in 0.21s; merged doctests compilation took 0.20s
    Finished `test` profile [unoptimized + debuginfo] target(s) in 0.00s
   Doc-tests rom_sql_core

running 1 test
test crates/rom-sql-core/src/lib.rs - (line 7) ... ok

test result: ok. 1 passed; 0 failed; 0 ignored; 0 measured; 0 filtered out; finished in 0.00s

all doctests ran in 0.20s; merged doctests compilation took 0.20s
 Documenting rom-sql-core v0.1.0-dev (/root/ROM-extras/crates/rom-sql-core)
    Finished `dev` profile [unoptimized + debuginfo] target(s) in 0.09s
   Generated /root/ROM-extras/target/doc/rom_sql_core/index.html
    Checking rom-sql-core v0.1.0-dev (/root/ROM-extras/crates/rom-sql-core)
    Finished `dev` profile [unoptimized + debuginfo] target(s) in 0.04s
   Compiling rom-extras-public-consumer v0.0.0 (/root/ROM-extras/tests/public-consumer)
    Finished `dev` profile [unoptimized + debuginfo] target(s) in 0.16s
     Running `tests/public-consumer/target/debug/rom-extras-public-consumer`
Public custom field and isolated connection execution verified.
    Checking typenum v1.20.1
    Checking cpufeatures v0.2.17
    Checking cfg-if v1.0.5
    Checking memchr v2.8.3
    Checking pin-project-lite v0.2.17
    Checking either v1.19.0
    Checking crossbeam-utils v0.8.23
    Checking itoa v1.0.18
    Checking serde_core v1.0.229
    Checking zmij v1.0.23
    Checking rom-sql-core v0.1.0-dev (/root/ROM-extras/crates/rom-sql-core)
    Checking tokio v1.53.1
    Checking crossbeam-epoch v0.9.21
    Checking crossbeam-deque v0.8.8
    Checking rayon-core v1.13.0
    Checking generic-array v0.14.7
    Checking rayon v1.12.0
    Checking crypto-common v0.1.7
    Checking block-buffer v0.10.4
    Checking digest v0.10.7
    Checking sha2 v0.10.9
    Checking serde v1.0.229
    Checking serde_json v1.0.151
    Checking rom v0.0.3 (https://github.com/pmikstacki/ROM?rev=d7ef529040eec60dc869034c2d33130219db85fe#d7ef5290)
    Checking rom-extras-public-consumer v0.0.0 (/root/ROM-extras/tests/public-consumer)
    Finished `dev` profile [unoptimized + debuginfo] target(s) in 2.28s
    Finished `dev` profile [unoptimized + debuginfo] target(s) in 0.00s
