   Compiling rom-extras-public-consumer v0.0.0 (/root/ROM-extras/tests/public-consumer)
    Finished `test` profile [unoptimized + debuginfo] target(s) in 0.93s
     Running tests/mysql_executor.rs (tests/public-consumer/target/debug/deps/mysql_executor-7f54fd74248d3be4)

running 5 tests
test acknowledged_binary_identities_survive_labelled_server_restart ... ok
test native_client_runs_on_executor_worker_and_checks_durable_profile ... Backend: 8.4.11
ok
test panic_retires_connection_and_uncommitted_rows_are_absent ... 
thread 'rom-sql-connection' (2942934) panicked at tests/mysql_executor.rs:145:13:
synthetic panic before native commit
note: run with `RUST_BACKTRACE=1` environment variable to display a backtrace
ok
test statement_failure_requires_explicit_whole_operation_rollback ... ok
test waiting_deadline_preserves_unknown_while_native_transaction_later_commits ... ok

test result: ok. 5 passed; 0 failed; 0 ignored; 0 measured; 0 filtered out; finished in 3.75s

    Finished `test` profile [unoptimized + debuginfo] target(s) in 0.20s
     Running tests/mysql_executor.rs (tests/public-consumer/target/debug/deps/mysql_executor-7f54fd74248d3be4)

running 5 tests
test acknowledged_binary_identities_survive_labelled_server_restart ... ok
test native_client_runs_on_executor_worker_and_checks_durable_profile ... Backend: 11.8.9-MariaDB-ubu2404-log
ok
test panic_retires_connection_and_uncommitted_rows_are_absent ... 
thread 'rom-sql-connection' (2944085) panicked at tests/mysql_executor.rs:145:13:
synthetic panic before native commit
note: run with `RUST_BACKTRACE=1` environment variable to display a backtrace
ok
test statement_failure_requires_explicit_whole_operation_rollback ... ok
test waiting_deadline_preserves_unknown_while_native_transaction_later_commits ... ok

test result: ok. 5 passed; 0 failed; 0 ignored; 0 measured; 0 filtered out; finished in 3.52s

    Checking rom-extras-public-consumer v0.0.0 (/root/ROM-extras/tests/public-consumer)
    Finished `dev` profile [unoptimized + debuginfo] target(s) in 0.47s
