[1] 2026/10/08 16:04:29.972283 [INF] Starting nats-server
[1] 2026/10/08 16:04:29.972306 [INF]   Version:  2.15.0
[1] 2026/10/08 16:04:29.972307 [INF]   Git:      [eb76367]
[1] 2026/10/08 16:04:29.972309 [INF]   Name:     NBVAMEBAOJU3H7ZRSE3AS4PXVBHAESKINLVBCHN3G4DEKS3K4HO46MP2
[1] 2026/10/08 16:04:29.972310 [INF]   Node:     S9OtUZly
[1] 2026/10/08 16:04:29.972311 [INF]   ID:       NBVAMEBAOJU3H7ZRSE3AS4PXVBHAESKINLVBCHN3G4DEKS3K4HO46MP2
[1] 2026/10/08 16:04:29.972318 [INF] Using configuration file: /etc/nats/fixture.conf (sha256:0ac72e111e833c0b0d0aebb30b42f7f9b4ae7301c8b386832ab1fd238209e605)
[1] 2026/10/08 16:04:29.972624 [INF] Starting http monitor on 0.0.0.0:8222
[1] 2026/10/08 16:04:29.972690 [INF] Starting JetStream
[1] 2026/10/08 16:04:29.972752 [INF]     _ ___ _____ ___ _____ ___ ___   _   __  __
[1] 2026/10/08 16:04:29.972754 [INF]  _ | | __|_   _/ __|_   _| _ \ __| /_\ |  \/  |
[1] 2026/10/08 16:04:29.972755 [INF] | || | _|  | | \__ \ | | |   / _| / _ \| |\/| |
[1] 2026/10/08 16:04:29.972756 [INF]  \__/|___| |_| |___/ |_| |_|_\___/_/ \_\_|  |_|
[1] 2026/10/08 16:04:29.972757 [INF] 
[1] 2026/10/08 16:04:29.972758 [INF]          https://docs.nats.io/jetstream
[1] 2026/10/08 16:04:29.972759 [INF] 
[1] 2026/10/08 16:04:29.972760 [INF] ---------------- JETSTREAM ----------------
[1] 2026/10/08 16:04:29.972761 [INF]   Strict:          true
[1] 2026/10/08 16:04:29.972768 [INF]   Max Memory:      64.00 MB
[1] 2026/10/08 16:04:29.972770 [INF]   Max Storage:     256.00 MB
[1] 2026/10/08 16:04:29.972771 [INF]   Store Directory: "/data/jetstream"
[1] 2026/10/08 16:04:29.972772 [INF]   API Level:       5
[1] 2026/10/08 16:04:29.972773 [INF] -------------------------------------------
[1] 2026/10/08 16:04:29.972976 [INF] Took 283.024µs to start JetStream
[1] 2026/10/08 16:04:29.973011 [INF] Listening for client connections on 0.0.0.0:4222
[1] 2026/10/08 16:04:29.973106 [INF] Server is ready
