    Updating git repository `https://github.com/pmikstacki/ROM`
    Updating crates.io index
     Locking 100 packages to highest Rust 1.99 compatible versions
      Adding autocfg v1.5.1
      Adding aws-lc-rs v1.18.1
      Adding aws-lc-sys v0.45.0
      Adding base64 v0.22.1
      Adding block-buffer v0.10.4
      Adding bumpalo v3.20.3
      Adding cc v1.6.0
      Adding cfg-if v1.0.5
      Adding cmake v0.1.58
      Adding cpufeatures v0.2.17
      Adding crypto-common v0.1.7
      Adding deranged v0.5.8
      Adding digest v0.10.7
      Adding displaydoc v0.2.7
      Adding dunce v1.0.5
      Adding find-msvc-tools v0.1.14
      Adding form_urlencoded v1.2.2
      Adding fs_extra v1.3.0
      Adding futures-core v0.3.34
      Adding futures-task v0.3.34
      Adding futures-util v0.3.34
      Adding generic-array v0.14.7 (available: v0.14.9)
      Adding getrandom v0.2.17
      Adding getrandom v0.4.3
      Adding icu_collections v2.3.0
      Adding icu_locale_core v2.3.0
      Adding icu_normalizer v2.3.0
      Adding icu_normalizer_data v2.3.0
      Adding icu_properties v2.3.0
      Adding icu_properties_data v2.3.0
      Adding icu_provider v2.3.1
      Adding idna v1.1.0
      Adding idna_adapter v1.2.2
      Adding itoa v1.0.18
      Adding jobserver v0.1.35
      Adding js-sys v0.3.106
      Adding jsonwebtoken v11.1.0
      Adding libc v0.2.190
      Adding litemap v0.8.3
      Adding memchr v2.8.3
      Adding num-bigint v0.4.8
      Adding num-conv v0.2.2
      Adding num-integer v0.1.47
      Adding num-traits v0.2.19
      Adding once_cell v1.21.4
      Adding pem v3.0.6
      Adding percent-encoding v2.3.2
      Adding pin-project-lite v0.2.17
      Adding pkg-config v0.3.34
      Adding potential_utf v0.1.6
      Adding powerfmt v0.2.1
      Adding proc-macro2 v1.0.107
      Adding quote v1.0.47
      Adding r-efi v6.0.0
      Adding rand_core v0.6.4
      Adding rom-auth v0.0.3 (https://github.com/pmikstacki/ROM?rev=d7ef529040eec60dc869034c2d33130219db85fe#d7ef5290)
      Adding rustversion v1.0.23
      Adding serde v1.0.229
      Adding serde_core v1.0.229
      Adding serde_derive v1.0.229
      Adding serde_json v1.0.151
      Adding sha2 v0.10.9
      Adding shlex v2.0.1
      Adding signature v2.2.0
      Adding simple_asn1 v0.6.4
      Adding slab v0.4.12
      Adding smallvec v1.16.2
      Adding stable_deref_trait v1.2.1
      Adding subtle v2.6.1
      Adding syn v2.0.119
      Adding syn v3.0.6
      Adding synstructure v0.14.0
      Adding thiserror v2.0.21
      Adding thiserror-impl v2.0.21
      Adding time v0.3.55
      Adding time-core v0.1.9
      Adding time-macros v0.2.32
      Adding tinystr v0.8.4
      Adding typenum v1.20.1
      Adding unicode-ident v1.0.26
      Adding untrusted v0.7.1
      Adding url v2.5.8
      Adding utf8_iter v1.0.4
      Adding version_check v0.9.5
      Adding wasi v0.11.1+wasi-snapshot-preview1
      Adding wasm-bindgen v0.2.129
      Adding wasm-bindgen-macro v0.2.129
      Adding wasm-bindgen-macro-support v0.2.129
      Adding wasm-bindgen-shared v0.2.129
      Adding writeable v0.6.4
      Adding yoke v0.8.3
      Adding yoke-derive v0.8.4
      Adding zerofrom v0.1.8
      Adding zerofrom-derive v0.1.8
      Adding zeroize v1.9.1
      Adding zeroize_derive v1.5.0
      Adding zerotrie v0.2.5
      Adding zerovec v0.11.8
      Adding zerovec-derive v0.11.6
      Adding zmij v1.0.23
   Compiling proc-macro2 v1.0.107
   Compiling quote v1.0.47
   Compiling unicode-ident v1.0.26
   Compiling stable_deref_trait v1.2.1
   Compiling libc v0.2.190
   Compiling syn v3.0.6
   Compiling jobserver v0.1.35
   Compiling find-msvc-tools v0.1.14
   Compiling shlex v2.0.1
   Compiling cc v1.6.0
   Compiling synstructure v0.14.0
   Compiling zerovec-derive v0.11.6
   Compiling zerofrom-derive v0.1.8
   Compiling yoke-derive v0.8.4
   Compiling zerofrom v0.1.8
   Compiling displaydoc v0.2.7
   Compiling yoke v0.8.3
   Compiling autocfg v1.5.1
   Compiling zerovec v0.11.8
   Compiling version_check v0.9.5
   Compiling generic-array v0.14.7
   Compiling tinystr v0.8.4
   Compiling num-traits v0.2.19
   Compiling cmake v0.1.58
   Compiling pkg-config v0.3.34
   Compiling fs_extra v1.3.0
   Compiling dunce v1.0.5
   Compiling litemap v0.8.3
   Compiling writeable v0.6.4
   Compiling icu_locale_core v2.3.0
   Compiling aws-lc-sys v0.45.0
   Compiling potential_utf v0.1.6
   Compiling zerotrie v0.2.5
   Compiling serde_core v1.0.229
   Compiling icu_normalizer_data v2.3.0
   Compiling utf8_iter v1.0.4
   Compiling typenum v1.20.1
   Compiling icu_properties_data v2.3.0
   Compiling icu_collections v2.3.0
   Compiling icu_provider v2.3.1
   Compiling syn v2.0.119
   Compiling zmij v1.0.23
   Compiling time-core v0.1.9
   Compiling num-conv v0.2.2
   Compiling thiserror v2.0.21
   Compiling time-macros v0.2.32
   Compiling zeroize_derive v1.5.0
   Compiling num-integer v0.1.47
   Compiling thiserror-impl v2.0.21
   Compiling serde v1.0.229
   Compiling aws-lc-rs v1.18.1
   Compiling smallvec v1.16.2
   Compiling powerfmt v0.2.1
   Compiling deranged v0.5.8
   Compiling serde_json v1.0.151
   Compiling time v0.3.55
   Compiling icu_normalizer v2.3.0
   Compiling icu_properties v2.3.0
   Compiling num-bigint v0.4.8
   Compiling zeroize v1.9.1
   Compiling block-buffer v0.10.4
   Compiling crypto-common v0.1.7
   Compiling serde_derive v1.0.229
   Compiling untrusted v0.7.1
   Compiling memchr v2.8.3
   Compiling base64 v0.22.1
   Compiling itoa v1.0.18
   Compiling pem v3.0.6
   Compiling digest v0.10.7
   Compiling simple_asn1 v0.6.4
   Compiling idna_adapter v1.2.2
   Compiling cpufeatures v0.2.17
   Compiling cfg-if v1.0.5
   Compiling percent-encoding v2.3.2
   Compiling signature v2.2.0
   Compiling form_urlencoded v1.2.2
   Compiling sha2 v0.10.9
   Compiling idna v1.1.0
   Compiling subtle v2.6.1
   Compiling url v2.5.8
   Compiling jsonwebtoken v11.1.0
   Compiling rom-auth v0.0.3 (https://github.com/pmikstacki/ROM?rev=d7ef529040eec60dc869034c2d33130219db85fe#d7ef5290)
   Compiling rom-oidc-presets v0.1.0-dev (/root/ROM-extras/crates/rom-oidc-presets)
error[E0432]: unresolved import `rom_oidc_presets::IssuerPreset`
 --> crates/rom-oidc-presets/tests/configuration.rs:2:5
  |
2 | use rom_oidc_presets::IssuerPreset;
  |     ^^^^^^^^^^^^^^^^^^------------
  |                       |
  |                       no `IssuerPreset` in the root

For more information about this error, try `rustc --explain E0432`.
error: could not compile `rom-oidc-presets` (test "configuration") due to 1 previous error
