    Updating crates.io index
    Updating git repository `https://github.com/pmikstacki/ROM`
     Locking 61 packages to highest Rust 1.99 compatible versions
      Adding autocfg v1.5.1
      Adding aws-lc-rs v1.18.1
      Adding aws-lc-sys v0.45.0
      Adding cc v1.6.0
      Adding cmake v0.1.58
      Adding deranged v0.5.8
      Adding displaydoc v0.2.7
      Adding dunce v1.0.5
      Adding find-msvc-tools v0.1.14
      Adding form_urlencoded v1.2.2
      Adding fs_extra v1.3.0
      Adding getrandom v0.2.17
      Adding icu_collections v2.3.0
      Adding icu_locale_core v2.3.0
      Adding icu_normalizer v2.3.0
      Adding icu_normalizer_data v2.3.0
      Adding icu_properties v2.3.0
      Adding icu_properties_data v2.3.0
      Adding icu_provider v2.3.1
      Adding idna v1.1.0
      Adding idna_adapter v1.2.2
      Adding jobserver v0.1.35
      Adding jsonwebtoken v11.1.0
      Adding litemap v0.8.3
      Adding num-bigint v0.4.8
      Adding num-conv v0.2.2
      Adding num-integer v0.1.47
      Adding num-traits v0.2.19
      Adding pem v3.0.6
      Adding pkg-config v0.3.34
      Adding potential_utf v0.1.6
      Adding powerfmt v0.2.1
      Adding rand_core v0.6.4
      Adding rom-auth v0.0.3 (https://github.com/pmikstacki/ROM?rev=d7ef529040eec60dc869034c2d33130219db85fe#d7ef5290)
      Adding rom-oidc-presets v0.1.0-dev (/root/ROM-extras/crates/rom-oidc-presets)
      Adding shlex v2.0.1
      Adding signature v2.2.0
      Adding simple_asn1 v0.6.4
      Adding stable_deref_trait v1.2.1
      Adding subtle v2.6.1
      Adding syn v2.0.119
      Adding synstructure v0.14.0
      Adding thiserror v2.0.21
      Adding thiserror-impl v2.0.21
      Adding time v0.3.55
      Adding time-core v0.1.9
      Adding time-macros v0.2.32
      Adding tinystr v0.8.4
      Adding untrusted v0.7.1
      Adding url v2.5.8
      Adding utf8_iter v1.0.4
      Adding writeable v0.6.4
      Adding yoke v0.8.3
      Adding yoke-derive v0.8.4
      Adding zerofrom v0.1.8
      Adding zerofrom-derive v0.1.8
      Adding zeroize v1.9.1
      Adding zeroize_derive v1.5.0
      Adding zerotrie v0.2.5
      Adding zerovec v0.11.8
      Adding zerovec-derive v0.11.6
   Compiling stable_deref_trait v1.2.1
   Compiling syn v3.0.6
   Compiling libc v0.2.190
   Compiling jobserver v0.1.35
   Compiling shlex v2.0.1
   Compiling find-msvc-tools v0.1.14
   Compiling cc v1.6.0
   Compiling synstructure v0.14.0
   Compiling autocfg v1.5.1
   Compiling num-traits v0.2.19
   Compiling cmake v0.1.58
   Compiling pkg-config v0.3.34
   Compiling zerofrom-derive v0.1.8
   Compiling yoke-derive v0.8.4
   Compiling zerofrom v0.1.8
   Compiling zerovec-derive v0.11.6
   Compiling yoke v0.8.3
   Compiling displaydoc v0.2.7
   Compiling dunce v1.0.5
   Compiling writeable v0.6.4
   Compiling zerovec v0.11.8
   Compiling fs_extra v1.3.0
   Compiling litemap v0.8.3
   Compiling aws-lc-sys v0.45.0
   Compiling tinystr v0.8.4
   Compiling icu_locale_core v2.3.0
   Compiling potential_utf v0.1.6
   Compiling zerotrie v0.2.5
   Compiling utf8_iter v1.0.4
   Compiling icu_properties_data v2.3.0
   Compiling icu_normalizer_data v2.3.0
   Compiling icu_collections v2.3.0
   Compiling icu_provider v2.3.1
   Compiling syn v2.0.119
   Compiling time-core v0.1.9
   Compiling num-conv v0.2.2
   Compiling thiserror v2.0.21
   Compiling time-macros v0.2.32
   Compiling zeroize_derive v1.5.0
   Compiling num-integer v0.1.47
   Compiling thiserror-impl v2.0.21
   Compiling serde_derive v1.0.229
   Compiling deranged v0.5.8
   Compiling powerfmt v0.2.1
   Compiling smallvec v1.16.2
   Compiling aws-lc-rs v1.18.1
   Compiling icu_normalizer v2.3.0
   Compiling time v0.3.55
   Compiling serde v1.0.229
   Compiling icu_properties v2.3.0
   Compiling num-bigint v0.4.8
   Compiling zeroize v1.9.1
   Compiling untrusted v0.7.1
   Compiling pem v3.0.6
   Compiling simple_asn1 v0.6.4
   Compiling idna_adapter v1.2.2
   Compiling percent-encoding v2.3.2
   Compiling signature v2.2.0
   Compiling form_urlencoded v1.2.2
   Compiling idna v1.1.0
   Compiling tokio-macros v2.7.2
   Compiling subtle v2.6.1
   Compiling tokio v1.53.1
   Compiling url v2.5.8
   Compiling rom v0.0.3 (https://github.com/pmikstacki/ROM?rev=d7ef529040eec60dc869034c2d33130219db85fe#d7ef5290)
   Compiling jsonwebtoken v11.1.0
   Compiling rom-auth v0.0.3 (https://github.com/pmikstacki/ROM?rev=d7ef529040eec60dc869034c2d33130219db85fe#d7ef5290)
   Compiling rom-oidc-presets v0.1.0-dev (/root/ROM-extras/crates/rom-oidc-presets)
   Compiling rom-extras-public-consumer v0.0.0 (/root/ROM-extras/tests/public-consumer)
    Finished `dev` profile [unoptimized + debuginfo] target(s) in 1m 07s
     Running `tests/public-consumer/target/debug/rom-extras-public-consumer`
Public custom field, isolated connection execution, and issuer preset verified.
