rustc 1.99.0 (b940084d7 2026-09-28)
binary: rustc
commit-hash: b940084d7eb6a299eb4bfeb8e34901bc051e7ac4
commit-date: 2026-09-28
host: x86_64-unknown-linux-gnu
release: 1.99.0
LLVM version: 23.1.1
    Checking rom-opensearch v0.1.0-dev (/root/ROM-extras/crates/rom-opensearch)
    Finished `dev` profile [unoptimized + debuginfo] target(s) in 0.26s
   Compiling rom-opensearch v0.1.0-dev (/root/ROM-extras/crates/rom-opensearch)
    Finished `test` profile [unoptimized + debuginfo] target(s) in 0.28s
     Running unittests src/lib.rs (target/debug/deps/rom_azure_blob-b9525102e9c1c723)

running 0 tests

test result: ok. 0 passed; 0 failed; 0 ignored; 0 measured; 0 filtered out; finished in 0.00s

     Running tests/configuration.rs (target/debug/deps/configuration-1838c1ca2306b1cb)

running 3 tests
test malformed_credentials_and_unbounded_limits_are_rejected ... ok
test unsafe_endpoints_are_refused_with_valid_credentials ... ok
test valid_cloud_and_emulator_configuration_construct_clients ... ok

test result: ok. 3 passed; 0 failed; 0 ignored; 0 measured; 0 filtered out; finished in 0.05s

     Running tests/interruption.rs (target/debug/deps/interruption-16b5e12b947ba120)

running 2 tests
test busy_admission_refuses_extra_request_and_unacknowledged_write_is_unknown ... ok
test etag_change_between_metadata_and_body_is_refused ... ok

test result: ok. 2 passed; 0 failed; 0 ignored; 0 measured; 0 filtered out; finished in 0.55s

     Running unittests src/lib.rs (target/debug/deps/rom_delivery_core-3696fbf994d495ab)

running 0 tests

test result: ok. 0 passed; 0 failed; 0 ignored; 0 measured; 0 filtered out; finished in 0.00s

     Running tests/preparation.rs (target/debug/deps/preparation-34f1d2e906183573)

running 5 tests
test encoded_byte_limit_includes_json_quotes_escaping_and_utf8 ... ok
test invalid_identity_rejects_before_payload_encoding ... ok
test prepared_debug_output_does_not_disclose_payload_values ... ok
test retry_keeps_identity_and_payload_but_exposes_the_runtime_attempt ... ok
test scalar_payloads_keep_null_false_zero_and_empty_distinct ... ok

test result: ok. 5 passed; 0 failed; 0 ignored; 0 measured; 0 filtered out; finished in 0.00s

     Running tests/signing.rs (target/debug/deps/signing-2193150e5009482e)

running 2 tests
test rotation_signs_with_current_and_previous_keys_without_changing_the_message ... ok
test signature_matches_independent_node_crypto_vector ... ok

test result: ok. 2 passed; 0 failed; 0 ignored; 0 measured; 0 filtered out; finished in 0.00s

     Running unittests src/lib.rs (target/debug/deps/rom_kafka-554bc47033f0c56d)

running 4 tests
test config_tests::minimum_deadline_remains_finite_and_native_socket_timeout_is_valid ... ok
test config_tests::native_aliases_cannot_weaken_acknowledgement_or_retry_bounds ... ok
test config_tests::transactional_configuration_is_refused_without_reinterpreting_it ... ok
test delivery::tests::real_native_queue_full_refuses_before_enqueue_without_retiring ... ok

test result: ok. 4 passed; 0 failed; 0 ignored; 0 measured; 0 filtered out; finished in 0.21s

     Running unittests src/lib.rs (target/debug/deps/rom_kms-1efccfc548568baa)

running 0 tests

test result: ok. 0 passed; 0 failed; 0 ignored; 0 measured; 0 filtered out; finished in 0.00s

     Running tests/contracts.rs (target/debug/deps/contracts-e3d851cd28c026c3)

running 2 tests
test context_and_aad_have_distinct_bounded_inputs ... ok
test stored_envelopes_require_identity_version_and_bounded_ciphertext ... ok

test result: ok. 2 passed; 0 failed; 0 ignored; 0 measured; 0 filtered out; finished in 0.00s

     Running unittests src/lib.rs (target/debug/deps/rom_nats-1c8f33075241e8cc)

running 0 tests

test result: ok. 0 passed; 0 failed; 0 ignored; 0 measured; 0 filtered out; finished in 0.00s

     Running unittests src/lib.rs (target/debug/deps/rom_oidc_presets-5c519787b5d1ea19)

running 0 tests

test result: ok. 0 passed; 0 failed; 0 ignored; 0 measured; 0 filtered out; finished in 0.00s

     Running tests/configuration.rs (target/debug/deps/configuration-48d27316d426e22d)

running 6 tests
test configuration_delegates_names_and_does_not_fetch_keys ... ok
test entra_binds_one_concrete_tenant ... ok
test exact_issuer_preserves_the_original_binding ... ok
test invalid_issuer_forms_are_rejected ... ok
test keycloak_keeps_the_deployment_context_path ... ok
test unicode_whitespace_and_controls_are_rejected_before_url_parsing ... ok

test result: ok. 6 passed; 0 failed; 0 ignored; 0 measured; 0 filtered out; finished in 0.00s

     Running tests/verification.rs (target/debug/deps/verification-aa92aca4f1f8e721)

running 3 tests
test binding_expiry_and_signature_failures_cannot_create_evidence ... ok
test every_preset_preserves_rom_human_evidence_and_expiry ... ok
test rotation_replaces_keys_without_changing_the_issuer_or_profile ... ok

test result: ok. 3 passed; 0 failed; 0 ignored; 0 measured; 0 filtered out; finished in 0.14s

     Running unittests src/lib.rs (target/debug/deps/rom_openbao-e9b5e88f98007225)

running 0 tests

test result: ok. 0 passed; 0 failed; 0 ignored; 0 measured; 0 filtered out; finished in 0.00s

     Running tests/configuration.rs (target/debug/deps/configuration-6bf2508e63c8f97a)

running 2 tests
test endpoint_cannot_redirect_credential_authority_or_embed_private_data ... ok
test locations_reject_path_injection_and_duplicate_aliases ... ok

test result: ok. 2 passed; 0 failed; 0 ignored; 0 measured; 0 filtered out; finished in 0.00s

     Running tests/service.rs (target/debug/deps/service-b3e279da4da9e03c)

running 0 tests

test result: ok. 0 passed; 0 failed; 0 ignored; 0 measured; 0 filtered out; finished in 0.00s

     Running unittests src/lib.rs (target/debug/deps/rom_opensearch-7de63b4c59a6aaa7)

running 4 tests
test search_response_tests::complete_response_keeps_original_key_and_revision ... ok
test search_response_tests::foreign_identity_profile_and_hidden_source_fail_closed ... ok
test search_response_tests::invalid_revision_duplicates_and_overrun_fail_closed ... ok
test search_response_tests::timeout_partial_and_early_termination_are_not_empty_success ... ok

test result: ok. 4 passed; 0 failed; 0 ignored; 0 measured; 0 filtered out; finished in 0.00s

     Running tests/boundaries.rs (target/debug/deps/boundaries-2d104146db359e07)

running 2 tests
test profile_fingerprint_includes_model_mapping_provider_and_deployment ... ok
test tls_origin_rejects_credential_paths_redirect_inputs_and_unbounded_material ... ok

test result: ok. 2 passed; 0 failed; 0 ignored; 0 measured; 0 filtered out; finished in 0.00s

     Running tests/restart.rs (target/debug/deps/restart-5c5c8a23aac7e836)

running 0 tests

test result: ok. 0 passed; 0 failed; 0 ignored; 0 measured; 0 filtered out; finished in 0.00s

     Running tests/runtime_recovery.rs (target/debug/deps/runtime_recovery-c03fe99c7a6e0ce6)

running 0 tests

test result: ok. 0 passed; 0 failed; 0 ignored; 0 measured; 0 filtered out; finished in 0.00s

     Running tests/search.rs (target/debug/deps/search-ae297fb21fc0570b)

running 0 tests

test result: ok. 0 passed; 0 failed; 0 ignored; 0 measured; 0 filtered out; finished in 0.00s

     Running tests/service.rs (target/debug/deps/service-c865280095790a60)

running 0 tests

test result: ok. 0 passed; 0 failed; 0 ignored; 0 measured; 0 filtered out; finished in 0.00s

     Running unittests src/lib.rs (target/debug/deps/rom_projection_core-dc0614fa51c0a550)

running 17 tests
test checkpoint::faults::completion_sync_error_recovers_atomically_applied_keys_cursor_and_receipt ... ok
test checkpoint::faults::completion_write_error_recovers_atomically_absent_keys_and_unadvanced_cursor ... ok
test checkpoint::faults::error_after_actual_native_sync_reconciles_applied_after_handle_retirement ... ok
test checkpoint::faults::error_before_native_write_reconciles_absent_after_handle_retirement ... ok
test checkpoint::faults::unwinding_commit_panic_retires_handle_and_reconciles_the_durable_intent ... ok
test lifecycle::tests::dropped_inflight_startup_future_keeps_slot_until_actual_owner_cleanup ... ok
test lifecycle::tests::dropping_a_buffered_startup_response_releases_ownership_without_host_shutdown ... ok
test lifecycle::tests::native_start_failure_releases_slot_before_waking_its_response ... ok
test metadata::tests::sequence_exhaustion_is_rejected_before_preparing_an_unfinishable_page ... ok
test preflight::cancellation_tests::bounded_copy_cancels_after_one_chunk_without_changing_source ... ok
test preflight::cancellation_tests::scan_cancels_at_256_records_before_later_corruption_is_examined ... ok
test storage_worker::lifecycle_tests::async_shutdown_yields_while_native_work_is_still_active ... ok
test storage_worker::lifecycle_tests::dropped_shutdown_future_still_drains_accepted_intent_and_retains_terminal_result ... ok
test storage_worker::lifecycle_tests::managed_drop_never_joins_active_native_io_on_the_async_caller ... ok
test storage_worker::tests::full_queue_rejects_without_execution_and_join_drains_the_accepted_intent ... ok
test storage_worker::tests::owner_drop_waits_for_active_work_and_releases_native_ownership ... ok
test storage_worker::tests::unexpected_job_panic_loses_response_without_claiming_rollback ... ok

test result: ok. 17 passed; 0 failed; 0 ignored; 0 measured; 0 filtered out; finished in 0.89s

     Running tests/boundaries.rs (target/debug/deps/boundaries-542ffff282214bad)

running 4 tests
test invalid_identity_and_zero_revision_are_rejected_before_store_access ... ok
test page_rejects_equal_revision_content_conflict_before_collapsing_keys ... ok
test page_rejects_generation_gap_backward_progress_and_excess_work ... ok
test remote_observation_rejects_oversized_target_before_owned_copy ... ok

test result: ok. 4 passed; 0 failed; 0 ignored; 0 measured; 0 filtered out; finished in 0.00s

     Running tests/cancellation.rs (target/debug/deps/cancellation-a7c13b5e0bfb9bcb)

running 2 tests
test cancelled_open_preserves_bytes_and_releases_admission ... ok
test pre_cancelled_reopen_does_not_retire_a_usable_engine_or_release_ownership ... ok

test result: ok. 2 passed; 0 failed; 0 ignored; 0 measured; 0 filtered out; finished in 0.07s

     Running tests/checkpoint_recovery.rs (target/debug/deps/checkpoint_recovery-afbccf22c581717c)

running 7 tests
test accepted_intent_survives_reopen_without_acknowledging_its_cursor ... ok
test complete_page_publishes_all_keys_and_cursor_together ... ok
test durable_key_state_rejects_stale_and_conflicting_equal_revision_after_reopen ... ok
test filtered_page_advances_without_inventing_key_state ... ok
test fresh_store_is_private_and_durable_after_full_close ... ok
test original_keys_with_ambiguous_separator_concatenation_remain_distinct ... ok
test partial_or_conflicting_remote_observations_cannot_advance_cursor ... ok

test result: ok. 7 passed; 0 failed; 0 ignored; 0 measured; 0 filtered out; finished in 0.33s

     Running tests/documents.rs (target/debug/deps/documents-f8cfb41edb8dc9d6)

running 8 tests
test absent_null_false_zero_empty_and_integer_precision_remain_distinct ... ok
test changed_selector_is_a_different_durable_profile_not_an_in_place_mapping ... ok
test configuration_and_array_order_change_content_but_object_order_does_not ... ok
test duplicate_fields_and_model_dimension_mismatch_are_rejected ... ok
test largest_vector_and_canonical_zero_are_supported_with_finite_bounds ... ok
test only_selected_authorized_fields_are_retained_and_position_is_not_content ... ok
test oversize_and_deep_selected_values_are_rejected_but_unselected_values_are_not_copied ... ok
test tombstones_clear_fields_and_vectors_and_vector_profile_is_exact ... ok

test result: ok. 8 passed; 0 failed; 0 ignored; 0 measured; 0 filtered out; finished in 0.07s

     Running tests/history.rs (target/debug/deps/history-60f84aed8223c448)

running 11 tests
test cancellation_preserves_cursor_and_accepts_a_later_uncancelled_attempt ... ok
test changed_disclosure_and_changed_mapping_require_rebuild ... ok
test fetch_budget_is_finite_and_empty_noop_requires_no_fetch ... ok
test filtered_empty_history_advances_only_after_inspected_coverage ... ok
test malformed_overrun_is_rejected_before_any_mapping_and_poisoned ... ok
test mapper_cannot_substitute_original_identity_or_tombstone ... ok
test mapper_panic_cannot_leave_a_reusable_partial_reconstruction ... ok
test reconstruction_does_not_publish_or_replace_the_actual_durable_pending_intent ... ok
test replay_overrun_maps_only_old_interval_and_returns_exact_old_intent ... ok
test revision_regression_and_equal_revision_mismatch_across_batches_fail ... ok
test stalled_generation_change_and_work_exhaustion_fail_closed ... ok

test result: ok. 11 passed; 0 failed; 0 ignored; 0 measured; 0 filtered out; finished in 0.06s

     Running tests/lifecycle.rs (target/debug/deps/lifecycle-ac5bb1f87c0213d9)

running 6 tests
test active_owner_rejects_second_start_without_creating_its_file ... ok
test failed_native_start_preserves_classification_and_releases_only_its_slot ... ok
test host_shutdown_revokes_a_live_managed_owner_and_closes_future_admission ... ok
test managed_create_shutdown_and_reopen_release_actual_native_ownership ... ok
test oversized_path_rejects_before_lifecycle_admission ... ok
test precancelled_create_never_creates_checkpoint ... ok

test result: ok. 6 passed; 0 failed; 0 ignored; 0 measured; 0 filtered out; finished in 0.17s

     Running tests/native_history.rs (target/debug/deps/native_history-6682bd27a0d2906f)

running 14 tests
test redb_bounded_selected_vectors ... ok
test redb_denied_empty_page_advances ... ok
test redb_generation_expiry_closed_source ... ok
test redb_oversize_selection_before_vectors ... ok
test redb_revoked_field_blocks_recovery ... ok
test redb_revoked_row_blocks_recovery ... ok
test redb_tombstone_restart_old_endpoint ... ok
test sqlite_bounded_selected_vectors ... ok
test sqlite_denied_empty_page_advances ... ok
test sqlite_generation_expiry_closed_source ... ok
test sqlite_oversize_selection_before_vectors ... ok
test sqlite_revoked_field_blocks_recovery ... ok
test sqlite_revoked_row_blocks_recovery ... ok
test sqlite_tombstone_restart_old_endpoint ... ok

test result: ok. 14 passed; 0 failed; 0 ignored; 0 measured; 0 filtered out; finished in 1.03s

     Running tests/process_recovery.rs (target/debug/deps/process_recovery-52fcbea950a53d3c)

running 10 tests
test acknowledged_intent_recovers_after_process_exit_without_engine_drop ... ok
test child_process ... ignored, invoked in a bounded child process by the parent cases
test future_format_rejection_preserves_original_bytes ... ok
test hard_link_deployment_is_rejected_before_engine_open ... ok
test missing_application_marker_is_not_initialized_as_a_fresh_store ... ok
test oversized_state_record_is_rejected_without_source_changes ... ok
test ownership_rejects_a_second_process_and_supported_path_alias ... ok
test rejected_future_dirty_source_is_not_repaired_or_rewritten ... ok
test retained_receipt_cannot_hide_a_changed_completed_cursor ... ok
test retained_receipt_cannot_hide_a_missing_acknowledged_key ... ok

test result: ok. 9 passed; 0 failed; 1 ignored; 0 measured; 0 filtered out; finished in 0.49s

     Running tests/search.rs (target/debug/deps/search-f77bf3d60cfc90ca)

running 23 tests
test query_and_candidate_admission_is_bounded_and_debug_is_sanitized ... ok
test redb_bounded_output ... ok
test redb_candidate_overrun ... ok
test redb_closed_source ... ok
test redb_current_hydration ... ok
test redb_denied_zero_calls ... ok
test redb_duplicate_candidate ... ok
test redb_field_revocation ... ok
test redb_foreign_kind ... ok
test redb_protected_field_zero_calls ... ok
test redb_query_revocation ... ok
test redb_row_revocation ... ok
test sqlite_bounded_output ... ok
test sqlite_candidate_overrun ... ok
test sqlite_closed_source ... ok
test sqlite_current_hydration ... ok
test sqlite_denied_zero_calls ... ok
test sqlite_duplicate_candidate ... ok
test sqlite_field_revocation ... ok
test sqlite_foreign_kind ... ok
test sqlite_protected_field_zero_calls ... ok
test sqlite_query_revocation ... ok
test sqlite_row_revocation ... ok

test result: ok. 23 passed; 0 failed; 0 ignored; 0 measured; 0 filtered out; finished in 1.54s

     Running tests/storage_worker.rs (target/debug/deps/storage_worker-6ddd2e4e0031183b)

running 3 tests
test accepted_intent_survives_dropped_response_and_join_releases_ownership ... ok
test cancelled_initialization_returns_the_checkpoint_category ... ok
test typed_commands_publish_and_shutdown_precedes_another_owner ... ok

test result: ok. 3 passed; 0 failed; 0 ignored; 0 measured; 0 filtered out; finished in 0.15s

     Running tests/worker.rs (target/debug/deps/worker-23b1c5ce1ee99735)

running 12 tests
test cancellation_after_host_acceptance_preserves_pending_before_local_completion ... ok
test changed_disclosure_after_restart_never_dispatches_or_advances ... ok
test dropped_future_after_host_acceptance_keeps_native_intent_for_recovery ... ok
test empty_filtered_page_commits_without_backend_request ... ok
test higher_remote_revision_is_not_exact_acknowledgement ... ok
test native_intent_precedes_dispatch_and_exact_observation_publishes_cursor ... ok
test precancelled_attempt_never_prepares_or_dispatches ... ok
test recovery_never_fetches_a_sixty_fifth_history_page ... ok
test request_validation_rejects_before_native_intent_and_dispatch ... ok
test restart_recovery_reconstructs_old_interval_before_replay_and_ignores_overrun ... ok
test unknown_remote_result_keeps_pending_and_blocks_later_page ... ok
test unreconstructable_span_is_rejected_before_native_intent ... ok

test result: ok. 12 passed; 0 failed; 0 ignored; 0 measured; 0 filtered out; finished in 1.41s

     Running unittests src/lib.rs (target/debug/deps/rom_rabbitmq-a69951e83bee65f6)

running 0 tests

test result: ok. 0 passed; 0 failed; 0 ignored; 0 measured; 0 filtered out; finished in 0.00s

     Running unittests src/lib.rs (target/debug/deps/rom_secrets-37a8ceb2b9366ac7)

running 0 tests

test result: ok. 0 passed; 0 failed; 0 ignored; 0 measured; 0 filtered out; finished in 0.00s

     Running tests/contracts.rs (target/debug/deps/contracts-264c2fdae352a87d)

running 2 tests
test positive_version_and_nonempty_bounded_credentials_are_required ... ok
test references_cannot_select_urls_paths_or_ambiguous_names ... ok

test result: ok. 2 passed; 0 failed; 0 ignored; 0 measured; 0 filtered out; finished in 0.00s

     Running unittests src/lib.rs (target/debug/deps/rom_sql_core-3b3abcab3f618c41)

running 0 tests

test result: ok. 0 passed; 0 failed; 0 ignored; 0 measured; 0 filtered out; finished in 0.00s

     Running tests/executor.rs (target/debug/deps/executor-d25b2c9f4e290f13)

running 13 tests
test cloned_handles_serialize_connection_operations ... ok
test close_stops_admission_but_drains_accepted_operations ... ok
test connection_is_created_and_used_on_its_worker_even_when_not_send ... ok
test discarding_a_ticket_does_not_discard_an_admitted_operation ... ok
test dropping_last_handle_allows_admitted_work_to_finish ... ok
test full_queue_rejects_before_running_the_operation ... ok
test initialization_errors_and_panics_are_reported_before_admission ... ok
test invalid_capacity_rejects_before_connection_initialization ... ok
test panicking_operation_has_unknown_outcome_and_retires_connection ... ok
test recursive_use_rejects_instead_of_deadlocking_the_connection ... ok
test shutdown_joins_connection_destruction_and_reports_destructor_panics ... ok
test terminal_responses_are_consumed_once_even_after_failure ... ok
test waiting_deadline_preserves_ticket_and_does_not_cancel_admitted_work ... ok

test result: ok. 13 passed; 0 failed; 0 ignored; 0 measured; 0 filtered out; finished in 0.00s

     Running unittests src/lib.rs (target/debug/deps/rom_webhook-92aec7b11bf0cedd)

running 0 tests

test result: ok. 0 passed; 0 failed; 0 ignored; 0 measured; 0 filtered out; finished in 0.00s

     Running tests/https.rs (target/debug/deps/https-95de43741d319ec9)

running 0 tests

test result: ok. 0 passed; 0 failed; 0 ignored; 0 measured; 0 filtered out; finished in 0.00s

     Running tests/policy.rs (target/debug/deps/policy-ac433fc2d590412d)

running 2 tests
test refuses_non_public_resolutions_and_ambiguous_urls ... ok
test refuses_unbounded_or_inconsistent_transport_limits ... ok

test result: ok. 2 passed; 0 failed; 0 ignored; 0 measured; 0 filtered out; finished in 0.00s

     Running tests/runtime.rs (target/debug/deps/runtime-776e877f3ca487d7)

running 0 tests

test result: ok. 0 passed; 0 failed; 0 ignored; 0 measured; 0 filtered out; finished in 0.00s

   Doc-tests rom_azure_blob

running 0 tests

test result: ok. 0 passed; 0 failed; 0 ignored; 0 measured; 0 filtered out; finished in 0.00s

   Doc-tests rom_delivery_core

running 1 test
test crates/rom-delivery-core/src/lib.rs - (line 7) ... ok

test result: ok. 1 passed; 0 failed; 0 ignored; 0 measured; 0 filtered out; finished in 0.00s

all doctests ran in 0.32s; merged doctests compilation took 0.31s
   Doc-tests rom_kafka

running 0 tests

test result: ok. 0 passed; 0 failed; 0 ignored; 0 measured; 0 filtered out; finished in 0.00s

   Doc-tests rom_kms

running 0 tests

test result: ok. 0 passed; 0 failed; 0 ignored; 0 measured; 0 filtered out; finished in 0.00s

   Doc-tests rom_nats

running 0 tests

test result: ok. 0 passed; 0 failed; 0 ignored; 0 measured; 0 filtered out; finished in 0.00s

   Doc-tests rom_oidc_presets

running 1 test
test crates/rom-oidc-presets/src/lib.rs - (line 6) ... ok

test result: ok. 1 passed; 0 failed; 0 ignored; 0 measured; 0 filtered out; finished in 0.00s

all doctests ran in 0.31s; merged doctests compilation took 0.30s
   Doc-tests rom_openbao

running 0 tests

test result: ok. 0 passed; 0 failed; 0 ignored; 0 measured; 0 filtered out; finished in 0.00s

   Doc-tests rom_opensearch

running 0 tests

test result: ok. 0 passed; 0 failed; 0 ignored; 0 measured; 0 filtered out; finished in 0.00s

   Doc-tests rom_projection_core

running 2 tests
test crates/rom-projection-core/src/metadata.rs - metadata::ReconciledPage (line 273) - compile fail ... ok
test crates/rom-projection-core/src/search_query.rs - search_query::ApprovedTextQuery (line 102) - compile fail ... ok

test result: ok. 2 passed; 0 failed; 0 ignored; 0 measured; 0 filtered out; finished in 0.06s

   Doc-tests rom_rabbitmq

running 0 tests

test result: ok. 0 passed; 0 failed; 0 ignored; 0 measured; 0 filtered out; finished in 0.00s

   Doc-tests rom_secrets

running 2 tests
test crates/rom-secrets/src/material.rs - material::SecretBytes (line 13) - compile fail ... ok
test crates/rom-secrets/src/material.rs - material::SecretBytes (line 8) - compile fail ... ok

test result: ok. 2 passed; 0 failed; 0 ignored; 0 measured; 0 filtered out; finished in 0.08s

   Doc-tests rom_sql_core

running 1 test
test crates/rom-sql-core/src/lib.rs - (line 7) ... ok

test result: ok. 1 passed; 0 failed; 0 ignored; 0 measured; 0 filtered out; finished in 0.00s

all doctests ran in 0.24s; merged doctests compilation took 0.24s
   Doc-tests rom_webhook

running 0 tests

test result: ok. 0 passed; 0 failed; 0 ignored; 0 measured; 0 filtered out; finished in 0.00s

    Finished `test` profile [unoptimized + debuginfo] target(s) in 0.08s
     Running unittests src/lib.rs (target/debug/deps/rom_webhook-ea45fc455bcf889a)

running 0 tests

test result: ok. 0 passed; 0 failed; 0 ignored; 0 measured; 0 filtered out; finished in 0.00s

     Running tests/https.rs (target/debug/deps/https-03edca90e99b0a5b)

running 2 tests
test common::directory::tests::simultaneous_receivers_with_equal_clock_stamps_have_private_databases ... ok
test delivers_signed_exact_bytes_and_preserves_uncertainty ... (node:923882) ExperimentalWarning: SQLite is an experimental feature and might change at any time
(Use `node --trace-warnings ...` to show where the warning was created)
ok

test result: ok. 2 passed; 0 failed; 0 ignored; 0 measured; 0 filtered out; finished in 0.56s

     Running tests/policy.rs (target/debug/deps/policy-2cc1dc3a1f69ac2d)

running 2 tests
test refuses_non_public_resolutions_and_ambiguous_urls ... ok
test refuses_unbounded_or_inconsistent_transport_limits ... ok

test result: ok. 2 passed; 0 failed; 0 ignored; 0 measured; 0 filtered out; finished in 0.00s

     Running tests/runtime.rs (target/debug/deps/runtime-baad6e5ce1c53eba)

running 4 tests
test common::directory::tests::simultaneous_receivers_with_equal_clock_stamps_have_private_databases ... ok
test durable_intent_reopen_delivery_and_revocation ... (node:923933) ExperimentalWarning: SQLite is an experimental feature and might change at any time
(Use `node --trace-warnings ...` to show where the warning was created)
(node:923970) ExperimentalWarning: SQLite is an experimental feature and might change at any time
(Use `node --trace-warnings ...` to show where the warning was created)
ok
test lost_ack_retry_survives_receiver_restart_and_attempt_budget_is_finite ... (node:924008) ExperimentalWarning: SQLite is an experimental feature and might change at any time
(Use `node --trace-warnings ...` to show where the warning was created)
(node:924027) ExperimentalWarning: SQLite is an experimental feature and might change at any time
(Use `node --trace-warnings ...` to show where the warning was created)
(node:924051) ExperimentalWarning: SQLite is an experimental feature and might change at any time
(Use `node --trace-warnings ...` to show where the warning was created)
(node:924069) ExperimentalWarning: SQLite is an experimental feature and might change at any time
(Use `node --trace-warnings ...` to show where the warning was created)
ok
test source_disclosure_revocation_stops_pending_payload_before_transport ... (node:924095) ExperimentalWarning: SQLite is an experimental feature and might change at any time
(Use `node --trace-warnings ...` to show where the warning was created)
(node:924117) ExperimentalWarning: SQLite is an experimental feature and might change at any time
(Use `node --trace-warnings ...` to show where the warning was created)
ok

test result: ok. 4 passed; 0 failed; 0 ignored; 0 measured; 0 filtered out; finished in 2.64s

   Doc-tests rom_webhook

running 0 tests

test result: ok. 0 passed; 0 failed; 0 ignored; 0 measured; 0 filtered out; finished in 0.00s

    Finished `dev` profile [unoptimized + debuginfo] target(s) in 0.11s
    Finished `test` profile [unoptimized + debuginfo] target(s) in 0.13s
   Doc-tests rom_azure_blob

running 0 tests

test result: ok. 0 passed; 0 failed; 0 ignored; 0 measured; 0 filtered out; finished in 0.00s

   Doc-tests rom_delivery_core

running 1 test
test crates/rom-delivery-core/src/lib.rs - (line 7) ... ok

test result: ok. 1 passed; 0 failed; 0 ignored; 0 measured; 0 filtered out; finished in 0.00s

all doctests ran in 0.21s; merged doctests compilation took 0.21s
   Doc-tests rom_kafka

running 0 tests

test result: ok. 0 passed; 0 failed; 0 ignored; 0 measured; 0 filtered out; finished in 0.00s

   Doc-tests rom_kms

running 0 tests

test result: ok. 0 passed; 0 failed; 0 ignored; 0 measured; 0 filtered out; finished in 0.00s

   Doc-tests rom_nats

running 0 tests

test result: ok. 0 passed; 0 failed; 0 ignored; 0 measured; 0 filtered out; finished in 0.00s

   Doc-tests rom_oidc_presets

running 1 test
test crates/rom-oidc-presets/src/lib.rs - (line 6) ... ok

test result: ok. 1 passed; 0 failed; 0 ignored; 0 measured; 0 filtered out; finished in 0.00s

all doctests ran in 0.20s; merged doctests compilation took 0.20s
   Doc-tests rom_openbao

running 0 tests

test result: ok. 0 passed; 0 failed; 0 ignored; 0 measured; 0 filtered out; finished in 0.00s

   Doc-tests rom_opensearch

running 0 tests

test result: ok. 0 passed; 0 failed; 0 ignored; 0 measured; 0 filtered out; finished in 0.00s

   Doc-tests rom_projection_core

running 2 tests
test crates/rom-projection-core/src/metadata.rs - metadata::ReconciledPage (line 273) - compile fail ... ok
test crates/rom-projection-core/src/search_query.rs - search_query::ApprovedTextQuery (line 102) - compile fail ... ok

test result: ok. 2 passed; 0 failed; 0 ignored; 0 measured; 0 filtered out; finished in 0.06s

   Doc-tests rom_rabbitmq

running 0 tests

test result: ok. 0 passed; 0 failed; 0 ignored; 0 measured; 0 filtered out; finished in 0.00s

   Doc-tests rom_secrets

running 2 tests
test crates/rom-secrets/src/material.rs - material::SecretBytes (line 13) - compile fail ... ok
test crates/rom-secrets/src/material.rs - material::SecretBytes (line 8) - compile fail ... ok

test result: ok. 2 passed; 0 failed; 0 ignored; 0 measured; 0 filtered out; finished in 0.06s

   Doc-tests rom_sql_core

running 1 test
test crates/rom-sql-core/src/lib.rs - (line 7) ... ok

test result: ok. 1 passed; 0 failed; 0 ignored; 0 measured; 0 filtered out; finished in 0.00s

all doctests ran in 0.24s; merged doctests compilation took 0.24s
   Doc-tests rom_webhook

running 0 tests

test result: ok. 0 passed; 0 failed; 0 ignored; 0 measured; 0 filtered out; finished in 0.00s

 Documenting rom-opensearch v0.1.0-dev (/root/ROM-extras/crates/rom-opensearch)
    Finished `dev` profile [unoptimized + debuginfo] target(s) in 0.49s
   Generated /root/ROM-extras/target/doc/rom_azure_blob/index.html and 12 other files
    Finished `dev` profile [unoptimized + debuginfo] target(s) in 0.11s
    Finished `dev` profile [unoptimized + debuginfo] target(s) in 0.05s
    Finished `dev` profile [unoptimized + debuginfo] target(s) in 0.20s
     Running `tests/public-consumer/target/debug/rom-extras-public-consumer`
Public custom field, connection execution, issuer preset, and bounded delivery verified.
    Finished `test` profile [unoptimized + debuginfo] target(s) in 0.12s
     Running tests/projection_checkpoints.rs (tests/public-consumer/target/debug/deps/projection_checkpoints-f7041e28dedf4172)

running 16 tests
test public_checkpoint_consumer_closes_reopens_and_reconciles_both_phases ... ok
test public_worker_recovers_pending_history_after_restart ... ok
test redb_bounded_selected_vectors ... ok
test redb_denied_empty_page_advances ... ok
test redb_generation_expiry_closed_source ... ok
test redb_oversize_selection_before_vectors ... ok
test redb_revoked_field_blocks_recovery ... ok
test redb_revoked_row_blocks_recovery ... ok
test redb_tombstone_restart_old_endpoint ... ok
test sqlite_bounded_selected_vectors ... ok
test sqlite_denied_empty_page_advances ... ok
test sqlite_generation_expiry_closed_source ... ok
test sqlite_oversize_selection_before_vectors ... ok
test sqlite_revoked_field_blocks_recovery ... ok
test sqlite_revoked_row_blocks_recovery ... ok
test sqlite_tombstone_restart_old_endpoint ... ok

test result: ok. 16 passed; 0 failed; 0 ignored; 0 measured; 0 filtered out; finished in 2.21s

    Finished `test` profile [unoptimized + debuginfo] target(s) in 0.10s
     Running tests/projection_search.rs (tests/public-consumer/target/debug/deps/projection_search-39ff50e13aef74c7)

running 23 tests
test native_search::query_and_candidate_admission_is_bounded_and_debug_is_sanitized ... ok
test native_search::redb_bounded_output ... ok
test native_search::redb_candidate_overrun ... ok
test native_search::redb_closed_source ... ok
test native_search::redb_current_hydration ... ok
test native_search::redb_denied_zero_calls ... ok
test native_search::redb_duplicate_candidate ... ok
test native_search::redb_field_revocation ... ok
test native_search::redb_foreign_kind ... ok
test native_search::redb_protected_field_zero_calls ... ok
test native_search::redb_query_revocation ... ok
test native_search::redb_row_revocation ... ok
test native_search::sqlite_bounded_output ... ok
test native_search::sqlite_candidate_overrun ... ok
test native_search::sqlite_closed_source ... ok
test native_search::sqlite_current_hydration ... ok
test native_search::sqlite_denied_zero_calls ... ok
test native_search::sqlite_duplicate_candidate ... ok
test native_search::sqlite_field_revocation ... ok
test native_search::sqlite_foreign_kind ... ok
test native_search::sqlite_protected_field_zero_calls ... ok
test native_search::sqlite_query_revocation ... ok
test native_search::sqlite_row_revocation ... ok

test result: ok. 23 passed; 0 failed; 0 ignored; 0 measured; 0 filtered out; finished in 2.78s

    Blocking waiting for file lock on package cache
    Finished `dev` profile [unoptimized + debuginfo] target(s) in 1.44s
    Finished `dev` profile [unoptimized + debuginfo] target(s) in 0.10s
   Packaging rom-sql-core v0.1.0-dev (/root/ROM-extras/crates/rom-sql-core)
warning: patch `rom v0.0.3 (https://github.com/pmikstacki/ROM?rev=d7ef529040eec60dc869034c2d33130219db85fe#d7ef5290)` was not used in the crate graph
warning: patch `rom-backup v0.0.3 (https://github.com/pmikstacki/ROM?rev=d7ef529040eec60dc869034c2d33130219db85fe#d7ef5290)` was not used in the crate graph
warning: patch `rom-projection-core v0.1.0-dev (/root/ROM-extras/crates/rom-projection-core)` was not used in the crate graph
warning: patch `rom-redb v0.0.3 (https://github.com/pmikstacki/ROM?rev=d7ef529040eec60dc869034c2d33130219db85fe#d7ef5290)` was not used in the crate graph
warning: patch `rom-sqlite v0.0.3 (https://github.com/pmikstacki/ROM?rev=d7ef529040eec60dc869034c2d33130219db85fe#d7ef5290)` was not used in the crate graph
help: Check that the patched package version and available features are compatible
      with the dependency requirements. If the patch has a different version from
      what is locked in the Cargo.lock file, run `cargo update` to use the new
      version. This may also occur with an optional dependency that is not enabled.
    Packaged 9 files, 23.0KiB (6.1KiB compressed)
   Packaging rom-projection-core v0.1.0-dev (/root/ROM-extras/crates/rom-projection-core)
    Updating crates.io index
    Packaged 48 files, 258.8KiB (57.5KiB compressed)
   Packaging rom-opensearch v0.1.0-dev (/root/ROM-extras/crates/rom-opensearch)
    Blocking waiting for file lock on package cache
    Blocking waiting for file lock on package cache
    Updating crates.io index
    Packaged 34 files, 142.3KiB (36.1KiB compressed)
    Blocking waiting for file lock on package cache
   Compiling rom-sql-core v0.1.0-dev (/tmp/projection-packaged-06UjOv/rom-sql-core-0.1.0-dev)
   Compiling rom-projection-core v0.1.0-dev (/tmp/projection-packaged-06UjOv/rom-projection-core-0.1.0-dev)
   Compiling rom-opensearch v0.1.0-dev (/tmp/projection-packaged-06UjOv/rom-opensearch-0.1.0-dev)
   Compiling rom-projection-packaged-consumer v0.0.0 (/tmp/projection-packaged-06UjOv/consumer)
    Finished `dev` profile [unoptimized + debuginfo] target(s) in 2.51s
     Running `target/projection-packaged-consumer/debug/rom-projection-packaged-consumer`
packaged projection checkpoint close/reopen: passed
    Checking rom-sql-core v0.1.0-dev (/tmp/projection-packaged-06UjOv/rom-sql-core-0.1.0-dev)
    Checking rom-projection-core v0.1.0-dev (/tmp/projection-packaged-06UjOv/rom-projection-core-0.1.0-dev)
    Checking rom-opensearch v0.1.0-dev (/tmp/projection-packaged-06UjOv/rom-opensearch-0.1.0-dev)
    Checking rom-projection-packaged-consumer v0.0.0 (/tmp/projection-packaged-06UjOv/consumer)
    Finished `dev` profile [unoptimized + debuginfo] target(s) in 0.74s
   Compiling rom-projection-core v0.1.0-dev (/tmp/projection-packaged-06UjOv/rom-projection-core-0.1.0-dev)
    Finished `test` profile [unoptimized + debuginfo] target(s) in 1.73s
     Running tests/native_history.rs (target/projection-packaged-consumer/debug/deps/native_history-8fdf74a322a2f804)

running 14 tests
test redb_bounded_selected_vectors ... ok
test redb_denied_empty_page_advances ... ok
test redb_generation_expiry_closed_source ... ok
test redb_oversize_selection_before_vectors ... ok
test redb_revoked_field_blocks_recovery ... ok
test redb_revoked_row_blocks_recovery ... ok
test redb_tombstone_restart_old_endpoint ... ok
test sqlite_bounded_selected_vectors ... ok
test sqlite_denied_empty_page_advances ... ok
test sqlite_generation_expiry_closed_source ... ok
test sqlite_oversize_selection_before_vectors ... ok
test sqlite_revoked_field_blocks_recovery ... ok
test sqlite_revoked_row_blocks_recovery ... ok
test sqlite_tombstone_restart_old_endpoint ... ok

test result: ok. 14 passed; 0 failed; 0 ignored; 0 measured; 0 filtered out; finished in 1.07s

     Running tests/search.rs (target/projection-packaged-consumer/debug/deps/search-9b9cd64cf699e7d9)

running 23 tests
test query_and_candidate_admission_is_bounded_and_debug_is_sanitized ... ok
test redb_bounded_output ... ok
test redb_candidate_overrun ... ok
test redb_closed_source ... ok
test redb_current_hydration ... ok
test redb_denied_zero_calls ... ok
test redb_duplicate_candidate ... ok
test redb_field_revocation ... ok
test redb_foreign_kind ... ok
test redb_protected_field_zero_calls ... ok
test redb_query_revocation ... ok
test redb_row_revocation ... ok
test sqlite_bounded_output ... ok
test sqlite_candidate_overrun ... ok
test sqlite_closed_source ... ok
test sqlite_current_hydration ... ok
test sqlite_denied_zero_calls ... ok
test sqlite_duplicate_candidate ... ok
test sqlite_field_revocation ... ok
test sqlite_foreign_kind ... ok
test sqlite_protected_field_zero_calls ... ok
test sqlite_query_revocation ... ok
test sqlite_row_revocation ... ok

test result: ok. 23 passed; 0 failed; 0 ignored; 0 measured; 0 filtered out; finished in 1.63s

    Finished `test` profile [unoptimized + debuginfo] target(s) in 0.06s
     Running tests/native_history.rs (target/projection-packaged-consumer/debug/deps/native_history-8fdf74a322a2f804)

running 14 tests
test redb_bounded_selected_vectors ... ok
test redb_denied_empty_page_advances ... ok
test redb_generation_expiry_closed_source ... ok
test redb_oversize_selection_before_vectors ... ok
test redb_revoked_field_blocks_recovery ... ok
test redb_revoked_row_blocks_recovery ... ok
test redb_tombstone_restart_old_endpoint ... ok
test sqlite_bounded_selected_vectors ... ok
test sqlite_denied_empty_page_advances ... ok
test sqlite_generation_expiry_closed_source ... ok
test sqlite_oversize_selection_before_vectors ... ok
test sqlite_revoked_field_blocks_recovery ... ok
test sqlite_revoked_row_blocks_recovery ... ok
test sqlite_tombstone_restart_old_endpoint ... ok

test result: ok. 14 passed; 0 failed; 0 ignored; 0 measured; 0 filtered out; finished in 1.30s

     Running tests/search.rs (target/projection-packaged-consumer/debug/deps/search-9b9cd64cf699e7d9)

running 23 tests
test query_and_candidate_admission_is_bounded_and_debug_is_sanitized ... ok
test redb_bounded_output ... ok
test redb_candidate_overrun ... ok
test redb_closed_source ... ok
test redb_current_hydration ... ok
test redb_denied_zero_calls ... ok
test redb_duplicate_candidate ... ok
test redb_field_revocation ... ok
test redb_foreign_kind ... ok
test redb_protected_field_zero_calls ... ok
test redb_query_revocation ... ok
test redb_row_revocation ... ok
test sqlite_bounded_output ... ok
test sqlite_candidate_overrun ... ok
test sqlite_closed_source ... ok
test sqlite_current_hydration ... ok
test sqlite_denied_zero_calls ... ok
test sqlite_duplicate_candidate ... ok
test sqlite_field_revocation ... ok
test sqlite_foreign_kind ... ok
test sqlite_protected_field_zero_calls ... ok
test sqlite_query_revocation ... ok
test sqlite_row_revocation ... ok

test result: ok. 23 passed; 0 failed; 0 ignored; 0 measured; 0 filtered out; finished in 1.54s

    Finished `test` profile [unoptimized + debuginfo] target(s) in 0.22s
     Running tests/postgres_executor.rs (tests/public-consumer/target/debug/deps/postgres_executor-ac2790b53db3b1c5)

running 3 tests
test a_driver_job_panic_retires_its_connection_and_rolls_back_uncommitted_sql ... ok
test postgres_client_runs_on_its_worker_inside_a_tokio_caller ... ok
test waiting_deadline_does_not_cancel_the_real_database_commit ... ok

test result: ok. 3 passed; 0 failed; 0 ignored; 0 measured; 0 filtered out; finished in 0.24s

    Finished `dev` profile [unoptimized + debuginfo] target(s) in 0.17s
    Finished `test` profile [unoptimized + debuginfo] target(s) in 0.14s
     Running tests/cockroach_executor.rs (tests/public-consumer/target/debug/deps/cockroach_executor-d3995cbd9182f1eb)

running 7 tests
test acknowledged_row_survives_restart_of_the_same_disk_store ... ok
test byte_keys_preserve_case_unicode_and_zero_bytes ... ok
test duplicate_rejection_rolls_back_preceding_insert_and_fresh_transaction_works ... ok
test panicking_job_retires_connection_and_uncommitted_row_is_absent ... ok
test stale_serializable_read_returns_40001_then_complete_transaction_rereads ... ok
test typed_worker_inside_tokio_uses_cockroach_serializable_session ... ok
test waiting_deadline_does_not_cancel_database_commit ... ok

test result: ok. 7 passed; 0 failed; 0 ignored; 0 measured; 0 filtered out; finished in 8.16s

    Finished `dev` profile [unoptimized + debuginfo] target(s) in 0.14s
    Finished `test` profile [unoptimized + debuginfo] target(s) in 0.18s
     Running tests/oracle_executor.rs (tests/public-consumer/target/debug/deps/oracle_executor-ead7fefc2a19c93d)

running 7 tests
test a_driver_job_panic_retires_its_connection_and_rolls_back_uncommitted_sql ... ok
test acknowledged_row_survives_restart_of_the_same_disk_store ... ok
test bounded_admission_rejects_a_job_without_running_it ... ok
test oracle_client_runs_on_its_worker_inside_a_tokio_caller ... ok
test raw_identifiers_preserve_binary_identity_and_number_zero ... ok
test unique_violation_keeps_prior_write_pending_until_full_rollback ... ok
test waiting_deadline_does_not_cancel_the_real_database_commit ... ok

test result: ok. 7 passed; 0 failed; 0 ignored; 0 measured; 0 filtered out; finished in 9.32s

    Finished `dev` profile [unoptimized + debuginfo] target(s) in 0.25s
    Finished `test` profile [unoptimized + debuginfo] target(s) in 0.21s
     Running tests/mssql_executor.rs (tests/public-consumer/target/debug/deps/mssql_executor-5c67840172634f26)

running 3 tests
test async_tds_connection_runs_on_its_worker_inside_a_tokio_host ... ok
test caller_timeout_does_not_cancel_a_later_sql_server_commit ... ok
test panic_retires_tds_connection_and_open_transaction_rolls_back ... ok

test result: ok. 3 passed; 0 failed; 0 ignored; 0 measured; 0 filtered out; finished in 0.38s

    Finished `dev` profile [unoptimized + debuginfo] target(s) in 0.19s
    Finished `test` profile [unoptimized + debuginfo] target(s) in 0.18s
     Running tests/mysql_executor.rs (tests/public-consumer/target/debug/deps/mysql_executor-8a6ceaeb0940b3b2)

running 5 tests
test acknowledged_binary_identities_survive_labelled_server_restart ... ok
test native_client_runs_on_executor_worker_and_checks_durable_profile ... Backend: 8.4.11
ok
test panic_retires_connection_and_uncommitted_rows_are_absent ... 
thread 'rom-sql-connection' (932032) panicked at tests/mysql_executor.rs:145:13:
synthetic panic before native commit
note: run with `RUST_BACKTRACE=1` environment variable to display a backtrace
ok
test statement_failure_requires_explicit_whole_operation_rollback ... ok
test waiting_deadline_preserves_unknown_while_native_transaction_later_commits ... ok

test result: ok. 5 passed; 0 failed; 0 ignored; 0 measured; 0 filtered out; finished in 2.71s

    Finished `test` profile [unoptimized + debuginfo] target(s) in 0.11s
     Running tests/mysql_executor.rs (tests/public-consumer/target/debug/deps/mysql_executor-8a6ceaeb0940b3b2)

running 5 tests
test acknowledged_binary_identities_survive_labelled_server_restart ... ok
test native_client_runs_on_executor_worker_and_checks_durable_profile ... Backend: 11.8.9-MariaDB-ubu2404-log
ok
test panic_retires_connection_and_uncommitted_rows_are_absent ... 
thread 'rom-sql-connection' (932379) panicked at tests/mysql_executor.rs:145:13:
synthetic panic before native commit
note: run with `RUST_BACKTRACE=1` environment variable to display a backtrace
ok
test statement_failure_requires_explicit_whole_operation_rollback ... ok
test waiting_deadline_preserves_unknown_while_native_transaction_later_commits ... ok

test result: ok. 5 passed; 0 failed; 0 ignored; 0 measured; 0 filtered out; finished in 2.94s

    Finished `dev` profile [unoptimized + debuginfo] target(s) in 0.15s
    Finished `test` profile [unoptimized + debuginfo] target(s) in 0.13s
     Running tests/broker.rs (target/debug/deps/broker-1a855445af656caa)

running 1 test
test acknowledges_exact_payload_and_deduplicates_after_broker_restart ... ok

test result: ok. 1 passed; 0 failed; 0 ignored; 0 measured; 0 filtered out; finished in 1.86s

    Finished `test` profile [unoptimized + debuginfo] target(s) in 0.07s
     Running tests/ack_loss.rs (target/debug/deps/ack_loss-ef3e76a99f9dc87a)

running 1 test
test dropped_publish_ack_preserves_message_and_retry_identity ... ok

test result: ok. 1 passed; 0 failed; 0 ignored; 0 measured; 0 filtered out; finished in 2.11s

     Running tests/runtime.rs (target/debug/deps/runtime-b0f615078591f0ef)

running 1 test
test reopened_runtime_retries_committed_intent_and_rechecks_authority ... ok

test result: ok. 1 passed; 0 failed; 0 ignored; 0 measured; 0 filtered out; finished in 4.51s

     Running tests/tls.rs (target/debug/deps/tls-ece5b3646b8b39f3)

running 1 test
test tls_first_verifies_identity_and_reconnects_same_client_after_restart ... ok

test result: ok. 1 passed; 0 failed; 0 ignored; 0 measured; 0 filtered out; finished in 1.68s

    Finished `dev` profile [unoptimized + debuginfo] target(s) in 0.15s
    Finished `test` profile [unoptimized + debuginfo] target(s) in 0.13s
     Running tests/nats_delivery.rs (tests/public-consumer/target/debug/deps/nats_delivery-16139d9a52453bd5)

running 2 tests
test public_adapter_gets_ca_verified_tls_acknowledgement ... ok
test public_adapter_gets_real_jetstream_acknowledgement ... ok

test result: ok. 2 passed; 0 failed; 0 ignored; 0 measured; 0 filtered out; finished in 0.08s

    Finished `dev` profile [unoptimized + debuginfo] target(s) in 0.13s
    Finished `test` profile [unoptimized + debuginfo] target(s) in 0.14s
     Running tests/broker.rs (target/debug/deps/broker-c55cecfc88f9b2d0)

running 1 test
test confirms_persistence_return_and_redelivery_after_restart ... ok

test result: ok. 1 passed; 0 failed; 0 ignored; 0 measured; 0 filtered out; finished in 8.72s

    Finished `test` profile [unoptimized + debuginfo] target(s) in 0.10s
     Running tests/runtime.rs (target/debug/deps/runtime-256ca078a646ff0f)

running 1 test
test reopened_runtime_retries_committed_message_and_receiver_deduplicates_durably ... ok

test result: ok. 1 passed; 0 failed; 0 ignored; 0 measured; 0 filtered out; finished in 4.89s

    Finished `test` profile [unoptimized + debuginfo] target(s) in 0.09s
     Running tests/tls.rs (target/debug/deps/tls-c7c259ec8174afd9)

running 1 test
test tls_verifies_ca_hostname_password_and_confirms_persistent_payload ... ok

test result: ok. 1 passed; 0 failed; 0 ignored; 0 measured; 0 filtered out; finished in 6.63s

    Finished `dev` profile [unoptimized + debuginfo] target(s) in 0.14s
    Finished `test` profile [unoptimized + debuginfo] target(s) in 0.13s
     Running tests/rabbitmq_delivery.rs (tests/public-consumer/target/debug/deps/rabbitmq_delivery-451117eed637c907)

running 2 tests
test external_consumer_receives_ca_verified_tls_confirmation ... ok
test external_consumer_receives_confirmed_persistent_false_payload ... ok

test result: ok. 2 passed; 0 failed; 0 ignored; 0 measured; 0 filtered out; finished in 0.23s

    Finished `dev` profile [unoptimized + debuginfo] target(s) in 0.14s
TAP version 13
# Subtest: flexible metadata rewrites only the broker port, with nullable rack and tags
ok 1 - flexible metadata rewrites only the broker port, with nullable rack and tags
  ---
  duration_ms: 0.939403
  type: 'test'
  ...
# Subtest: metadata refuses another endpoint and truncated fields
ok 2 - metadata refuses another endpoint and truncated fields
  ---
  duration_ms: 0.24112
  type: 'test'
  ...
# Subtest: drop witness requires successful Produce acknowledgement and real offset
ok 3 - drop witness requires successful Produce acknowledgement and real offset
  ---
  duration_ms: 0.310923
  type: 'test'
  ...
1..3
# tests 3
# suites 0
# pass 3
# fail 0
# cancelled 0
# skipped 0
# todo 0
# duration_ms 37.997468
    Finished `test` profile [unoptimized + debuginfo] target(s) in 0.11s
     Running tests/broker.rs (target/debug/deps/broker-b674d5bf6dc941d3)

running 1 test
test real_offsets_keys_duplicates_restart_and_cancelled_publication ... ok

test result: ok. 1 passed; 0 failed; 0 ignored; 0 measured; 0 filtered out; finished in 16.15s

    Finished `test` profile [unoptimized + debuginfo] target(s) in 0.07s
     Running tests/ack_loss.rs (target/debug/deps/ack_loss-2c0bff3388f5d621)

running 1 test
test successful_broker_write_precedes_unknown_and_same_identity_retry ... ok

test result: ok. 1 passed; 0 failed; 0 ignored; 0 measured; 0 filtered out; finished in 12.42s

    Finished `test` profile [unoptimized + debuginfo] target(s) in 0.06s
     Running tests/runtime.rs (target/debug/deps/runtime-14a5789767362fe3)

running 2 tests
test native_unknown_attempt_budget_stops_durably_without_creating_topic ... ok
test reopened_runtime_retries_same_identity_and_receiver_replays_durable_receipt ... ok

test result: ok. 2 passed; 0 failed; 0 ignored; 0 measured; 0 filtered out; finished in 31.50s

    Finished `test` profile [unoptimized + debuginfo] target(s) in 0.09s
     Running tests/tls.rs (target/debug/deps/tls-c4910e585151b008)

running 1 test
test verified_sasl_tls_rejects_bad_peers_and_reconnects_after_restart ... ok

test result: ok. 1 passed; 0 failed; 0 ignored; 0 measured; 0 filtered out; finished in 34.90s

    Finished `dev` profile [unoptimized + debuginfo] target(s) in 0.11s
    Finished `test` profile [unoptimized + debuginfo] target(s) in 0.15s
     Running tests/kafka_delivery.rs (tests/public-consumer/target/debug/deps/kafka_delivery-d91cb08f14ce0efa)

running 2 tests
test external_consumer_receives_acknowledged_false_json_with_stable_key ... ok
test external_consumer_receives_verified_sasl_tls_publication ... ok

test result: ok. 2 passed; 0 failed; 0 ignored; 0 measured; 0 filtered out; finished in 1.70s

    Finished `dev` profile [unoptimized + debuginfo] target(s) in 0.13s
    Finished `test` profile [unoptimized + debuginfo] target(s) in 0.13s
     Running unittests src/lib.rs (target/debug/deps/rom_azure_blob-b5a9e0d4b6b50609)

running 0 tests

test result: ok. 0 passed; 0 failed; 0 ignored; 0 measured; 0 filtered out; finished in 0.00s

     Running tests/configuration.rs (target/debug/deps/configuration-d87ec740c65e4efc)

running 3 tests
test malformed_credentials_and_unbounded_limits_are_rejected ... ok
test unsafe_endpoints_are_refused_with_valid_credentials ... ok
test valid_cloud_and_emulator_configuration_construct_clients ... ok

test result: ok. 3 passed; 0 failed; 0 ignored; 0 measured; 0 filtered out; finished in 0.05s

     Running tests/emulator.rs (target/debug/deps/emulator-20e1a7dc926d9cb4)

running 3 tests
test false_payload_retains_metadata_and_bytes_after_emulator_restart ... ok
test published_blob_contract_passes_against_azurite ... ok
test wrong_account_key_is_confirmed_denied ... ok

test result: ok. 3 passed; 0 failed; 0 ignored; 0 measured; 0 filtered out; finished in 1.83s

     Running tests/interruption.rs (target/debug/deps/interruption-6c7d726326c76d70)

running 2 tests
test busy_admission_refuses_extra_request_and_unacknowledged_write_is_unknown ... ok
test etag_change_between_metadata_and_body_is_refused ... ok

test result: ok. 2 passed; 0 failed; 0 ignored; 0 measured; 0 filtered out; finished in 0.55s

     Running tests/lifecycle.rs (target/debug/deps/lifecycle-682ef4364eca1b33)

running 2 tests
test deleted_reservation_returns_real_unattached_object_without_implicit_cleanup ... ok
test staged_content_authorization_and_detachment_survive_native_reopen ... ok

test result: ok. 2 passed; 0 failed; 0 ignored; 0 measured; 0 filtered out; finished in 0.41s

   Doc-tests rom_azure_blob

running 0 tests

test result: ok. 0 passed; 0 failed; 0 ignored; 0 measured; 0 filtered out; finished in 0.00s

    Finished `dev` profile [unoptimized + debuginfo] target(s) in 0.12s
    Finished `test` profile [unoptimized + debuginfo] target(s) in 0.13s
     Running tests/azure_blob.rs (tests/public-consumer/target/debug/deps/azure_blob-8a09f3e4ce3999ea)

running 1 test
test public_consumer_preserves_false_and_create_only_contract ... ok

test result: ok. 1 passed; 0 failed; 0 ignored; 0 measured; 0 filtered out; finished in 0.05s

    Finished `dev` profile [unoptimized + debuginfo] target(s) in 0.13s
    Finished `test` profile [unoptimized + debuginfo] target(s) in 0.20s
     Running tests/s3_blob.rs (tests/public-consumer/target/debug/deps/s3_blob-339b7bd3397c7788)

running 7 tests
test blob_service_attachment_authorization_and_detachment_survive_native_reopen ... ok
test blob_service_deleted_reservation_retains_real_unattached_object ... ok
test confirmed_denial_and_restart_retention_pass_on_configured_s3_fixture ... ok
test eight_way_create_has_one_winner_and_seven_confirmed_conflicts ... ok
test lost_s3_success_response_recovers_pending_on_explicit_upload ... ok
test published_port_passes_on_configured_s3_fixture ... ok
test uncertain_concurrent_creates_reconcile_without_overwrite_or_cleanup ... ok

test result: ok. 7 passed; 0 failed; 0 ignored; 0 measured; 0 filtered out; finished in 2.02s

    Finished `dev` profile [unoptimized + debuginfo] target(s) in 0.16s
    Finished `test` profile [unoptimized + debuginfo] target(s) in 0.10s
     Running unittests src/lib.rs (target/debug/deps/rom_kms-048f2fa4b95684e8)

running 0 tests

test result: ok. 0 passed; 0 failed; 0 ignored; 0 measured; 0 filtered out; finished in 0.00s

     Running tests/contracts.rs (target/debug/deps/contracts-c4a72c015549fb1c)

running 2 tests
test context_and_aad_have_distinct_bounded_inputs ... ok
test stored_envelopes_require_identity_version_and_bounded_ciphertext ... ok

test result: ok. 2 passed; 0 failed; 0 ignored; 0 measured; 0 filtered out; finished in 0.00s

     Running unittests src/lib.rs (target/debug/deps/rom_openbao-19c491d372a5ffce)

running 0 tests

test result: ok. 0 passed; 0 failed; 0 ignored; 0 measured; 0 filtered out; finished in 0.00s

     Running tests/configuration.rs (target/debug/deps/configuration-212dafa60cd256de)

running 2 tests
test endpoint_cannot_redirect_credential_authority_or_embed_private_data ... ok
test locations_reject_path_injection_and_duplicate_aliases ... ok

test result: ok. 2 passed; 0 failed; 0 ignored; 0 measured; 0 filtered out; finished in 0.00s

     Running tests/service.rs (target/debug/deps/service-e5e5175aa563b6a6)

running 12 tests
test actual_key_rotation_and_minimum_version_preserve_authenticated_outcomes ... ok
test actual_kv_versions_and_denied_reference_do_not_fall_back ... ok
test actual_transit_authenticates_context_and_aad_before_exposure ... ok
test actual_transit_preserves_empty_and_maximum_owned_plaintext ... ok
test expired_token_and_denied_key_do_not_use_previous_material ... ok
test fixture_rejects_unknown_ca_and_unmatched_ip_identity ... ok
test live_rotation_deleted_versions_and_revocation_never_return_cached_material ... ok
test occupied_admission_rejects_without_queue_and_recovers_after_actual_read ... ok
test paused_actual_service_exceeds_deadline_then_same_client_recovers ... ok
test persistent_restart_preserves_versions_and_ciphertext_with_fresh_client ... ok
test response_limit_applies_to_success_and_permission_error_bodies ... ok
test update_only_token_cannot_create_a_missing_transit_key ... ok

test result: ok. 12 passed; 0 failed; 0 ignored; 0 measured; 0 filtered out; finished in 6.32s

     Running unittests src/lib.rs (target/debug/deps/rom_secrets-201273ab81444677)

running 0 tests

test result: ok. 0 passed; 0 failed; 0 ignored; 0 measured; 0 filtered out; finished in 0.00s

     Running tests/contracts.rs (target/debug/deps/contracts-7dd5cc6031d5abbc)

running 2 tests
test positive_version_and_nonempty_bounded_credentials_are_required ... ok
test references_cannot_select_urls_paths_or_ambiguous_names ... ok

test result: ok. 2 passed; 0 failed; 0 ignored; 0 measured; 0 filtered out; finished in 0.00s

   Doc-tests rom_kms

running 0 tests

test result: ok. 0 passed; 0 failed; 0 ignored; 0 measured; 0 filtered out; finished in 0.00s

   Doc-tests rom_openbao

running 0 tests

test result: ok. 0 passed; 0 failed; 0 ignored; 0 measured; 0 filtered out; finished in 0.00s

   Doc-tests rom_secrets

running 2 tests
test crates/rom-secrets/src/material.rs - material::SecretBytes (line 13) - compile fail ... ok
test crates/rom-secrets/src/material.rs - material::SecretBytes (line 8) - compile fail ... ok

test result: ok. 2 passed; 0 failed; 0 ignored; 0 measured; 0 filtered out; finished in 0.07s

    Finished `dev` profile [unoptimized + debuginfo] target(s) in 0.10s
    Finished `test` profile [unoptimized + debuginfo] target(s) in 0.15s
     Running tests/secrets_host.rs (tests/public-consumer/target/debug/deps/secrets_host-e5ea97ba3679e160)

running 2 tests
test native_stores_journal_and_host_captures_keep_only_approved_reference ... ok
test provider_disable_after_actual_resolution_rejects_prepared_material ... ok

test result: ok. 2 passed; 0 failed; 0 ignored; 0 measured; 0 filtered out; finished in 0.46s

    Finished `dev` profile [unoptimized + debuginfo] target(s) in 0.15s
   Packaging rom-secrets v0.1.0-dev (/root/ROM-extras/crates/rom-secrets)
warning: patch `rom-kms v0.1.0-dev (/root/ROM-extras/crates/rom-kms)` was not used in the crate graph
help: Check that the patched package version and available features are compatible
      with the dependency requirements. If the patch has a different version from
      what is locked in the Cargo.lock file, run `cargo update` to use the new
      version. This may also occur with an optional dependency that is not enabled.
    Updating crates.io index
    Packaged 10 files, 8.5KiB (3.6KiB compressed)
   Packaging rom-kms v0.1.0-dev (/root/ROM-extras/crates/rom-kms)
    Updating crates.io index
    Packaged 9 files, 7.5KiB (3.0KiB compressed)
   Packaging rom-openbao v0.1.0-dev (/root/ROM-extras/crates/rom-openbao)
    Updating crates.io index
    Packaged 17 files, 82.1KiB (21.0KiB compressed)
   Compiling rom-secrets v0.1.0-dev (/root/ROM-extras/.superpowers/secrets-packaged-IaVWU0/rom-secrets-0.1.0-dev)
   Compiling rom-kms v0.1.0-dev (/root/ROM-extras/.superpowers/secrets-packaged-IaVWU0/rom-kms-0.1.0-dev)
   Compiling rom-openbao v0.1.0-dev (/root/ROM-extras/.superpowers/secrets-packaged-IaVWU0/rom-openbao-0.1.0-dev)
   Compiling rom-secrets-packaged-consumer v0.0.0 (/root/ROM-extras/.superpowers/secrets-packaged-IaVWU0/consumer)
    Finished `dev` profile [unoptimized + debuginfo] target(s) in 1.09s
     Running `target/secrets-packaged-consumer/debug/rom-secrets-packaged-consumer`
Packaged KV and derived Transit smoke passed.
    Checking rom-secrets v0.1.0-dev (/root/ROM-extras/.superpowers/secrets-packaged-IaVWU0/rom-secrets-0.1.0-dev)
    Checking rom-kms v0.1.0-dev (/root/ROM-extras/.superpowers/secrets-packaged-IaVWU0/rom-kms-0.1.0-dev)
    Checking rom-openbao v0.1.0-dev (/root/ROM-extras/.superpowers/secrets-packaged-IaVWU0/rom-openbao-0.1.0-dev)
    Checking rom-secrets-packaged-consumer v0.0.0 (/root/ROM-extras/.superpowers/secrets-packaged-IaVWU0/consumer)
    Finished `dev` profile [unoptimized + debuginfo] target(s) in 0.38s
   Compiling rom-opensearch v0.1.0-dev (/root/ROM-extras/crates/rom-opensearch)
    Finished `test` profile [unoptimized + debuginfo] target(s) in 0.99s
     Running unittests src/lib.rs (target/debug/deps/rom_opensearch-1f75fce27605f5e1)

running 11 tests
test partial_bulk::http200_partial_bulk_cannot_publish_complete_observations ... ok
test search_response_tests::complete_response_keeps_original_key_and_revision ... ok
test search_response_tests::foreign_identity_profile_and_hidden_source_fail_closed ... ok
test search_response_tests::invalid_revision_duplicates_and_overrun_fail_closed ... ok
test search_response_tests::timeout_partial_and_early_termination_are_not_empty_success ... ok
test transport_tests::fixture_startup_timeout_and_malformed_readiness_join_owned_child ... ok
test transport_tests::generation_inspection_has_one_total_deadline_across_successful_requests ... ok
test transport_tests::operation_deadline_stops_a_server_that_never_responds ... ok
test transport_tests::oversized_stream_declared_size_and_invalid_json_never_become_observations ... ok
test transport_tests::redirects_never_reach_destination_and_are_not_retried ... ok
test transport_tests::wrong_trust_root_prevents_any_http_disclosure ... ok

test result: ok. 11 passed; 0 failed; 0 ignored; 0 measured; 0 filtered out; finished in 2.55s

     Running tests/boundaries.rs (target/debug/deps/boundaries-32be87c366b47ebb)

running 2 tests
test profile_fingerprint_includes_model_mapping_provider_and_deployment ... ok
test tls_origin_rejects_credential_paths_redirect_inputs_and_unbounded_material ... ok

test result: ok. 2 passed; 0 failed; 0 ignored; 0 measured; 0 filtered out; finished in 0.00s

     Running tests/restart.rs (target/debug/deps/restart-2bfd459cdc1c5457)

running 1 test
test restart_preserves_exact_live_and_tombstone_before_replay ... ok

test result: ok. 1 passed; 0 failed; 0 ignored; 0 measured; 0 filtered out; finished in 16.31s

     Running tests/runtime_recovery.rs (target/debug/deps/runtime_recovery-9aefe4a684e3c34c)

running 2 tests
test redb_native_recovery_after_actual_acknowledgement_loss ... ok
test sqlite_native_recovery_after_actual_acknowledgement_loss ... ok

test result: ok. 2 passed; 0 failed; 0 ignored; 0 measured; 0 filtered out; finished in 45.14s

     Running tests/search.rs (target/debug/deps/search-24be5140a2513511)

running 14 tests
test redb_native_field_revocation ... ok
test redb_native_held_search_deadline ... ok
test redb_native_mapping_drift_rejects_held_candidates ... ok
test redb_native_protected_query_zero_requests ... ok
test redb_native_query_revocation ... ok
test redb_native_row_revocation ... ok
test redb_native_typed_search ... ok
test sqlite_native_field_revocation ... ok
test sqlite_native_held_search_deadline ... ok
test sqlite_native_mapping_drift_rejects_held_candidates ... ok
test sqlite_native_protected_query_zero_requests ... ok
test sqlite_native_query_revocation ... ok
test sqlite_native_row_revocation ... ok
test sqlite_native_typed_search ... ok

test result: ok. 14 passed; 0 failed; 0 ignored; 0 measured; 0 filtered out; finished in 28.48s

     Running tests/service.rs (target/debug/deps/service-b754b247465261d4)

running 8 tests
test actual_external_replay_conflict_stale_and_tombstone ... ok
test actual_response_loss_replay_inspects_native_committed_state ... ok
test changed_approved_document_profile_fails_before_write ... ok
test empty_indexed_fields_preserve_exact_selected_values ... ok
test late_native_request_after_timeout_cannot_regress_live_or_tombstone ... ok
test page_and_selected_text_bounds_reject_without_native_intent_or_network ... ok
test signed_maximum_and_exact_unindexed_json_round_trip ... ok
test signed_revision_overflow_rejected_before_dispatch ... ok

test result: ok. 8 passed; 0 failed; 0 ignored; 0 measured; 0 filtered out; finished in 16.17s

   Doc-tests rom_opensearch

running 0 tests

test result: ok. 0 passed; 0 failed; 0 ignored; 0 measured; 0 filtered out; finished in 0.00s

    Checking rom-opensearch v0.1.0-dev (/root/ROM-extras/crates/rom-opensearch)
    Finished `dev` profile [unoptimized + debuginfo] target(s) in 0.44s
   Compiling rom-extras-public-consumer v0.0.0 (/root/ROM-extras/tests/public-consumer)
    Finished `test` profile [unoptimized + debuginfo] target(s) in 1.54s
     Running tests/opensearch.rs (tests/public-consumer/target/debug/deps/opensearch-9e2d0c20b0dc82db)

running 15 tests
test native_writes_and_observations_use_public_api ... ok
test redb_field_revocation ... ok
test redb_native_held_search_deadline ... ok
test redb_native_mapping_drift_rejects_held_candidates ... ok
test redb_native_protected_query_zero_requests ... ok
test redb_native_search_uses_public_api ... ok
test redb_query_revocation ... ok
test redb_row_revocation ... ok
test sqlite_field_revocation ... ok
test sqlite_native_held_search_deadline ... ok
test sqlite_native_mapping_drift_rejects_held_candidates ... ok
test sqlite_native_protected_query_zero_requests ... ok
test sqlite_native_search_uses_public_api ... ok
test sqlite_query_revocation ... ok
test sqlite_row_revocation ... ok

test result: ok. 15 passed; 0 failed; 0 ignored; 0 measured; 0 filtered out; finished in 28.45s

    Checking rom-extras-public-consumer v0.0.0 (/root/ROM-extras/tests/public-consumer)
    Finished `dev` profile [unoptimized + debuginfo] target(s) in 0.49s
PASS all 301/302/303/307/308 redirects rejected; zero target calls; no private credential used
PASS indexed=False exact-u64 stale/equal fencing, empty-vector tombstone, concurrent initial insert; physical-delete resurrection counterexample confirmed
PASS indexed=True exact-u64 stale/equal fencing, empty-vector tombstone, concurrent initial insert; physical-delete resurrection counterexample confirmed
PASS unauthorized/read-only writes rejected; verified HTTPS; service version 1.19.2
PASS indexed=False: delayed request after client timeout cannot replace newer live/tombstone; actual response drop reconciled; stale replay rejected
PASS indexed=True: delayed request after client timeout cannot replace newer live/tombstone; actual response drop reconciled; stale replay rejected
PASS restart: indexed/unindexed tombstones including u64::MAX remain fenced; lost-response/newer state persists
PASS verified mTLS writer/reader scopes; external version stale/equal fences; signed revision limit; persistent tombstone; HTTP200 Bulk partial failure inspected; live query excludes tombstone
PASS persistent service restart: documents, i64::MAX and tombstone revision fence retained
