    Finished `test` profile [unoptimized + debuginfo] target(s) in 0.08s
     Running unittests src/lib.rs (target/debug/deps/rom_projection_core-2dc88edf796bc459)

running 17 tests
test checkpoint::faults::completion_sync_error_recovers_atomically_applied_keys_cursor_and_receipt ... ok
test checkpoint::faults::completion_write_error_recovers_atomically_absent_keys_and_unadvanced_cursor ... ok
test checkpoint::faults::error_after_actual_native_sync_reconciles_applied_after_handle_retirement ... ok
test checkpoint::faults::error_before_native_write_reconciles_absent_after_handle_retirement ... ok
test checkpoint::faults::unwinding_commit_panic_retires_handle_and_reconciles_the_durable_intent ... ok
test lifecycle::tests::dropped_inflight_startup_future_keeps_slot_until_actual_owner_cleanup ... ok
test lifecycle::tests::dropping_a_buffered_startup_response_releases_ownership_without_host_shutdown ... ok
test lifecycle::tests::native_start_failure_releases_slot_before_waking_its_response ... ok
test metadata::tests::sequence_exhaustion_is_rejected_before_preparing_an_unfinishable_page ... ok
test preflight::cancellation_tests::bounded_copy_cancels_after_one_chunk_without_changing_source ... ok
test preflight::cancellation_tests::scan_cancels_at_256_records_before_later_corruption_is_examined ... ok
test storage_worker::lifecycle_tests::async_shutdown_yields_while_native_work_is_still_active ... ok
test storage_worker::lifecycle_tests::dropped_shutdown_future_still_drains_accepted_intent_and_retains_terminal_result ... ok
test storage_worker::lifecycle_tests::managed_drop_never_joins_active_native_io_on_the_async_caller ... ok
test storage_worker::tests::full_queue_rejects_without_execution_and_join_drains_the_accepted_intent ... ok
test storage_worker::tests::owner_drop_waits_for_active_work_and_releases_native_ownership ... ok
test storage_worker::tests::unexpected_job_panic_loses_response_without_claiming_rollback ... ok

test result: ok. 17 passed; 0 failed; 0 ignored; 0 measured; 0 filtered out; finished in 1.45s

