rustc 1.99.0 (b940084d7 2026-09-28)
binary: rustc
commit-hash: b940084d7eb6a299eb4bfeb8e34901bc051e7ac4
commit-date: 2026-09-28
host: x86_64-unknown-linux-gnu
release: 1.99.0
LLVM version: 23.1.1
    Finished `dev` profile [unoptimized + debuginfo] target(s) in 0.55s
    Finished `test` profile [unoptimized + debuginfo] target(s) in 0.30s
     Running unittests src/lib.rs (target/debug/deps/rom_azure_blob-b9525102e9c1c723)

running 0 tests

test result: ok. 0 passed; 0 failed; 0 ignored; 0 measured; 0 filtered out; finished in 0.00s

     Running tests/configuration.rs (target/debug/deps/configuration-1838c1ca2306b1cb)

running 3 tests
test unsafe_endpoints_are_refused_with_valid_credentials ... ok
test malformed_credentials_and_unbounded_limits_are_rejected ... ok
test valid_cloud_and_emulator_configuration_construct_clients ... ok

test result: ok. 3 passed; 0 failed; 0 ignored; 0 measured; 0 filtered out; finished in 0.06s

     Running tests/interruption.rs (target/debug/deps/interruption-16b5e12b947ba120)

running 2 tests
test etag_change_between_metadata_and_body_is_refused ... ok
test busy_admission_refuses_extra_request_and_unacknowledged_write_is_unknown ... ok

test result: ok. 2 passed; 0 failed; 0 ignored; 0 measured; 0 filtered out; finished in 0.53s

     Running unittests src/lib.rs (target/debug/deps/rom_delivery_core-3696fbf994d495ab)

running 0 tests

test result: ok. 0 passed; 0 failed; 0 ignored; 0 measured; 0 filtered out; finished in 0.00s

     Running tests/preparation.rs (target/debug/deps/preparation-34f1d2e906183573)

running 5 tests
test retry_keeps_identity_and_payload_but_exposes_the_runtime_attempt ... ok
test prepared_debug_output_does_not_disclose_payload_values ... ok
test encoded_byte_limit_includes_json_quotes_escaping_and_utf8 ... ok
test invalid_identity_rejects_before_payload_encoding ... ok
test scalar_payloads_keep_null_false_zero_and_empty_distinct ... ok

test result: ok. 5 passed; 0 failed; 0 ignored; 0 measured; 0 filtered out; finished in 0.00s

     Running tests/signing.rs (target/debug/deps/signing-2193150e5009482e)

running 2 tests
test signature_matches_independent_node_crypto_vector ... ok
test rotation_signs_with_current_and_previous_keys_without_changing_the_message ... ok

test result: ok. 2 passed; 0 failed; 0 ignored; 0 measured; 0 filtered out; finished in 0.00s

     Running unittests src/lib.rs (target/debug/deps/rom_kafka-554bc47033f0c56d)

running 4 tests
test config_tests::transactional_configuration_is_refused_without_reinterpreting_it ... ok
test config_tests::minimum_deadline_remains_finite_and_native_socket_timeout_is_valid ... ok
test config_tests::native_aliases_cannot_weaken_acknowledgement_or_retry_bounds ... ok
test delivery::tests::real_native_queue_full_refuses_before_enqueue_without_retiring ... ok

test result: ok. 4 passed; 0 failed; 0 ignored; 0 measured; 0 filtered out; finished in 0.20s

     Running unittests src/lib.rs (target/debug/deps/rom_kms-1efccfc548568baa)

running 0 tests

test result: ok. 0 passed; 0 failed; 0 ignored; 0 measured; 0 filtered out; finished in 0.00s

     Running tests/contracts.rs (target/debug/deps/contracts-e3d851cd28c026c3)

running 2 tests
test context_and_aad_have_distinct_bounded_inputs ... ok
test stored_envelopes_require_identity_version_and_bounded_ciphertext ... ok

test result: ok. 2 passed; 0 failed; 0 ignored; 0 measured; 0 filtered out; finished in 0.00s

     Running unittests src/lib.rs (target/debug/deps/rom_nats-1c8f33075241e8cc)

running 0 tests

test result: ok. 0 passed; 0 failed; 0 ignored; 0 measured; 0 filtered out; finished in 0.00s

     Running unittests src/lib.rs (target/debug/deps/rom_oidc_presets-5c519787b5d1ea19)

running 0 tests

test result: ok. 0 passed; 0 failed; 0 ignored; 0 measured; 0 filtered out; finished in 0.00s

     Running tests/configuration.rs (target/debug/deps/configuration-48d27316d426e22d)

running 6 tests
test unicode_whitespace_and_controls_are_rejected_before_url_parsing ... ok
test entra_binds_one_concrete_tenant ... ok
test invalid_issuer_forms_are_rejected ... ok
test exact_issuer_preserves_the_original_binding ... ok
test keycloak_keeps_the_deployment_context_path ... ok
test configuration_delegates_names_and_does_not_fetch_keys ... ok

test result: ok. 6 passed; 0 failed; 0 ignored; 0 measured; 0 filtered out; finished in 0.00s

     Running tests/verification.rs (target/debug/deps/verification-aa92aca4f1f8e721)

running 3 tests
test rotation_replaces_keys_without_changing_the_issuer_or_profile ... ok
test every_preset_preserves_rom_human_evidence_and_expiry ... ok
test binding_expiry_and_signature_failures_cannot_create_evidence ... ok

test result: ok. 3 passed; 0 failed; 0 ignored; 0 measured; 0 filtered out; finished in 0.21s

     Running unittests src/lib.rs (target/debug/deps/rom_openbao-e9b5e88f98007225)

running 0 tests

test result: ok. 0 passed; 0 failed; 0 ignored; 0 measured; 0 filtered out; finished in 0.00s

     Running tests/configuration.rs (target/debug/deps/configuration-6bf2508e63c8f97a)

running 2 tests
test endpoint_cannot_redirect_credential_authority_or_embed_private_data ... ok
test locations_reject_path_injection_and_duplicate_aliases ... ok

test result: ok. 2 passed; 0 failed; 0 ignored; 0 measured; 0 filtered out; finished in 0.00s

     Running tests/service.rs (target/debug/deps/service-b3e279da4da9e03c)

running 0 tests

test result: ok. 0 passed; 0 failed; 0 ignored; 0 measured; 0 filtered out; finished in 0.00s

     Running unittests src/lib.rs (target/debug/deps/rom_opensearch-7de63b4c59a6aaa7)

running 0 tests

test result: ok. 0 passed; 0 failed; 0 ignored; 0 measured; 0 filtered out; finished in 0.00s

     Running tests/boundaries.rs (target/debug/deps/boundaries-c9c38f012435089a)

running 2 tests
test profile_fingerprint_includes_model_mapping_provider_and_deployment ... ok
test tls_origin_rejects_credential_paths_redirect_inputs_and_unbounded_material ... ok

test result: ok. 2 passed; 0 failed; 0 ignored; 0 measured; 0 filtered out; finished in 0.00s

     Running tests/restart.rs (target/debug/deps/restart-49292432b796da03)

running 0 tests

test result: ok. 0 passed; 0 failed; 0 ignored; 0 measured; 0 filtered out; finished in 0.00s

     Running tests/runtime_recovery.rs (target/debug/deps/runtime_recovery-0614d18cdd9dc4ff)

running 0 tests

test result: ok. 0 passed; 0 failed; 0 ignored; 0 measured; 0 filtered out; finished in 0.00s

     Running tests/service.rs (target/debug/deps/service-821d27852c176606)

running 0 tests

test result: ok. 0 passed; 0 failed; 0 ignored; 0 measured; 0 filtered out; finished in 0.00s

     Running unittests src/lib.rs (target/debug/deps/rom_projection_core-dc0614fa51c0a550)

running 17 tests
test metadata::tests::sequence_exhaustion_is_rejected_before_preparing_an_unfinishable_page ... ok
test preflight::cancellation_tests::bounded_copy_cancels_after_one_chunk_without_changing_source ... ok
test lifecycle::tests::native_start_failure_releases_slot_before_waking_its_response ... ok
test storage_worker::tests::unexpected_job_panic_loses_response_without_claiming_rollback ... ok
test lifecycle::tests::dropping_a_buffered_startup_response_releases_ownership_without_host_shutdown ... ok
test lifecycle::tests::dropped_inflight_startup_future_keeps_slot_until_actual_owner_cleanup ... ok
test storage_worker::tests::owner_drop_waits_for_active_work_and_releases_native_ownership ... ok
test storage_worker::lifecycle_tests::async_shutdown_yields_while_native_work_is_still_active ... ok
test storage_worker::lifecycle_tests::managed_drop_never_joins_active_native_io_on_the_async_caller ... ok
test storage_worker::tests::full_queue_rejects_without_execution_and_join_drains_the_accepted_intent ... ok
test storage_worker::lifecycle_tests::dropped_shutdown_future_still_drains_accepted_intent_and_retains_terminal_result ... ok
test preflight::cancellation_tests::scan_cancels_at_256_records_before_later_corruption_is_examined ... ok
test checkpoint::faults::error_before_native_write_reconciles_absent_after_handle_retirement ... ok
test checkpoint::faults::completion_write_error_recovers_atomically_absent_keys_and_unadvanced_cursor ... ok
test checkpoint::faults::unwinding_commit_panic_retires_handle_and_reconciles_the_durable_intent ... ok
test checkpoint::faults::completion_sync_error_recovers_atomically_applied_keys_cursor_and_receipt ... ok
test checkpoint::faults::error_after_actual_native_sync_reconciles_applied_after_handle_retirement ... ok

test result: ok. 17 passed; 0 failed; 0 ignored; 0 measured; 0 filtered out; finished in 0.43s

     Running tests/boundaries.rs (target/debug/deps/boundaries-542ffff282214bad)

running 4 tests
test invalid_identity_and_zero_revision_are_rejected_before_store_access ... ok
test remote_observation_rejects_oversized_target_before_owned_copy ... ok
test page_rejects_equal_revision_content_conflict_before_collapsing_keys ... ok
test page_rejects_generation_gap_backward_progress_and_excess_work ... ok

test result: ok. 4 passed; 0 failed; 0 ignored; 0 measured; 0 filtered out; finished in 0.00s

     Running tests/cancellation.rs (target/debug/deps/cancellation-a7c13b5e0bfb9bcb)

running 2 tests
test pre_cancelled_reopen_does_not_retire_a_usable_engine_or_release_ownership ... ok
test cancelled_open_preserves_bytes_and_releases_admission ... ok

test result: ok. 2 passed; 0 failed; 0 ignored; 0 measured; 0 filtered out; finished in 0.07s

     Running tests/checkpoint_recovery.rs (target/debug/deps/checkpoint_recovery-afbccf22c581717c)

running 7 tests
test partial_or_conflicting_remote_observations_cannot_advance_cursor ... ok
test fresh_store_is_private_and_durable_after_full_close ... ok
test durable_key_state_rejects_stale_and_conflicting_equal_revision_after_reopen ... ok
test complete_page_publishes_all_keys_and_cursor_together ... ok
test filtered_page_advances_without_inventing_key_state ... ok
test accepted_intent_survives_reopen_without_acknowledging_its_cursor ... ok
test original_keys_with_ambiguous_separator_concatenation_remain_distinct ... ok

test result: ok. 7 passed; 0 failed; 0 ignored; 0 measured; 0 filtered out; finished in 0.20s

     Running tests/documents.rs (target/debug/deps/documents-f8cfb41edb8dc9d6)

running 8 tests
test duplicate_fields_and_model_dimension_mismatch_are_rejected ... ok
test tombstones_clear_fields_and_vectors_and_vector_profile_is_exact ... ok
test configuration_and_array_order_change_content_but_object_order_does_not ... ok
test only_selected_authorized_fields_are_retained_and_position_is_not_content ... ok
test oversize_and_deep_selected_values_are_rejected_but_unselected_values_are_not_copied ... ok
test absent_null_false_zero_empty_and_integer_precision_remain_distinct ... ok
test largest_vector_and_canonical_zero_are_supported_with_finite_bounds ... ok
test changed_selector_is_a_different_durable_profile_not_an_in_place_mapping ... ok

test result: ok. 8 passed; 0 failed; 0 ignored; 0 measured; 0 filtered out; finished in 0.09s

     Running tests/history.rs (target/debug/deps/history-60f84aed8223c448)

running 11 tests
test malformed_overrun_is_rejected_before_any_mapping_and_poisoned ... ok
test mapper_cannot_substitute_original_identity_or_tombstone ... ok
test stalled_generation_change_and_work_exhaustion_fail_closed ... ok
test filtered_empty_history_advances_only_after_inspected_coverage ... ok
test cancellation_preserves_cursor_and_accepts_a_later_uncancelled_attempt ... ok
test changed_disclosure_and_changed_mapping_require_rebuild ... ok
test fetch_budget_is_finite_and_empty_noop_requires_no_fetch ... ok
test revision_regression_and_equal_revision_mismatch_across_batches_fail ... ok
test replay_overrun_maps_only_old_interval_and_returns_exact_old_intent ... ok
test mapper_panic_cannot_leave_a_reusable_partial_reconstruction ... ok
test reconstruction_does_not_publish_or_replace_the_actual_durable_pending_intent ... ok

test result: ok. 11 passed; 0 failed; 0 ignored; 0 measured; 0 filtered out; finished in 0.07s

     Running tests/lifecycle.rs (target/debug/deps/lifecycle-ac5bb1f87c0213d9)

running 6 tests
test oversized_path_rejects_before_lifecycle_admission ... ok
test precancelled_create_never_creates_checkpoint ... ok
test active_owner_rejects_second_start_without_creating_its_file ... ok
test host_shutdown_revokes_a_live_managed_owner_and_closes_future_admission ... ok
test failed_native_start_preserves_classification_and_releases_only_its_slot ... ok
test managed_create_shutdown_and_reopen_release_actual_native_ownership ... ok

test result: ok. 6 passed; 0 failed; 0 ignored; 0 measured; 0 filtered out; finished in 0.15s

     Running tests/native_history.rs (target/debug/deps/native_history-6682bd27a0d2906f)

running 14 tests
test redb_oversize_selection_before_vectors ... ok
test redb_generation_expiry_closed_source ... ok
test redb_bounded_selected_vectors ... ok
test sqlite_oversize_selection_before_vectors ... ok
test sqlite_generation_expiry_closed_source ... ok
test sqlite_bounded_selected_vectors ... ok
test redb_denied_empty_page_advances ... ok
test redb_revoked_field_blocks_recovery ... ok
test redb_revoked_row_blocks_recovery ... ok
test sqlite_denied_empty_page_advances ... ok
test sqlite_revoked_field_blocks_recovery ... ok
test sqlite_revoked_row_blocks_recovery ... ok
test redb_tombstone_restart_old_endpoint ... ok
test sqlite_tombstone_restart_old_endpoint ... ok

test result: ok. 14 passed; 0 failed; 0 ignored; 0 measured; 0 filtered out; finished in 0.46s

     Running tests/process_recovery.rs (target/debug/deps/process_recovery-52fcbea950a53d3c)

running 10 tests
test child_process ... ignored, invoked in a bounded child process by the parent cases
test hard_link_deployment_is_rejected_before_engine_open ... ok
test ownership_rejects_a_second_process_and_supported_path_alias ... ok
test missing_application_marker_is_not_initialized_as_a_fresh_store ... ok
test oversized_state_record_is_rejected_without_source_changes ... ok
test future_format_rejection_preserves_original_bytes ... ok
test retained_receipt_cannot_hide_a_changed_completed_cursor ... ok
test retained_receipt_cannot_hide_a_missing_acknowledged_key ... ok
test rejected_future_dirty_source_is_not_repaired_or_rewritten ... ok
test acknowledged_intent_recovers_after_process_exit_without_engine_drop ... ok

test result: ok. 9 passed; 0 failed; 1 ignored; 0 measured; 0 filtered out; finished in 0.28s

     Running tests/storage_worker.rs (target/debug/deps/storage_worker-6ddd2e4e0031183b)

running 3 tests
test cancelled_initialization_returns_the_checkpoint_category ... ok
test typed_commands_publish_and_shutdown_precedes_another_owner ... ok
test accepted_intent_survives_dropped_response_and_join_releases_ownership ... ok

test result: ok. 3 passed; 0 failed; 0 ignored; 0 measured; 0 filtered out; finished in 0.13s

     Running tests/worker.rs (target/debug/deps/worker-23b1c5ce1ee99735)

running 12 tests
test unreconstructable_span_is_rejected_before_native_intent ... ok
test precancelled_attempt_never_prepares_or_dispatches ... ok
test request_validation_rejects_before_native_intent_and_dispatch ... ok
test empty_filtered_page_commits_without_backend_request ... ok
test higher_remote_revision_is_not_exact_acknowledgement ... ok
test unknown_remote_result_keeps_pending_and_blocks_later_page ... ok
test recovery_never_fetches_a_sixty_fifth_history_page ... ok
test native_intent_precedes_dispatch_and_exact_observation_publishes_cursor ... ok
test changed_disclosure_after_restart_never_dispatches_or_advances ... ok
test dropped_future_after_host_acceptance_keeps_native_intent_for_recovery ... ok
test cancellation_after_host_acceptance_preserves_pending_before_local_completion ... ok
test restart_recovery_reconstructs_old_interval_before_replay_and_ignores_overrun ... ok

test result: ok. 12 passed; 0 failed; 0 ignored; 0 measured; 0 filtered out; finished in 0.60s

     Running unittests src/lib.rs (target/debug/deps/rom_rabbitmq-a69951e83bee65f6)

running 0 tests

test result: ok. 0 passed; 0 failed; 0 ignored; 0 measured; 0 filtered out; finished in 0.00s

     Running unittests src/lib.rs (target/debug/deps/rom_secrets-37a8ceb2b9366ac7)

running 0 tests

test result: ok. 0 passed; 0 failed; 0 ignored; 0 measured; 0 filtered out; finished in 0.00s

     Running tests/contracts.rs (target/debug/deps/contracts-264c2fdae352a87d)

running 2 tests
test references_cannot_select_urls_paths_or_ambiguous_names ... ok
test positive_version_and_nonempty_bounded_credentials_are_required ... ok

test result: ok. 2 passed; 0 failed; 0 ignored; 0 measured; 0 filtered out; finished in 0.00s

     Running unittests src/lib.rs (target/debug/deps/rom_sql_core-3b3abcab3f618c41)

running 0 tests

test result: ok. 0 passed; 0 failed; 0 ignored; 0 measured; 0 filtered out; finished in 0.00s

     Running tests/executor.rs (target/debug/deps/executor-d25b2c9f4e290f13)

running 13 tests
test invalid_capacity_rejects_before_connection_initialization ... ok
test close_stops_admission_but_drains_accepted_operations ... ok
test terminal_responses_are_consumed_once_even_after_failure ... ok
test connection_is_created_and_used_on_its_worker_even_when_not_send ... ok
test dropping_last_handle_allows_admitted_work_to_finish ... ok
test waiting_deadline_preserves_ticket_and_does_not_cancel_admitted_work ... ok
test recursive_use_rejects_instead_of_deadlocking_the_connection ... ok
test shutdown_joins_connection_destruction_and_reports_destructor_panics ... ok
test panicking_operation_has_unknown_outcome_and_retires_connection ... ok
test full_queue_rejects_before_running_the_operation ... ok
test initialization_errors_and_panics_are_reported_before_admission ... ok
test discarding_a_ticket_does_not_discard_an_admitted_operation ... ok
test cloned_handles_serialize_connection_operations ... ok

test result: ok. 13 passed; 0 failed; 0 ignored; 0 measured; 0 filtered out; finished in 0.00s

     Running unittests src/lib.rs (target/debug/deps/rom_webhook-92aec7b11bf0cedd)

running 0 tests

test result: ok. 0 passed; 0 failed; 0 ignored; 0 measured; 0 filtered out; finished in 0.00s

     Running tests/https.rs (target/debug/deps/https-95de43741d319ec9)

running 0 tests

test result: ok. 0 passed; 0 failed; 0 ignored; 0 measured; 0 filtered out; finished in 0.00s

     Running tests/policy.rs (target/debug/deps/policy-ac433fc2d590412d)

running 2 tests
test refuses_unbounded_or_inconsistent_transport_limits ... ok
test refuses_non_public_resolutions_and_ambiguous_urls ... ok

test result: ok. 2 passed; 0 failed; 0 ignored; 0 measured; 0 filtered out; finished in 0.00s

     Running tests/runtime.rs (target/debug/deps/runtime-776e877f3ca487d7)

running 0 tests

test result: ok. 0 passed; 0 failed; 0 ignored; 0 measured; 0 filtered out; finished in 0.00s

   Doc-tests rom_azure_blob

running 0 tests

test result: ok. 0 passed; 0 failed; 0 ignored; 0 measured; 0 filtered out; finished in 0.00s

   Doc-tests rom_delivery_core

running 1 test
test crates/rom-delivery-core/src/lib.rs - (line 7) ... ok

test result: ok. 1 passed; 0 failed; 0 ignored; 0 measured; 0 filtered out; finished in 0.00s

all doctests ran in 0.42s; merged doctests compilation took 0.41s
   Doc-tests rom_kafka

running 0 tests

test result: ok. 0 passed; 0 failed; 0 ignored; 0 measured; 0 filtered out; finished in 0.00s

   Doc-tests rom_kms

running 0 tests

test result: ok. 0 passed; 0 failed; 0 ignored; 0 measured; 0 filtered out; finished in 0.00s

   Doc-tests rom_nats

running 0 tests

test result: ok. 0 passed; 0 failed; 0 ignored; 0 measured; 0 filtered out; finished in 0.00s

   Doc-tests rom_oidc_presets

running 1 test
test crates/rom-oidc-presets/src/lib.rs - (line 6) ... ok

test result: ok. 1 passed; 0 failed; 0 ignored; 0 measured; 0 filtered out; finished in 0.00s

all doctests ran in 0.34s; merged doctests compilation took 0.33s
   Doc-tests rom_openbao

running 0 tests

test result: ok. 0 passed; 0 failed; 0 ignored; 0 measured; 0 filtered out; finished in 0.00s

   Doc-tests rom_opensearch

running 0 tests

test result: ok. 0 passed; 0 failed; 0 ignored; 0 measured; 0 filtered out; finished in 0.00s

   Doc-tests rom_projection_core

running 1 test
test crates/rom-projection-core/src/metadata.rs - metadata::ReconciledPage (line 279) - compile fail ... ok

test result: ok. 1 passed; 0 failed; 0 ignored; 0 measured; 0 filtered out; finished in 0.03s

   Doc-tests rom_rabbitmq

running 0 tests

test result: ok. 0 passed; 0 failed; 0 ignored; 0 measured; 0 filtered out; finished in 0.00s

   Doc-tests rom_secrets

running 2 tests
test crates/rom-secrets/src/material.rs - material::SecretBytes (line 8) - compile fail ... ok
test crates/rom-secrets/src/material.rs - material::SecretBytes (line 13) - compile fail ... ok

test result: ok. 2 passed; 0 failed; 0 ignored; 0 measured; 0 filtered out; finished in 0.05s

   Doc-tests rom_sql_core

running 1 test
test crates/rom-sql-core/src/lib.rs - (line 7) ... ok

test result: ok. 1 passed; 0 failed; 0 ignored; 0 measured; 0 filtered out; finished in 0.00s

all doctests ran in 0.26s; merged doctests compilation took 0.25s
   Doc-tests rom_webhook

running 0 tests

test result: ok. 0 passed; 0 failed; 0 ignored; 0 measured; 0 filtered out; finished in 0.00s

    Finished `test` profile [unoptimized + debuginfo] target(s) in 0.10s
     Running unittests src/lib.rs (target/debug/deps/rom_webhook-ea45fc455bcf889a)

running 0 tests

test result: ok. 0 passed; 0 failed; 0 ignored; 0 measured; 0 filtered out; finished in 0.00s

     Running tests/https.rs (target/debug/deps/https-03edca90e99b0a5b)

running 2 tests
test common::directory::tests::simultaneous_receivers_with_equal_clock_stamps_have_private_databases ... ok
(node:516072) ExperimentalWarning: SQLite is an experimental feature and might change at any time
(Use `node --trace-warnings ...` to show where the warning was created)
test delivers_signed_exact_bytes_and_preserves_uncertainty ... ok

test result: ok. 2 passed; 0 failed; 0 ignored; 0 measured; 0 filtered out; finished in 0.53s

     Running tests/policy.rs (target/debug/deps/policy-2cc1dc3a1f69ac2d)

running 2 tests
test refuses_unbounded_or_inconsistent_transport_limits ... ok
test refuses_non_public_resolutions_and_ambiguous_urls ... ok

test result: ok. 2 passed; 0 failed; 0 ignored; 0 measured; 0 filtered out; finished in 0.00s

     Running tests/runtime.rs (target/debug/deps/runtime-baad6e5ce1c53eba)

running 4 tests
test common::directory::tests::simultaneous_receivers_with_equal_clock_stamps_have_private_databases ... ok
(node:516107) ExperimentalWarning: SQLite is an experimental feature and might change at any time
(Use `node --trace-warnings ...` to show where the warning was created)
(node:516118) ExperimentalWarning: SQLite is an experimental feature and might change at any time
(Use `node --trace-warnings ...` to show where the warning was created)
(node:516130) ExperimentalWarning: SQLite is an experimental feature and might change at any time
(Use `node --trace-warnings ...` to show where the warning was created)
(node:516154) ExperimentalWarning: SQLite is an experimental feature and might change at any time
(Use `node --trace-warnings ...` to show where the warning was created)
(node:516170) ExperimentalWarning: SQLite is an experimental feature and might change at any time
(Use `node --trace-warnings ...` to show where the warning was created)
test source_disclosure_revocation_stops_pending_payload_before_transport ... ok
(node:516187) ExperimentalWarning: SQLite is an experimental feature and might change at any time
(Use `node --trace-warnings ...` to show where the warning was created)
(node:516206) ExperimentalWarning: SQLite is an experimental feature and might change at any time
(Use `node --trace-warnings ...` to show where the warning was created)
test durable_intent_reopen_delivery_and_revocation ... ok
(node:516224) ExperimentalWarning: SQLite is an experimental feature and might change at any time
(Use `node --trace-warnings ...` to show where the warning was created)
test lost_ack_retry_survives_receiver_restart_and_attempt_budget_is_finite ... ok

test result: ok. 4 passed; 0 failed; 0 ignored; 0 measured; 0 filtered out; finished in 0.95s

   Doc-tests rom_webhook

running 0 tests

test result: ok. 0 passed; 0 failed; 0 ignored; 0 measured; 0 filtered out; finished in 0.00s

    Finished `dev` profile [unoptimized + debuginfo] target(s) in 0.12s
    Finished `test` profile [unoptimized + debuginfo] target(s) in 0.13s
   Doc-tests rom_azure_blob

running 0 tests

test result: ok. 0 passed; 0 failed; 0 ignored; 0 measured; 0 filtered out; finished in 0.00s

   Doc-tests rom_delivery_core

running 1 test
test crates/rom-delivery-core/src/lib.rs - (line 7) ... ok

test result: ok. 1 passed; 0 failed; 0 ignored; 0 measured; 0 filtered out; finished in 0.00s

all doctests ran in 0.22s; merged doctests compilation took 0.21s
   Doc-tests rom_kafka

running 0 tests

test result: ok. 0 passed; 0 failed; 0 ignored; 0 measured; 0 filtered out; finished in 0.00s

   Doc-tests rom_kms

running 0 tests

test result: ok. 0 passed; 0 failed; 0 ignored; 0 measured; 0 filtered out; finished in 0.00s

   Doc-tests rom_nats

running 0 tests

test result: ok. 0 passed; 0 failed; 0 ignored; 0 measured; 0 filtered out; finished in 0.00s

   Doc-tests rom_oidc_presets

running 1 test
test crates/rom-oidc-presets/src/lib.rs - (line 6) ... ok

test result: ok. 1 passed; 0 failed; 0 ignored; 0 measured; 0 filtered out; finished in 0.00s

all doctests ran in 0.21s; merged doctests compilation took 0.20s
   Doc-tests rom_openbao

running 0 tests

test result: ok. 0 passed; 0 failed; 0 ignored; 0 measured; 0 filtered out; finished in 0.00s

   Doc-tests rom_opensearch

running 0 tests

test result: ok. 0 passed; 0 failed; 0 ignored; 0 measured; 0 filtered out; finished in 0.00s

   Doc-tests rom_projection_core

running 1 test
test crates/rom-projection-core/src/metadata.rs - metadata::ReconciledPage (line 279) - compile fail ... ok

test result: ok. 1 passed; 0 failed; 0 ignored; 0 measured; 0 filtered out; finished in 0.03s

   Doc-tests rom_rabbitmq

running 0 tests

test result: ok. 0 passed; 0 failed; 0 ignored; 0 measured; 0 filtered out; finished in 0.00s

   Doc-tests rom_secrets

running 2 tests
test crates/rom-secrets/src/material.rs - material::SecretBytes (line 8) - compile fail ... ok
test crates/rom-secrets/src/material.rs - material::SecretBytes (line 13) - compile fail ... ok

test result: ok. 2 passed; 0 failed; 0 ignored; 0 measured; 0 filtered out; finished in 0.03s

   Doc-tests rom_sql_core

running 1 test
test crates/rom-sql-core/src/lib.rs - (line 7) ... ok

test result: ok. 1 passed; 0 failed; 0 ignored; 0 measured; 0 filtered out; finished in 0.00s

all doctests ran in 0.27s; merged doctests compilation took 0.27s
   Doc-tests rom_webhook

running 0 tests

test result: ok. 0 passed; 0 failed; 0 ignored; 0 measured; 0 filtered out; finished in 0.00s

 Documenting rom-opensearch v0.1.0-dev (/root/ROM-extras/crates/rom-opensearch)
    Finished `dev` profile [unoptimized + debuginfo] target(s) in 0.60s
   Generated /root/ROM-extras/target/doc/rom_azure_blob/index.html and 12 other files
    Finished `dev` profile [unoptimized + debuginfo] target(s) in 0.12s
    Finished `dev` profile [unoptimized + debuginfo] target(s) in 0.05s
    Finished `dev` profile [unoptimized + debuginfo] target(s) in 0.57s
     Running `tests/public-consumer/target/debug/rom-extras-public-consumer`
Public custom field, connection execution, issuer preset, and bounded delivery verified.
    Finished `test` profile [unoptimized + debuginfo] target(s) in 0.15s
     Running tests/projection_checkpoints.rs (tests/public-consumer/target/debug/deps/projection_checkpoints-f7041e28dedf4172)

running 16 tests
test redb_generation_expiry_closed_source ... ok
test redb_oversize_selection_before_vectors ... ok
test redb_bounded_selected_vectors ... ok
test sqlite_generation_expiry_closed_source ... ok
test sqlite_oversize_selection_before_vectors ... ok
test sqlite_bounded_selected_vectors ... ok
test public_worker_recovers_pending_history_after_restart ... ok
test redb_revoked_row_blocks_recovery ... ok
test redb_denied_empty_page_advances ... ok
test redb_revoked_field_blocks_recovery ... ok
test public_checkpoint_consumer_closes_reopens_and_reconciles_both_phases ... ok
test sqlite_revoked_field_blocks_recovery ... ok
test sqlite_denied_empty_page_advances ... ok
test sqlite_revoked_row_blocks_recovery ... ok
test redb_tombstone_restart_old_endpoint ... ok
test sqlite_tombstone_restart_old_endpoint ... ok

test result: ok. 16 passed; 0 failed; 0 ignored; 0 measured; 0 filtered out; finished in 0.63s

    Finished `dev` profile [unoptimized + debuginfo] target(s) in 0.30s
    Finished `dev` profile [unoptimized + debuginfo] target(s) in 0.18s
   Packaging rom-sql-core v0.1.0-dev (/root/ROM-extras/crates/rom-sql-core)
warning: patch `rom v0.0.3 (https://github.com/pmikstacki/ROM?rev=d7ef529040eec60dc869034c2d33130219db85fe#d7ef5290)` was not used in the crate graph
warning: patch `rom-backup v0.0.3 (https://github.com/pmikstacki/ROM?rev=d7ef529040eec60dc869034c2d33130219db85fe#d7ef5290)` was not used in the crate graph
warning: patch `rom-projection-core v0.1.0-dev (/root/ROM-extras/crates/rom-projection-core)` was not used in the crate graph
warning: patch `rom-redb v0.0.3 (https://github.com/pmikstacki/ROM?rev=d7ef529040eec60dc869034c2d33130219db85fe#d7ef5290)` was not used in the crate graph
warning: patch `rom-sqlite v0.0.3 (https://github.com/pmikstacki/ROM?rev=d7ef529040eec60dc869034c2d33130219db85fe#d7ef5290)` was not used in the crate graph
help: Check that the patched package version and available features are compatible
      with the dependency requirements. If the patch has a different version from
      what is locked in the Cargo.lock file, run `cargo update` to use the new
      version. This may also occur with an optional dependency that is not enabled.
    Packaged 9 files, 23.0KiB (6.1KiB compressed)
   Packaging rom-projection-core v0.1.0-dev (/root/ROM-extras/crates/rom-projection-core)
    Updating crates.io index
    Packaged 41 files, 235.3KiB (52.1KiB compressed)
   Packaging rom-opensearch v0.1.0-dev (/root/ROM-extras/crates/rom-opensearch)
    Updating crates.io index
    Packaged 25 files, 109.3KiB (28.3KiB compressed)
   Compiling rom-sql-core v0.1.0-dev (/tmp/projection-packaged-i3t9uk/rom-sql-core-0.1.0-dev)
   Compiling rom-projection-core v0.1.0-dev (/tmp/projection-packaged-i3t9uk/rom-projection-core-0.1.0-dev)
   Compiling rom-opensearch v0.1.0-dev (/tmp/projection-packaged-i3t9uk/rom-opensearch-0.1.0-dev)
   Compiling rom-projection-packaged-consumer v0.0.0 (/tmp/projection-packaged-i3t9uk/consumer)
    Finished `dev` profile [unoptimized + debuginfo] target(s) in 4.16s
     Running `target/projection-packaged-consumer/debug/rom-projection-packaged-consumer`
packaged projection checkpoint close/reopen: passed
    Checking rom-sql-core v0.1.0-dev (/tmp/projection-packaged-i3t9uk/rom-sql-core-0.1.0-dev)
    Checking rom-projection-core v0.1.0-dev (/tmp/projection-packaged-i3t9uk/rom-projection-core-0.1.0-dev)
    Checking rom-opensearch v0.1.0-dev (/tmp/projection-packaged-i3t9uk/rom-opensearch-0.1.0-dev)
    Checking rom-projection-packaged-consumer v0.0.0 (/tmp/projection-packaged-i3t9uk/consumer)
    Finished `dev` profile [unoptimized + debuginfo] target(s) in 1.44s
   Compiling rom-projection-core v0.1.0-dev (/tmp/projection-packaged-i3t9uk/rom-projection-core-0.1.0-dev)
    Finished `test` profile [unoptimized + debuginfo] target(s) in 3.41s
     Running tests/native_history.rs (target/projection-packaged-consumer/debug/deps/native_history-633c3f775ab0b656)

running 14 tests
test redb_generation_expiry_closed_source ... ok
test redb_oversize_selection_before_vectors ... ok
test sqlite_oversize_selection_before_vectors ... ok
test sqlite_generation_expiry_closed_source ... ok
test sqlite_bounded_selected_vectors ... ok
test redb_bounded_selected_vectors ... ok
test redb_revoked_row_blocks_recovery ... ok
test redb_denied_empty_page_advances ... ok
test redb_revoked_field_blocks_recovery ... ok
test sqlite_denied_empty_page_advances ... ok
test sqlite_revoked_row_blocks_recovery ... ok
test sqlite_revoked_field_blocks_recovery ... ok
test redb_tombstone_restart_old_endpoint ... ok
test sqlite_tombstone_restart_old_endpoint ... ok

test result: ok. 14 passed; 0 failed; 0 ignored; 0 measured; 0 filtered out; finished in 0.86s

    Finished `test` profile [unoptimized + debuginfo] target(s) in 0.06s
     Running tests/native_history.rs (target/projection-packaged-consumer/debug/deps/native_history-633c3f775ab0b656)

running 14 tests
test redb_generation_expiry_closed_source ... ok
test redb_bounded_selected_vectors ... ok
test redb_oversize_selection_before_vectors ... ok
test sqlite_generation_expiry_closed_source ... ok
test sqlite_oversize_selection_before_vectors ... ok
test sqlite_bounded_selected_vectors ... ok
test redb_denied_empty_page_advances ... ok
test redb_revoked_field_blocks_recovery ... ok
test redb_revoked_row_blocks_recovery ... ok
test sqlite_denied_empty_page_advances ... ok
test sqlite_revoked_row_blocks_recovery ... ok
test sqlite_revoked_field_blocks_recovery ... ok
test redb_tombstone_restart_old_endpoint ... ok
test sqlite_tombstone_restart_old_endpoint ... ok

test result: ok. 14 passed; 0 failed; 0 ignored; 0 measured; 0 filtered out; finished in 0.49s

    Finished `test` profile [unoptimized + debuginfo] target(s) in 0.58s
     Running tests/postgres_executor.rs (tests/public-consumer/target/debug/deps/postgres_executor-ac2790b53db3b1c5)

running 3 tests
test postgres_client_runs_on_its_worker_inside_a_tokio_caller ... ok
test a_driver_job_panic_retires_its_connection_and_rolls_back_uncommitted_sql ... ok
test waiting_deadline_does_not_cancel_the_real_database_commit ... ok

test result: ok. 3 passed; 0 failed; 0 ignored; 0 measured; 0 filtered out; finished in 0.14s

    Finished `dev` profile [unoptimized + debuginfo] target(s) in 0.34s
    Finished `test` profile [unoptimized + debuginfo] target(s) in 0.18s
     Running tests/cockroach_executor.rs (tests/public-consumer/target/debug/deps/cockroach_executor-d3995cbd9182f1eb)

running 7 tests
test panicking_job_retires_connection_and_uncommitted_row_is_absent ... ok
test duplicate_rejection_rolls_back_preceding_insert_and_fresh_transaction_works ... ok
test byte_keys_preserve_case_unicode_and_zero_bytes ... ok
test stale_serializable_read_returns_40001_then_complete_transaction_rereads ... ok
test waiting_deadline_does_not_cancel_database_commit ... ok
test acknowledged_row_survives_restart_of_the_same_disk_store ... ok
test typed_worker_inside_tokio_uses_cockroach_serializable_session ... ok

test result: ok. 7 passed; 0 failed; 0 ignored; 0 measured; 0 filtered out; finished in 12.95s

    Finished `dev` profile [unoptimized + debuginfo] target(s) in 0.21s
    Finished `test` profile [unoptimized + debuginfo] target(s) in 0.32s
     Running tests/oracle_executor.rs (tests/public-consumer/target/debug/deps/oracle_executor-ead7fefc2a19c93d)

running 7 tests
test raw_identifiers_preserve_binary_identity_and_number_zero ... ok
test bounded_admission_rejects_a_job_without_running_it ... ok
test unique_violation_keeps_prior_write_pending_until_full_rollback ... ok
test acknowledged_row_survives_restart_of_the_same_disk_store ... ok
test a_driver_job_panic_retires_its_connection_and_rolls_back_uncommitted_sql ... ok
test waiting_deadline_does_not_cancel_the_real_database_commit ... ok
test oracle_client_runs_on_its_worker_inside_a_tokio_caller ... ok

test result: ok. 7 passed; 0 failed; 0 ignored; 0 measured; 0 filtered out; finished in 10.99s

    Finished `dev` profile [unoptimized + debuginfo] target(s) in 0.18s
    Finished `test` profile [unoptimized + debuginfo] target(s) in 0.19s
     Running tests/mssql_executor.rs (tests/public-consumer/target/debug/deps/mssql_executor-5c67840172634f26)

running 3 tests
test async_tds_connection_runs_on_its_worker_inside_a_tokio_host ... ok
test panic_retires_tds_connection_and_open_transaction_rolls_back ... ok
test caller_timeout_does_not_cancel_a_later_sql_server_commit ... ok

test result: ok. 3 passed; 0 failed; 0 ignored; 0 measured; 0 filtered out; finished in 0.24s

    Finished `dev` profile [unoptimized + debuginfo] target(s) in 0.16s
    Finished `test` profile [unoptimized + debuginfo] target(s) in 0.20s
     Running tests/mysql_executor.rs (tests/public-consumer/target/debug/deps/mysql_executor-8a6ceaeb0940b3b2)

running 5 tests
test acknowledged_binary_identities_survive_labelled_server_restart ... ok
test native_client_runs_on_executor_worker_and_checks_durable_profile ... Backend: 8.4.11
ok
test panic_retires_connection_and_uncommitted_rows_are_absent ... 
thread 'rom-sql-connection' (522896) panicked at tests/mysql_executor.rs:145:13:
synthetic panic before native commit
note: run with `RUST_BACKTRACE=1` environment variable to display a backtrace
ok
test statement_failure_requires_explicit_whole_operation_rollback ... ok
test waiting_deadline_preserves_unknown_while_native_transaction_later_commits ... ok

test result: ok. 5 passed; 0 failed; 0 ignored; 0 measured; 0 filtered out; finished in 3.44s

    Finished `test` profile [unoptimized + debuginfo] target(s) in 0.12s
     Running tests/mysql_executor.rs (tests/public-consumer/target/debug/deps/mysql_executor-8a6ceaeb0940b3b2)

running 5 tests
test acknowledged_binary_identities_survive_labelled_server_restart ... ok
test native_client_runs_on_executor_worker_and_checks_durable_profile ... Backend: 11.8.9-MariaDB-ubu2404-log
ok
test panic_retires_connection_and_uncommitted_rows_are_absent ... 
thread 'rom-sql-connection' (523260) panicked at tests/mysql_executor.rs:145:13:
synthetic panic before native commit
note: run with `RUST_BACKTRACE=1` environment variable to display a backtrace
ok
test statement_failure_requires_explicit_whole_operation_rollback ... ok
test waiting_deadline_preserves_unknown_while_native_transaction_later_commits ... ok

test result: ok. 5 passed; 0 failed; 0 ignored; 0 measured; 0 filtered out; finished in 3.35s

    Finished `dev` profile [unoptimized + debuginfo] target(s) in 0.14s
    Finished `test` profile [unoptimized + debuginfo] target(s) in 0.23s
     Running tests/broker.rs (target/debug/deps/broker-1a855445af656caa)

running 1 test
test acknowledges_exact_payload_and_deduplicates_after_broker_restart ... ok

test result: ok. 1 passed; 0 failed; 0 ignored; 0 measured; 0 filtered out; finished in 1.98s

    Finished `test` profile [unoptimized + debuginfo] target(s) in 0.07s
     Running tests/ack_loss.rs (target/debug/deps/ack_loss-ef3e76a99f9dc87a)

running 1 test
test dropped_publish_ack_preserves_message_and_retry_identity ... ok

test result: ok. 1 passed; 0 failed; 0 ignored; 0 measured; 0 filtered out; finished in 2.10s

     Running tests/runtime.rs (target/debug/deps/runtime-b0f615078591f0ef)

running 1 test
test reopened_runtime_retries_committed_intent_and_rechecks_authority ... FAILED

failures:

---- reopened_runtime_retries_committed_intent_and_rechecks_authority stdout ----

thread 'reopened_runtime_retries_committed_intent_and_rechecks_authority' (524102) panicked at crates/rom-nats/tests/runtime.rs:173:14:
post-commit PubAck drop must precede Runtime deadline: Elapsed(())
note: run with `RUST_BACKTRACE=1` environment variable to display a backtrace


failures:
    reopened_runtime_retries_committed_intent_and_rechecks_authority

test result: FAILED. 0 passed; 1 failed; 0 ignored; 0 measured; 0 filtered out; finished in 17.89s

error: test failed, to rerun pass `-p rom-nats --test runtime`
