   Compiling rom-opensearch v0.1.0-dev (/root/ROM-extras/crates/rom-opensearch)
    Finished `test` profile [unoptimized + debuginfo] target(s) in 4.84s
     Running unittests src/lib.rs (target/debug/deps/rom_opensearch-1f75fce27605f5e1)

running 7 tests
test transport_tests::wrong_trust_root_prevents_any_http_disclosure ... ok
test transport_tests::operation_deadline_stops_a_server_that_never_responds ... ok
test transport_tests::oversized_stream_declared_size_and_invalid_json_never_become_observations ... ok
test transport_tests::generation_inspection_has_one_total_deadline_across_successful_requests ... ok
test transport_tests::fixture_startup_timeout_and_malformed_readiness_join_owned_child ... ok
test transport_tests::redirects_never_reach_destination_and_are_not_retried ... ok
test partial_bulk::http200_partial_bulk_cannot_publish_complete_observations ... ok

test result: ok. 7 passed; 0 failed; 0 ignored; 0 measured; 0 filtered out; finished in 1.78s

     Running tests/boundaries.rs (target/debug/deps/boundaries-a9d0734b82b6a146)

running 2 tests
test profile_fingerprint_includes_model_mapping_provider_and_deployment ... ok
test tls_origin_rejects_credential_paths_redirect_inputs_and_unbounded_material ... ok

test result: ok. 2 passed; 0 failed; 0 ignored; 0 measured; 0 filtered out; finished in 0.00s

     Running tests/restart.rs (target/debug/deps/restart-62a3d4be6e0c57f1)

running 1 test
test restart_preserves_exact_live_and_tombstone_before_replay ... ok

test result: ok. 1 passed; 0 failed; 0 ignored; 0 measured; 0 filtered out; finished in 21.66s

     Running tests/runtime_recovery.rs (target/debug/deps/runtime_recovery-b375db02403644fc)

running 2 tests
test sqlite_native_recovery_after_actual_acknowledgement_loss ... ok
test redb_native_recovery_after_actual_acknowledgement_loss ... ok

test result: ok. 2 passed; 0 failed; 0 ignored; 0 measured; 0 filtered out; finished in 8.02s

     Running tests/service.rs (target/debug/deps/service-12c50ee9d699b5fb)

running 7 tests
test page_and_selected_text_bounds_reject_without_native_intent_or_network ... ok
test signed_revision_overflow_rejected_before_dispatch ... ok
test signed_maximum_and_exact_unindexed_json_round_trip ... ok
test changed_approved_document_profile_fails_before_write ... ok
test actual_external_replay_conflict_stale_and_tombstone ... ok
test actual_response_loss_replay_inspects_native_committed_state ... ok
test late_native_request_after_timeout_cannot_regress_live_or_tombstone ... ok

test result: ok. 7 passed; 0 failed; 0 ignored; 0 measured; 0 filtered out; finished in 15.28s

   Doc-tests rom_opensearch

running 0 tests

test result: ok. 0 passed; 0 failed; 0 ignored; 0 measured; 0 filtered out; finished in 0.00s

    Checking rom-opensearch v0.1.0-dev (/root/ROM-extras/crates/rom-opensearch)
    Finished `dev` profile [unoptimized + debuginfo] target(s) in 0.59s
   Compiling rom-opensearch v0.1.0-dev (/root/ROM-extras/crates/rom-opensearch)
   Compiling rom-extras-public-consumer v0.0.0 (/root/ROM-extras/tests/public-consumer)
    Finished `test` profile [unoptimized + debuginfo] target(s) in 1.41s
     Running tests/opensearch.rs (tests/public-consumer/target/debug/deps/opensearch-46477cd0cc211ed7)

running 1 test
test native_writes_and_observations_use_public_api ... ok

test result: ok. 1 passed; 0 failed; 0 ignored; 0 measured; 0 filtered out; finished in 0.29s

    Checking rom-opensearch v0.1.0-dev (/root/ROM-extras/crates/rom-opensearch)
    Checking rom-extras-public-consumer v0.0.0 (/root/ROM-extras/tests/public-consumer)
    Finished `dev` profile [unoptimized + debuginfo] target(s) in 0.49s
