rustc 1.99.0 (b940084d7 2026-09-28)
binary: rustc
commit-hash: b940084d7eb6a299eb4bfeb8e34901bc051e7ac4
commit-date: 2026-09-28
host: x86_64-unknown-linux-gnu
release: 1.99.0
LLVM version: 23.1.1
    Finished `dev` profile [unoptimized + debuginfo] target(s) in 10.28s
    Finished `test` profile [unoptimized + debuginfo] target(s) in 0.33s
     Running unittests src/lib.rs (target/debug/deps/rom_azure_blob-b9525102e9c1c723)

running 0 tests

test result: ok. 0 passed; 0 failed; 0 ignored; 0 measured; 0 filtered out; finished in 0.00s

     Running tests/configuration.rs (target/debug/deps/configuration-1838c1ca2306b1cb)

running 3 tests
test unsafe_endpoints_are_refused_with_valid_credentials ... ok
test malformed_credentials_and_unbounded_limits_are_rejected ... ok
test valid_cloud_and_emulator_configuration_construct_clients ... ok

test result: ok. 3 passed; 0 failed; 0 ignored; 0 measured; 0 filtered out; finished in 0.05s

     Running tests/interruption.rs (target/debug/deps/interruption-16b5e12b947ba120)

running 2 tests
test etag_change_between_metadata_and_body_is_refused ... ok
test busy_admission_refuses_extra_request_and_unacknowledged_write_is_unknown ... ok

test result: ok. 2 passed; 0 failed; 0 ignored; 0 measured; 0 filtered out; finished in 1.46s

     Running unittests src/lib.rs (target/debug/deps/rom_delivery_core-3696fbf994d495ab)

running 0 tests

test result: ok. 0 passed; 0 failed; 0 ignored; 0 measured; 0 filtered out; finished in 0.00s

     Running tests/preparation.rs (target/debug/deps/preparation-34f1d2e906183573)

running 5 tests
test retry_keeps_identity_and_payload_but_exposes_the_runtime_attempt ... ok
test encoded_byte_limit_includes_json_quotes_escaping_and_utf8 ... ok
test scalar_payloads_keep_null_false_zero_and_empty_distinct ... ok
test prepared_debug_output_does_not_disclose_payload_values ... ok
test invalid_identity_rejects_before_payload_encoding ... ok

test result: ok. 5 passed; 0 failed; 0 ignored; 0 measured; 0 filtered out; finished in 0.00s

     Running tests/signing.rs (target/debug/deps/signing-2193150e5009482e)

running 2 tests
test signature_matches_independent_node_crypto_vector ... ok
test rotation_signs_with_current_and_previous_keys_without_changing_the_message ... ok

test result: ok. 2 passed; 0 failed; 0 ignored; 0 measured; 0 filtered out; finished in 0.00s

     Running unittests src/lib.rs (target/debug/deps/rom_kafka-554bc47033f0c56d)

running 4 tests
test config_tests::transactional_configuration_is_refused_without_reinterpreting_it ... ok
test config_tests::minimum_deadline_remains_finite_and_native_socket_timeout_is_valid ... ok
test config_tests::native_aliases_cannot_weaken_acknowledgement_or_retry_bounds ... ok
test delivery::tests::real_native_queue_full_refuses_before_enqueue_without_retiring ... ok

test result: ok. 4 passed; 0 failed; 0 ignored; 0 measured; 0 filtered out; finished in 0.21s

     Running unittests src/lib.rs (target/debug/deps/rom_kms-1efccfc548568baa)

running 0 tests

test result: ok. 0 passed; 0 failed; 0 ignored; 0 measured; 0 filtered out; finished in 0.00s

     Running tests/contracts.rs (target/debug/deps/contracts-e3d851cd28c026c3)

running 2 tests
test context_and_aad_have_distinct_bounded_inputs ... ok
test stored_envelopes_require_identity_version_and_bounded_ciphertext ... ok

test result: ok. 2 passed; 0 failed; 0 ignored; 0 measured; 0 filtered out; finished in 0.00s

     Running unittests src/lib.rs (target/debug/deps/rom_nats-1c8f33075241e8cc)

running 0 tests

test result: ok. 0 passed; 0 failed; 0 ignored; 0 measured; 0 filtered out; finished in 0.00s

     Running unittests src/lib.rs (target/debug/deps/rom_oidc_presets-5c519787b5d1ea19)

running 0 tests

test result: ok. 0 passed; 0 failed; 0 ignored; 0 measured; 0 filtered out; finished in 0.00s

     Running tests/configuration.rs (target/debug/deps/configuration-48d27316d426e22d)

running 6 tests
test unicode_whitespace_and_controls_are_rejected_before_url_parsing ... ok
test entra_binds_one_concrete_tenant ... ok
test invalid_issuer_forms_are_rejected ... ok
test configuration_delegates_names_and_does_not_fetch_keys ... ok
test exact_issuer_preserves_the_original_binding ... ok
test keycloak_keeps_the_deployment_context_path ... ok

test result: ok. 6 passed; 0 failed; 0 ignored; 0 measured; 0 filtered out; finished in 0.00s

     Running tests/verification.rs (target/debug/deps/verification-aa92aca4f1f8e721)

running 3 tests
test rotation_replaces_keys_without_changing_the_issuer_or_profile ... ok
test every_preset_preserves_rom_human_evidence_and_expiry ... ok
test binding_expiry_and_signature_failures_cannot_create_evidence ... ok

test result: ok. 3 passed; 0 failed; 0 ignored; 0 measured; 0 filtered out; finished in 0.14s

     Running unittests src/lib.rs (target/debug/deps/rom_openbao-e9b5e88f98007225)

running 0 tests

test result: ok. 0 passed; 0 failed; 0 ignored; 0 measured; 0 filtered out; finished in 0.00s

     Running tests/configuration.rs (target/debug/deps/configuration-6bf2508e63c8f97a)

running 2 tests
test endpoint_cannot_redirect_credential_authority_or_embed_private_data ... ok
test locations_reject_path_injection_and_duplicate_aliases ... ok

test result: ok. 2 passed; 0 failed; 0 ignored; 0 measured; 0 filtered out; finished in 0.01s

     Running tests/service.rs (target/debug/deps/service-b3e279da4da9e03c)

running 0 tests

test result: ok. 0 passed; 0 failed; 0 ignored; 0 measured; 0 filtered out; finished in 0.00s

     Running unittests src/lib.rs (target/debug/deps/rom_opensearch-7de63b4c59a6aaa7)

running 0 tests

test result: ok. 0 passed; 0 failed; 0 ignored; 0 measured; 0 filtered out; finished in 0.00s

     Running tests/boundaries.rs (target/debug/deps/boundaries-c9c38f012435089a)

running 2 tests
test profile_fingerprint_includes_model_mapping_provider_and_deployment ... ok
test tls_origin_rejects_credential_paths_redirect_inputs_and_unbounded_material ... ok

test result: ok. 2 passed; 0 failed; 0 ignored; 0 measured; 0 filtered out; finished in 0.00s

     Running tests/restart.rs (target/debug/deps/restart-49292432b796da03)

running 0 tests

test result: ok. 0 passed; 0 failed; 0 ignored; 0 measured; 0 filtered out; finished in 0.00s

     Running tests/runtime_recovery.rs (target/debug/deps/runtime_recovery-0614d18cdd9dc4ff)

running 0 tests

test result: ok. 0 passed; 0 failed; 0 ignored; 0 measured; 0 filtered out; finished in 0.00s

     Running tests/service.rs (target/debug/deps/service-821d27852c176606)

running 0 tests

test result: ok. 0 passed; 0 failed; 0 ignored; 0 measured; 0 filtered out; finished in 0.00s

     Running unittests src/lib.rs (target/debug/deps/rom_projection_core-dc0614fa51c0a550)

running 17 tests
test metadata::tests::sequence_exhaustion_is_rejected_before_preparing_an_unfinishable_page ... ok
test preflight::cancellation_tests::bounded_copy_cancels_after_one_chunk_without_changing_source ... ok
test lifecycle::tests::native_start_failure_releases_slot_before_waking_its_response ... ok
test storage_worker::tests::owner_drop_waits_for_active_work_and_releases_native_ownership ... FAILED
test lifecycle::tests::dropped_inflight_startup_future_keeps_slot_until_actual_owner_cleanup ... FAILED
test lifecycle::tests::dropping_a_buffered_startup_response_releases_ownership_without_host_shutdown ... FAILED
test storage_worker::lifecycle_tests::managed_drop_never_joins_active_native_io_on_the_async_caller ... ok
test storage_worker::lifecycle_tests::async_shutdown_yields_while_native_work_is_still_active ... ok
test storage_worker::tests::unexpected_job_panic_loses_response_without_claiming_rollback ... ok
test storage_worker::lifecycle_tests::dropped_shutdown_future_still_drains_accepted_intent_and_retains_terminal_result ... ok
test storage_worker::tests::full_queue_rejects_without_execution_and_join_drains_the_accepted_intent ... ok
test checkpoint::faults::error_before_native_write_reconciles_absent_after_handle_retirement ... ok
test preflight::cancellation_tests::scan_cancels_at_256_records_before_later_corruption_is_examined ... ok
test checkpoint::faults::completion_write_error_recovers_atomically_absent_keys_and_unadvanced_cursor ... ok
test checkpoint::faults::unwinding_commit_panic_retires_handle_and_reconciles_the_durable_intent ... ok
test checkpoint::faults::completion_sync_error_recovers_atomically_applied_keys_cursor_and_receipt ... ok
test checkpoint::faults::error_after_actual_native_sync_reconciles_applied_after_handle_retirement ... ok

failures:

---- storage_worker::tests::owner_drop_waits_for_active_work_and_releases_native_ownership stdout ----

thread 'storage_worker::tests::owner_drop_waits_for_active_work_and_releases_native_ownership' (534023) panicked at crates/rom-projection-core/src/storage_worker_tests.rs:65:35:
called `Result::unwrap()` on an `Err` value: Timeout

---- lifecycle::tests::dropped_inflight_startup_future_keeps_slot_until_actual_owner_cleanup stdout ----

thread 'lifecycle::tests::dropped_inflight_startup_future_keeps_slot_until_actual_owner_cleanup' (534013) panicked at crates/rom-projection-core/src/lifecycle_start_tests.rs:66:10:
called `Result::unwrap()` on an `Err` value: Timeout
note: run with `RUST_BACKTRACE=1` environment variable to display a backtrace

thread 'rom-projection-lifecycle' (534032) panicked at crates/rom-projection-core/src/lifecycle_start_tests.rs:46:34:
called `Result::unwrap()` on an `Err` value: SendError { .. }

---- lifecycle::tests::dropping_a_buffered_startup_response_releases_ownership_without_host_shutdown stdout ----

thread 'lifecycle::tests::dropping_a_buffered_startup_response_releases_ownership_without_host_shutdown' (534014) panicked at crates/rom-projection-core/src/lifecycle_start_tests.rs:13:9:
assertion failed: std::time::Instant::now() < deadline


failures:
    lifecycle::tests::dropped_inflight_startup_future_keeps_slot_until_actual_owner_cleanup
    lifecycle::tests::dropping_a_buffered_startup_response_releases_ownership_without_host_shutdown
    storage_worker::tests::owner_drop_waits_for_active_work_and_releases_native_ownership

test result: FAILED. 14 passed; 3 failed; 0 ignored; 0 measured; 0 filtered out; finished in 28.46s

error: test failed, to rerun pass `-p rom-projection-core --lib`
