Traceback (most recent call last):
  File "/root/ROM-extras/tests/projection-probes/opensearch_fence.py", line 115, in <module>
    run()
  File "/root/ROM-extras/tests/projection-probes/opensearch_fence.py", line 82, in run
    bulk = call('POST', f'/{name}/_bulk?refresh=wait_for', ndjson)
           ^^^^^^^^^^^^^^^^^^^^^^^^^^^^^^^^^^^^^^^^^^^^^^^^^^^^^^^
  File "/root/ROM-extras/tests/projection-probes/opensearch_fence.py", line 22, in call
    body = None if value is None else json.dumps(value, allow_nan=False).encode()
                                      ^^^^^^^^^^^^^^^^^^^^^^^^^^^^^^^^^^
  File "/nix/store/dksjvr69ckglyw1k2ss1qgshhcix73p8-python3-3.12.8/lib/python3.12/json/__init__.py", line 238, in dumps
    **kw).encode(obj)
          ^^^^^^^^^^^
  File "/nix/store/dksjvr69ckglyw1k2ss1qgshhcix73p8-python3-3.12.8/lib/python3.12/json/encoder.py", line 200, in encode
    chunks = self.iterencode(o, _one_shot=True)
             ^^^^^^^^^^^^^^^^^^^^^^^^^^^^^^^^^^
  File "/nix/store/dksjvr69ckglyw1k2ss1qgshhcix73p8-python3-3.12.8/lib/python3.12/json/encoder.py", line 258, in iterencode
    return _iterencode(o, 0)
           ^^^^^^^^^^^^^^^^^
  File "/nix/store/dksjvr69ckglyw1k2ss1qgshhcix73p8-python3-3.12.8/lib/python3.12/json/encoder.py", line 180, in default
    raise TypeError(f'Object of type {o.__class__.__name__} '
TypeError: Object of type bytes is not JSON serializable
