   Compiling aws-lc-sys v0.45.0
   Compiling syn v1.0.109
   Compiling openssl-sys v0.9.117
   Compiling paste v1.0.15
   Compiling odpic-sys v0.1.1
   Compiling rdkafka-sys v4.10.0+2.12.1
   Compiling darling_core v0.13.4
   Compiling darling_macro v0.13.4
   Compiling darling v0.13.4
   Compiling oracle_procmacro v0.1.2
   Compiling oracle v0.6.3
   Compiling aws-lc-rs v1.18.1
   Compiling rustls v0.23.45
   Compiling rustls-webpki v0.103.15
   Compiling jsonwebtoken v11.1.0
   Compiling rom-auth v0.0.3 (https://github.com/pmikstacki/ROM?rev=d7ef529040eec60dc869034c2d33130219db85fe#d7ef5290)
   Compiling rom-oidc-presets v0.1.0-dev (/root/ROM-extras/crates/rom-oidc-presets)
   Compiling rustls-platform-verifier v0.7.1
   Compiling tokio-rustls v0.26.6
   Compiling futures-rustls v0.26.0
   Compiling rustls-connector v0.23.9
   Compiling tcp-stream v0.34.14
   Compiling hyper-rustls v0.27.10
   Compiling async-nats v0.50.0
   Compiling reqwest v0.13.5
   Compiling amq-protocol-tcp v10.6.3
   Compiling amq-protocol v10.6.3
   Compiling lapin v4.12.0
   Compiling object_store v0.14.2
   Compiling rom-webhook v0.1.0-dev (/root/ROM-extras/crates/rom-webhook)
   Compiling rom-nats v0.1.0-dev (/root/ROM-extras/crates/rom-nats)
   Compiling rom-rabbitmq v0.1.0-dev (/root/ROM-extras/crates/rom-rabbitmq)
   Compiling rom-azure-blob v0.1.0-dev (/root/ROM-extras/crates/rom-azure-blob)
   Compiling rdkafka v0.39.0
   Compiling rom-kafka v0.1.0-dev (/root/ROM-extras/crates/rom-kafka)
   Compiling rom-extras-public-consumer v0.0.0 (/root/ROM-extras/tests/public-consumer)
error[E0308]: mismatched types
  --> tests/oracle_executor.rs:12:9
   |
12 |         Connection::connect(user, password, address).map_err(|error| error.to_string())
   |         ^^^^^^^^^^^^^^^^^^^^^^^^^^^^^^^^^^^^^^^^^^^^^^^^^^^^^^^^^^^^^^^^^^^^^^^^^^^^^^^ expected `Result<_, ExecutorError>`, found `Result<Connection, String>`
   |
   = note: expected enum `Result<_, ExecutorError>`
              found enum `Result<Connection, String>`

For more information about this error, try `rustc --explain E0308`.
error: could not compile `rom-extras-public-consumer` (test "oracle_executor") due to 1 previous error
warning: build failed, waiting for other jobs to finish...
