   Packaging rom-sql-core v0.1.0-dev (/root/ROM-extras/crates/rom-sql-core)
warning: patch `rom v0.0.3 (https://github.com/pmikstacki/ROM?rev=d7ef529040eec60dc869034c2d33130219db85fe#d7ef5290)` was not used in the crate graph
warning: patch `rom-backup v0.0.3 (https://github.com/pmikstacki/ROM?rev=d7ef529040eec60dc869034c2d33130219db85fe#d7ef5290)` was not used in the crate graph
warning: patch `rom-redb v0.0.3 (https://github.com/pmikstacki/ROM?rev=d7ef529040eec60dc869034c2d33130219db85fe#d7ef5290)` was not used in the crate graph
warning: patch `rom-sqlite v0.0.3 (https://github.com/pmikstacki/ROM?rev=d7ef529040eec60dc869034c2d33130219db85fe#d7ef5290)` was not used in the crate graph
help: Check that the patched package version and available features are compatible
      with the dependency requirements. If the patch has a different version from
      what is locked in the Cargo.lock file, run `cargo update` to use the new
      version. This may also occur with an optional dependency that is not enabled.
    Packaged 9 files, 22.9KiB (6.1KiB compressed)
   Packaging rom-projection-core v0.1.0-dev (/root/ROM-extras/crates/rom-projection-core)
    Updating crates.io index
    Packaged 41 files, 234.8KiB (52.0KiB compressed)
   Compiling rom-sql-core v0.1.0-dev (/tmp/projection-packaged-XXCeLG/rom-sql-core-0.1.0-dev)
   Compiling rom-projection-core v0.1.0-dev (/tmp/projection-packaged-XXCeLG/rom-projection-core-0.1.0-dev)
   Compiling rom-projection-packaged-consumer v0.0.0 (/tmp/projection-packaged-XXCeLG/consumer)
    Finished `dev` profile [unoptimized + debuginfo] target(s) in 1.74s
     Running `target/projection-packaged-consumer/debug/rom-projection-packaged-consumer`
packaged projection checkpoint close/reopen: passed
    Checking rom-sql-core v0.1.0-dev (/tmp/projection-packaged-XXCeLG/rom-sql-core-0.1.0-dev)
    Checking rom-projection-core v0.1.0-dev (/tmp/projection-packaged-XXCeLG/rom-projection-core-0.1.0-dev)
    Checking rom-projection-packaged-consumer v0.0.0 (/tmp/projection-packaged-XXCeLG/consumer)
    Finished `dev` profile [unoptimized + debuginfo] target(s) in 0.44s
   Compiling rom v0.0.3 (https://github.com/pmikstacki/ROM?rev=d7ef529040eec60dc869034c2d33130219db85fe#d7ef5290)
   Compiling rom-backup v0.0.3 (https://github.com/pmikstacki/ROM?rev=d7ef529040eec60dc869034c2d33130219db85fe#d7ef5290)
   Compiling rom-projection-core v0.1.0-dev (/tmp/projection-packaged-XXCeLG/rom-projection-core-0.1.0-dev)
   Compiling rom-redb v0.0.3 (https://github.com/pmikstacki/ROM?rev=d7ef529040eec60dc869034c2d33130219db85fe#d7ef5290)
   Compiling rom-sqlite v0.0.3 (https://github.com/pmikstacki/ROM?rev=d7ef529040eec60dc869034c2d33130219db85fe#d7ef5290)
    Finished `test` profile [unoptimized + debuginfo] target(s) in 3.79s
     Running tests/native_history.rs (target/projection-packaged-consumer/debug/deps/native_history-36ae9c10cadd77cb)

running 14 tests
test redb_generation_expiry_closed_source ... ok
test redb_bounded_selected_vectors ... ok
test redb_oversize_selection_before_vectors ... ok
test sqlite_generation_expiry_closed_source ... ok
test sqlite_oversize_selection_before_vectors ... ok
test sqlite_bounded_selected_vectors ... ok
test redb_denied_empty_page_advances ... ok
test redb_revoked_row_blocks_recovery ... ok
test sqlite_revoked_field_blocks_recovery ... ok
test redb_revoked_field_blocks_recovery ... ok
test sqlite_denied_empty_page_advances ... ok
test sqlite_revoked_row_blocks_recovery ... ok
test redb_tombstone_restart_old_endpoint ... ok
test sqlite_tombstone_restart_old_endpoint ... ok

test result: ok. 14 passed; 0 failed; 0 ignored; 0 measured; 0 filtered out; finished in 0.53s

    Finished `test` profile [unoptimized + debuginfo] target(s) in 0.03s
     Running tests/native_history.rs (target/projection-packaged-consumer/debug/deps/native_history-36ae9c10cadd77cb)

running 14 tests
test redb_generation_expiry_closed_source ... ok
test sqlite_generation_expiry_closed_source ... ok
test sqlite_oversize_selection_before_vectors ... ok
test redb_oversize_selection_before_vectors ... ok
test redb_bounded_selected_vectors ... ok
test sqlite_bounded_selected_vectors ... ok
test redb_revoked_field_blocks_recovery ... ok
test redb_denied_empty_page_advances ... ok
test sqlite_denied_empty_page_advances ... ok
test sqlite_revoked_row_blocks_recovery ... ok
test redb_revoked_row_blocks_recovery ... ok
test sqlite_revoked_field_blocks_recovery ... ok
test redb_tombstone_restart_old_endpoint ... ok
test sqlite_tombstone_restart_old_endpoint ... ok

test result: ok. 14 passed; 0 failed; 0 ignored; 0 measured; 0 filtered out; finished in 0.68s

