   Packaging rom-sql-core v0.1.0-dev (/root/ROM-extras/crates/rom-sql-core)
warning: patch `rom v0.0.3 (https://github.com/pmikstacki/ROM?rev=d7ef529040eec60dc869034c2d33130219db85fe#d7ef5290)` was not used in the crate graph
warning: patch `rom-backup v0.0.3 (https://github.com/pmikstacki/ROM?rev=d7ef529040eec60dc869034c2d33130219db85fe#d7ef5290)` was not used in the crate graph
warning: patch `rom-redb v0.0.3 (https://github.com/pmikstacki/ROM?rev=d7ef529040eec60dc869034c2d33130219db85fe#d7ef5290)` was not used in the crate graph
warning: patch `rom-sqlite v0.0.3 (https://github.com/pmikstacki/ROM?rev=d7ef529040eec60dc869034c2d33130219db85fe#d7ef5290)` was not used in the crate graph
help: Check that the patched package version and available features are compatible
      with the dependency requirements. If the patch has a different version from
      what is locked in the Cargo.lock file, run `cargo update` to use the new
      version. This may also occur with an optional dependency that is not enabled.
    Packaged 9 files, 22.9KiB (6.1KiB compressed)
   Packaging rom-projection-core v0.1.0-dev (/root/ROM-extras/crates/rom-projection-core)
    Updating crates.io index
    Packaged 41 files, 234.8KiB (52.0KiB compressed)
   Compiling rom-sql-core v0.1.0-dev (/root/ROM-extras/.superpowers/projection-packaged-Ei10f4/rom-sql-core-0.1.0-dev)
   Compiling rom-projection-core v0.1.0-dev (/root/ROM-extras/.superpowers/projection-packaged-Ei10f4/rom-projection-core-0.1.0-dev)
   Compiling rom-projection-packaged-consumer v0.0.0 (/root/ROM-extras/.superpowers/projection-packaged-Ei10f4/consumer)
    Finished `dev` profile [unoptimized + debuginfo] target(s) in 1.83s
     Running `target/projection-packaged-consumer/debug/rom-projection-packaged-consumer`
packaged projection checkpoint close/reopen: passed
    Checking rom-sql-core v0.1.0-dev (/root/ROM-extras/.superpowers/projection-packaged-Ei10f4/rom-sql-core-0.1.0-dev)
    Checking rom-projection-core v0.1.0-dev (/root/ROM-extras/.superpowers/projection-packaged-Ei10f4/rom-projection-core-0.1.0-dev)
    Checking rom-projection-packaged-consumer v0.0.0 (/root/ROM-extras/.superpowers/projection-packaged-Ei10f4/consumer)
    Finished `dev` profile [unoptimized + debuginfo] target(s) in 0.44s
error: current package believes it's in a workspace when it's not:
current:   /root/ROM-extras/.superpowers/projection-packaged-Ei10f4/rom-projection-core-0.1.0-dev/Cargo.toml
workspace: /root/ROM-extras/Cargo.toml

this may be fixable by adding `.superpowers/projection-packaged-Ei10f4/rom-projection-core-0.1.0-dev` to the `workspace.members` array of the manifest located at: /root/ROM-extras/Cargo.toml
Alternatively, to keep it out of the workspace, add the package to the `workspace.exclude` array, or add an empty `[workspace]` table to the package's manifest.
