     Locking 1 package to highest Rust 1.99 compatible version
      Adding rom-projection-core v0.1.0-dev (/root/ROM-extras/crates/rom-projection-core)
   Compiling aws-lc-sys v0.45.0
   Compiling openssl-sys v0.9.117
   Compiling rom-projection-core v0.1.0-dev (/root/ROM-extras/crates/rom-projection-core)
warning: openssl-sys@0.9.117: Could not find directory of OpenSSL installation, and this `-sys` crate cannot proceed without this knowledge. If OpenSSL is installed and this crate had trouble finding it,  you can set the `OPENSSL_DIR` environment variable for the compilation process. See stderr section below for further information.
error: failed to run custom build command for `openssl-sys v0.9.117`

Caused by:
  process didn't exit successfully: `/root/ROM-extras/tests/public-consumer/target/debug/build/openssl-sys-7db271b18f505927/build-script-main` (exit status: 101)
  --- stdout
  cargo:rustc-check-cfg=cfg(osslconf, values("OPENSSL_NO_OCB", "OPENSSL_NO_SM4", "OPENSSL_NO_SEED", "OPENSSL_NO_CHACHA", "OPENSSL_NO_CAST", "OPENSSL_NO_IDEA", "OPENSSL_NO_CAMELLIA", "OPENSSL_NO_RC4", "OPENSSL_NO_BF", "OPENSSL_NO_PSK", "OPENSSL_NO_DEPRECATED_3_0", "OPENSSL_NO_SCRYPT", "OPENSSL_NO_SM3", "OPENSSL_NO_RMD160", "OPENSSL_NO_EC2M", "OPENSSL_NO_OCSP", "OPENSSL_NO_CMS", "OPENSSL_NO_COMP", "OPENSSL_NO_SOCK", "OPENSSL_NO_STDIO", "OPENSSL_NO_EC", "OPENSSL_NO_SSL3_METHOD", "OPENSSL_NO_KRB5", "OPENSSL_NO_TLSEXT", "OPENSSL_NO_SRP", "OPENSSL_NO_SRTP", "OPENSSL_NO_RFC3779", "OPENSSL_NO_SHA", "OPENSSL_NO_NEXTPROTONEG", "OPENSSL_NO_ENGINE", "OPENSSL_NO_BUF_FREELISTS", "OPENSSL_NO_RC2"))
  cargo:rustc-check-cfg=cfg(openssl)
  cargo:rustc-check-cfg=cfg(libressl)
  cargo:rustc-check-cfg=cfg(boringssl)
  cargo:rustc-check-cfg=cfg(awslc)
  cargo:rustc-check-cfg=cfg(awslc_pregenerated)
  cargo:rustc-check-cfg=cfg(libressl250)
  cargo:rustc-check-cfg=cfg(libressl251)
  cargo:rustc-check-cfg=cfg(libressl252)
  cargo:rustc-check-cfg=cfg(libressl261)
  cargo:rustc-check-cfg=cfg(libressl270)
  cargo:rustc-check-cfg=cfg(libressl271)
  cargo:rustc-check-cfg=cfg(libressl273)
  cargo:rustc-check-cfg=cfg(libressl280)
  cargo:rustc-check-cfg=cfg(libressl281)
  cargo:rustc-check-cfg=cfg(libressl291)
  cargo:rustc-check-cfg=cfg(libressl310)
  cargo:rustc-check-cfg=cfg(libressl321)
  cargo:rustc-check-cfg=cfg(libressl332)
  cargo:rustc-check-cfg=cfg(libressl340)
  cargo:rustc-check-cfg=cfg(libressl350)
  cargo:rustc-check-cfg=cfg(libressl360)
  cargo:rustc-check-cfg=cfg(libressl361)
  cargo:rustc-check-cfg=cfg(libressl370)
  cargo:rustc-check-cfg=cfg(libressl380)
  cargo:rustc-check-cfg=cfg(libressl381)
  cargo:rustc-check-cfg=cfg(libressl382)
  cargo:rustc-check-cfg=cfg(libressl390)
  cargo:rustc-check-cfg=cfg(libressl400)
  cargo:rustc-check-cfg=cfg(libressl410)
  cargo:rustc-check-cfg=cfg(libressl420)
  cargo:rustc-check-cfg=cfg(libressl430)
  cargo:rustc-check-cfg=cfg(ossl101)
  cargo:rustc-check-cfg=cfg(ossl102)
  cargo:rustc-check-cfg=cfg(ossl102f)
  cargo:rustc-check-cfg=cfg(ossl102h)
  cargo:rustc-check-cfg=cfg(ossl110)
  cargo:rustc-check-cfg=cfg(ossl110f)
  cargo:rustc-check-cfg=cfg(ossl110g)
  cargo:rustc-check-cfg=cfg(ossl110h)
  cargo:rustc-check-cfg=cfg(ossl111)
  cargo:rustc-check-cfg=cfg(ossl111b)
  cargo:rustc-check-cfg=cfg(ossl111c)
  cargo:rustc-check-cfg=cfg(ossl111d)
  cargo:rustc-check-cfg=cfg(ossl300)
  cargo:rustc-check-cfg=cfg(ossl310)
  cargo:rustc-check-cfg=cfg(ossl320)
  cargo:rustc-check-cfg=cfg(ossl330)
  cargo:rustc-check-cfg=cfg(ossl340)
  cargo:rustc-check-cfg=cfg(ossl400)
  cargo:rerun-if-env-changed=X86_64_UNKNOWN_LINUX_GNU_OPENSSL_LIB_DIR
  X86_64_UNKNOWN_LINUX_GNU_OPENSSL_LIB_DIR unset
  cargo:rerun-if-env-changed=OPENSSL_LIB_DIR
  OPENSSL_LIB_DIR unset
  cargo:rerun-if-env-changed=X86_64_UNKNOWN_LINUX_GNU_OPENSSL_INCLUDE_DIR
  X86_64_UNKNOWN_LINUX_GNU_OPENSSL_INCLUDE_DIR unset
  cargo:rerun-if-env-changed=OPENSSL_INCLUDE_DIR
  OPENSSL_INCLUDE_DIR unset
  cargo:rerun-if-env-changed=X86_64_UNKNOWN_LINUX_GNU_OPENSSL_DIR
  X86_64_UNKNOWN_LINUX_GNU_OPENSSL_DIR unset
  cargo:rerun-if-env-changed=OPENSSL_DIR
  OPENSSL_DIR unset
  cargo:rerun-if-env-changed=OPENSSL_NO_PKG_CONFIG
  cargo:rerun-if-env-changed=PKG_CONFIG_x86_64-unknown-linux-gnu
  cargo:rerun-if-env-changed=PKG_CONFIG_x86_64_unknown_linux_gnu
  cargo:rerun-if-env-changed=HOST_PKG_CONFIG
  cargo:rerun-if-env-changed=PKG_CONFIG
  cargo:rerun-if-env-changed=OPENSSL_STATIC
  cargo:rerun-if-env-changed=OPENSSL_DYNAMIC
  cargo:rerun-if-env-changed=PKG_CONFIG_ALL_STATIC
  cargo:rerun-if-env-changed=PKG_CONFIG_ALL_DYNAMIC
  cargo:rerun-if-env-changed=PKG_CONFIG_PATH_x86_64-unknown-linux-gnu
  cargo:rerun-if-env-changed=PKG_CONFIG_PATH_x86_64_unknown_linux_gnu
  cargo:rerun-if-env-changed=HOST_PKG_CONFIG_PATH
  cargo:rerun-if-env-changed=PKG_CONFIG_PATH
  cargo:rerun-if-env-changed=PKG_CONFIG_LIBDIR_x86_64-unknown-linux-gnu
  cargo:rerun-if-env-changed=PKG_CONFIG_LIBDIR_x86_64_unknown_linux_gnu
  cargo:rerun-if-env-changed=HOST_PKG_CONFIG_LIBDIR
  cargo:rerun-if-env-changed=PKG_CONFIG_LIBDIR
  cargo:rerun-if-env-changed=PKG_CONFIG_SYSROOT_DIR_x86_64-unknown-linux-gnu
  cargo:rerun-if-env-changed=PKG_CONFIG_SYSROOT_DIR_x86_64_unknown_linux_gnu
  cargo:rerun-if-env-changed=HOST_PKG_CONFIG_SYSROOT_DIR
  cargo:rerun-if-env-changed=PKG_CONFIG_SYSROOT_DIR
  cargo:rerun-if-env-changed=OPENSSL_STATIC
  cargo:rerun-if-env-changed=OPENSSL_DYNAMIC
  cargo:rerun-if-env-changed=PKG_CONFIG_ALL_STATIC
  cargo:rerun-if-env-changed=PKG_CONFIG_ALL_DYNAMIC
  cargo:rerun-if-env-changed=PKG_CONFIG_PATH_x86_64-unknown-linux-gnu
  cargo:rerun-if-env-changed=PKG_CONFIG_PATH_x86_64_unknown_linux_gnu
  cargo:rerun-if-env-changed=HOST_PKG_CONFIG_PATH
  cargo:rerun-if-env-changed=PKG_CONFIG_PATH
  cargo:rerun-if-env-changed=PKG_CONFIG_LIBDIR_x86_64-unknown-linux-gnu
  cargo:rerun-if-env-changed=PKG_CONFIG_LIBDIR_x86_64_unknown_linux_gnu
  cargo:rerun-if-env-changed=HOST_PKG_CONFIG_LIBDIR
  cargo:rerun-if-env-changed=PKG_CONFIG_LIBDIR
  cargo:rerun-if-env-changed=PKG_CONFIG_SYSROOT_DIR_x86_64-unknown-linux-gnu
  cargo:rerun-if-env-changed=PKG_CONFIG_SYSROOT_DIR_x86_64_unknown_linux_gnu
  cargo:rerun-if-env-changed=HOST_PKG_CONFIG_SYSROOT_DIR
  cargo:rerun-if-env-changed=PKG_CONFIG_SYSROOT_DIR


  Could not find openssl via pkg-config:
  Could not run `PKG_CONFIG_ALLOW_SYSTEM_CFLAGS=1 pkg-config --libs --cflags openssl`
  The pkg-config command could not be found.

  Most likely, you need to install a pkg-config package for your OS.
  Try `apt install pkg-config`, or `yum install pkg-config`, or `brew install pkgconf`
  or `pkg install pkg-config`, or `apk add pkgconfig` depending on your distribution.

  If you've already installed it, ensure the pkg-config command is one of the
  directories in the PATH environment variable.

  If you did not expect this build to link to a pre-installed system library,
  then check documentation of the openssl-sys crate for an option to
  build the library from source, or disable features or dependencies
  that require pkg-config.

  cargo:warning=Could not find directory of OpenSSL installation, and this `-sys` crate cannot proceed without this knowledge. If OpenSSL is installed and this crate had trouble finding it,  you can set the `OPENSSL_DIR` environment variable for the compilation process. See stderr section below for further information.

  --- stderr


  Could not find directory of OpenSSL installation, and this `-sys` crate cannot
  proceed without this knowledge. If OpenSSL is installed and this crate had
  trouble finding it,  you can set the `OPENSSL_DIR` environment variable for the
  compilation process.

  Make sure you also have the development packages of openssl installed.
  For example, `libssl-dev` on Ubuntu or `openssl-devel` on Fedora.

  If you're in a situation where you think the directory *should* be found
  automatically, please open a bug at https://github.com/rust-openssl/rust-openssl
  and include information about your system as well as this message.

  $HOST = x86_64-unknown-linux-gnu
  $TARGET = x86_64-unknown-linux-gnu
  openssl-sys = 0.9.117


  It looks like you're compiling on Linux and also targeting Linux. Currently this
  requires the `pkg-config` utility to find OpenSSL but unfortunately `pkg-config`
  could not be found. If you have OpenSSL installed you can likely fix this by
  installing `pkg-config`.


warning: build failed, waiting for other jobs to finish...
