    Checking rom v0.0.3 (https://github.com/pmikstacki/ROM?rev=d7ef529040eec60dc869034c2d33130219db85fe#d7ef5290)
    Checking rom-backup v0.0.3 (https://github.com/pmikstacki/ROM?rev=d7ef529040eec60dc869034c2d33130219db85fe#d7ef5290)
    Checking rom-redb v0.0.3 (https://github.com/pmikstacki/ROM?rev=d7ef529040eec60dc869034c2d33130219db85fe#d7ef5290)
    Checking rom-sqlite v0.0.3 (https://github.com/pmikstacki/ROM?rev=d7ef529040eec60dc869034c2d33130219db85fe#d7ef5290)
    Checking rom-projection-core v0.1.0-dev (/root/ROM-extras/crates/rom-projection-core)
error: this function has too many arguments (8/7)
   --> crates/rom-projection-core/tests/../../../tests/packaged-projections/native_history_case.rs:160:1
    |
160 | / fn worker(
161 | |     host: &StorageLifecycle,
162 | |     rt: &tokio::runtime::Runtime,
163 | |     path: &Path,
...   |
168 | |     create: bool,
169 | | ) -> Worker<Target> {
    | |___________________^
    |
    = help: for further information visit https://rust-lang.github.io/rust-clippy/rust-1.99.0/index.html#too_many_arguments
    = note: `-D clippy::too-many-arguments` implied by `-D warnings`
    = help: to override `-D warnings` add `#[allow(clippy::too_many_arguments)]`

error: could not compile `rom-projection-core` (test "native_history") due to 1 previous error
warning: build failed, waiting for other jobs to finish...
