   Compiling rom-projection-core v0.1.0-dev (/root/ROM-extras/crates/rom-projection-core)
    Finished `test` profile [unoptimized + debuginfo] target(s) in 0.48s
     Running unittests src/lib.rs (target/debug/deps/rom_projection_core-3e4d3f9ebf90fc40)

running 8 tests
test metadata::tests::sequence_exhaustion_is_rejected_before_preparing_an_unfinishable_page ... ok
test preflight::cancellation_tests::bounded_copy_cancels_after_one_chunk_without_changing_source ... FAILED
test preflight::cancellation_tests::scan_cancels_at_256_records_before_later_corruption_is_examined ... FAILED
test checkpoint::faults::error_before_native_write_reconciles_absent_after_handle_retirement ... ok
test checkpoint::faults::unwinding_commit_panic_retires_handle_and_reconciles_the_durable_intent ... ok
test checkpoint::faults::error_after_actual_native_sync_reconciles_applied_after_handle_retirement ... ok
test checkpoint::faults::completion_sync_error_recovers_atomically_applied_keys_cursor_and_receipt ... ok
test checkpoint::faults::completion_write_error_recovers_atomically_absent_keys_and_unadvanced_cursor ... ok

failures:

---- preflight::cancellation_tests::bounded_copy_cancels_after_one_chunk_without_changing_source stdout ----

thread 'preflight::cancellation_tests::bounded_copy_cancels_after_one_chunk_without_changing_source' (4037589) panicked at crates/rom-projection-core/src/../tests/support/fs.rs:17:14:
called `Result::unwrap()` on an `Err` value: Os { code: 17, kind: AlreadyExists, message: "File exists" }

---- preflight::cancellation_tests::scan_cancels_at_256_records_before_later_corruption_is_examined stdout ----

thread 'preflight::cancellation_tests::scan_cancels_at_256_records_before_later_corruption_is_examined' (4037590) panicked at crates/rom-projection-core/src/../tests/support/fs.rs:17:14:
called `Result::unwrap()` on an `Err` value: Os { code: 17, kind: AlreadyExists, message: "File exists" }
note: run with `RUST_BACKTRACE=1` environment variable to display a backtrace


failures:
    preflight::cancellation_tests::bounded_copy_cancels_after_one_chunk_without_changing_source
    preflight::cancellation_tests::scan_cancels_at_256_records_before_later_corruption_is_examined

test result: FAILED. 6 passed; 2 failed; 0 ignored; 0 measured; 0 filtered out; finished in 0.36s

error: test failed, to rerun pass `-p rom-projection-core --lib`
