   Compiling rom-projection-core v0.1.0-dev (/root/ROM-extras/crates/rom-projection-core)
    Finished `test` profile [unoptimized + debuginfo] target(s) in 0.71s
     Running unittests src/lib.rs (target/debug/deps/rom_projection_core-3e4d3f9ebf90fc40)

running 6 tests
test metadata::tests::sequence_exhaustion_is_rejected_before_preparing_an_unfinishable_page ... ok
test checkpoint::faults::error_before_native_write_reconciles_absent_after_handle_retirement ... ok
test checkpoint::faults::completion_write_error_recovers_atomically_absent_keys_and_unadvanced_cursor ... ok
test checkpoint::faults::completion_sync_error_recovers_atomically_applied_keys_cursor_and_receipt ... ok
test checkpoint::faults::unwinding_commit_panic_retires_handle_and_reconciles_the_durable_intent ... ok
test checkpoint::faults::error_after_actual_native_sync_reconciles_applied_after_handle_retirement ... ok

test result: ok. 6 passed; 0 failed; 0 ignored; 0 measured; 0 filtered out; finished in 0.45s

     Running tests/boundaries.rs (target/debug/deps/boundaries-e51388cb537fed4b)

running 4 tests
test invalid_identity_and_zero_revision_are_rejected_before_store_access ... ok
test page_rejects_equal_revision_content_conflict_before_collapsing_keys ... ok
test remote_observation_rejects_oversized_target_before_owned_copy ... ok
test page_rejects_generation_gap_backward_progress_and_excess_work ... ok

test result: ok. 4 passed; 0 failed; 0 ignored; 0 measured; 0 filtered out; finished in 0.00s

     Running tests/checkpoint_recovery.rs (target/debug/deps/checkpoint_recovery-398f8dbb5644aeb5)

running 7 tests
test partial_or_conflicting_remote_observations_cannot_advance_cursor ... ok
test fresh_store_is_private_and_durable_after_full_close ... ok
test complete_page_publishes_all_keys_and_cursor_together ... ok
test durable_key_state_rejects_stale_and_conflicting_equal_revision_after_reopen ... ok
test filtered_page_advances_without_inventing_key_state ... ok
test accepted_intent_survives_reopen_without_acknowledging_its_cursor ... ok
test original_keys_with_ambiguous_separator_concatenation_remain_distinct ... ok

test result: ok. 7 passed; 0 failed; 0 ignored; 0 measured; 0 filtered out; finished in 0.26s

     Running tests/process_recovery.rs (target/debug/deps/process_recovery-d8b1734c29750768)

running 10 tests
test child_process ... ignored, invoked in a bounded child process by the parent cases
test hard_link_deployment_is_rejected_before_engine_open ... ok
test oversized_state_record_is_rejected_without_source_changes ... ok
test future_format_rejection_preserves_original_bytes ... ok
test ownership_rejects_a_second_process_and_supported_path_alias ... ok
test missing_application_marker_is_not_initialized_as_a_fresh_store ... ok
test retained_receipt_cannot_hide_a_changed_completed_cursor ... ok
test retained_receipt_cannot_hide_a_missing_acknowledged_key ... ok
test rejected_future_dirty_source_is_not_repaired_or_rewritten ... ok
test acknowledged_intent_recovers_after_process_exit_without_engine_drop ... ok

test result: ok. 9 passed; 0 failed; 1 ignored; 0 measured; 0 filtered out; finished in 0.44s

   Doc-tests rom_projection_core

running 1 test
test crates/rom-projection-core/src/metadata.rs - metadata::ReconciledPage (line 273) - compile fail ... ok

test result: ok. 1 passed; 0 failed; 0 ignored; 0 measured; 0 filtered out; finished in 0.03s

