   Compiling rom-projection-core v0.1.0-dev (/root/ROM-extras/crates/rom-projection-core)
warning: method `check` is never used
  --> crates/rom-projection-core/src/cancellation.rs:13:19
   |
 6 | impl Cancellation {
   | ----------------- method in this implementation
...
13 |     pub(crate) fn check(&self) -> crate::Result<()> { if self.is_cancelled() { Err(crate::Error::Cancelled) } else { Ok(()) } }
   |                   ^^^^^
   |
   = note: `#[warn(dead_code)]` (part of `#[warn(unused)]`) on by default

warning: `rom-projection-core` (lib) generated 1 warning
    Finished `test` profile [unoptimized + debuginfo] target(s) in 0.90s
     Running tests/cancellation.rs (target/debug/deps/cancellation-65e4afe78a63328f)

running 2 tests
test pre_cancelled_reopen_does_not_retire_a_usable_engine_or_release_ownership ... FAILED
test cancelled_open_preserves_bytes_and_releases_admission ... FAILED

failures:

---- pre_cancelled_reopen_does_not_retire_a_usable_engine_or_release_ownership stdout ----

thread 'pre_cancelled_reopen_does_not_retire_a_usable_engine_or_release_ownership' (4033337) panicked at crates/rom-projection-core/tests/cancellation.rs:23:5:
assertion `left == right` failed
  left: Ok(())
 right: Err(Cancelled)
note: run with `RUST_BACKTRACE=1` environment variable to display a backtrace

---- cancelled_open_preserves_bytes_and_releases_admission stdout ----

thread 'cancelled_open_preserves_bytes_and_releases_admission' (4033336) panicked at crates/rom-projection-core/tests/cancellation.rs:13:5:
assertion failed: matches!(CheckpointStore::open_cancellable(&dir.file(), &profile(), &cancel),
    Err(Error::Cancelled))


failures:
    cancelled_open_preserves_bytes_and_releases_admission
    pre_cancelled_reopen_does_not_retire_a_usable_engine_or_release_ownership

test result: FAILED. 0 passed; 2 failed; 0 ignored; 0 measured; 0 filtered out; finished in 0.07s

error: test failed, to rerun pass `-p rom-projection-core --test cancellation`
