    Updating git repository `https://github.com/pmikstacki/ROM`
    Updating crates.io index
     Locking 32 packages to highest Rust 1.99 compatible versions
      Adding generic-array v0.14.7 (available: v0.14.9)
      Adding tokio v1.53.1 (available: v1.53.2)
   Compiling proc-macro2 v1.0.107
   Compiling unicode-ident v1.0.26
   Compiling quote v1.0.47
   Compiling version_check v0.9.5
   Compiling generic-array v0.14.7
   Compiling crossbeam-utils v0.8.23
   Compiling crossbeam-epoch v0.9.21
   Compiling typenum v1.20.1
   Compiling syn v3.0.6
   Compiling crossbeam-deque v0.8.8
   Compiling serde_core v1.0.229
   Compiling zmij v1.0.23
   Compiling rayon-core v1.13.0
   Compiling block-buffer v0.10.4
   Compiling crypto-common v0.1.7
   Compiling serde_json v1.0.151
   Compiling serde v1.0.229
   Compiling digest v0.10.7
   Compiling serde_derive v1.0.229
   Compiling tokio-macros v2.7.2
   Compiling itoa v1.0.18
   Compiling cpufeatures v0.2.17
   Compiling cfg-if v1.0.5
   Compiling either v1.19.0
   Compiling pin-project-lite v0.2.17
   Compiling memchr v2.8.3
   Compiling tokio v1.53.1
   Compiling rayon v1.12.0
   Compiling sha2 v0.10.9
   Compiling rom-sql-core v0.1.0-dev (/root/ROM-extras/crates/rom-sql-core)
   Compiling rom v0.0.3 (https://github.com/pmikstacki/ROM?rev=d7ef529040eec60dc869034c2d33130219db85fe#d7ef5290)
   Compiling rom-extras-public-consumer v0.0.0 (/root/ROM-extras/tests/public-consumer)
    Finished `dev` profile [unoptimized + debuginfo] target(s) in 11.88s
     Running `tests/public-consumer/target/debug/rom-extras-public-consumer`
Public custom field and isolated connection execution verified.
