    Updating crates.io index
     Locking 91 packages to highest Rust 1.99 compatible versions
      Adding aes v0.8.4
      Adding amq-protocol v10.6.3
      Adding amq-protocol-tcp v10.6.3
      Adding amq-protocol-types v10.6.3
      Adding amq-protocol-uri v10.6.3
      Adding asn1-rs v0.7.2
      Adding asn1-rs-derive v0.6.0
      Adding asn1-rs-impl v0.2.0
      Adding async-channel v2.5.0
      Adding async-compat v0.2.6
      Adding async-executor v1.14.0
      Adding async-global-executor v3.1.0
      Adding async-lock v3.4.2
      Adding async-rs v0.8.13
      Adding async-task v4.7.1
      Adding async-trait v0.1.92
      Adding backon v1.6.0
      Adding base64ct v1.8.3
      Adding block-padding v0.3.3
      Adding blocking v1.7.0
      Adding cbc v0.1.2
      Adding cipher v0.4.4
      Adding cms v0.2.3
      Adding concurrent-queue v2.5.0
      Adding const-oid v0.9.6
      Adding cookie-factory v0.3.3
      Adding core-foundation v0.9.4
      Adding critical-section v1.2.0
      Adding crossbeam-channel v0.5.17
      Adding data-encoding v2.11.1
      Adding der v0.7.10
      Adding der-parser v10.0.0
      Adding der_derive v0.7.3
      Adding des v0.8.1
      Adding equivalent v1.0.2
      Adding event-listener v5.4.2
      Adding event-listener-strategy v0.5.4
      Adding fastrand v2.5.0
      Adding flagset v0.4.7
      Adding flume v0.12.0
      Adding futures-io v0.3.34
      Adding futures-lite v2.6.1
      Adding futures-rustls v0.26.0
      Adding hex v0.4.3
      Adding hickory-net v0.26.3
      Adding hickory-proto v0.26.3
      Adding hickory-resolver v0.26.3
      Adding inout v0.1.4
      Adding ipconfig v0.3.4
      Adding lapin v4.12.0
      Adding lazy_static v1.5.1
      Adding lock_api v0.4.14
      Adding minimal-lexical v0.2.1
      Adding moka v0.12.16
      Adding ndk-context v0.1.1
      Adding nom v7.1.3
      Adding nom v8.0.0
      Adding oid-registry v0.8.1
      Adding p12-keystore v0.2.1
      Adding parking v2.2.1
      Adding parking_lot v0.12.5
      Adding parking_lot_core v0.9.12
      Adding pbkdf2 v0.12.2
      Adding pem-rfc7468 v0.7.0
      Adding piper v0.2.5
      Adding pkcs12 v0.1.0
      Adding pkcs5 v0.7.1
      Adding prefix-trie v0.8.4
      Adding rc2 v0.8.1
      Adding redox_syscall v0.5.18
      Adding resolv-conf v0.7.6
      Adding rusticata-macros v4.1.0
      Adding rustls-connector v0.23.9
      Adding salsa20 v0.10.2
      Adding scopeguard v1.2.0
      Adding scrypt v0.11.0
      Adding sha1 v0.10.7
      Adding spin v0.9.9
      Adding spki v0.7.3
      Adding synstructure v0.13.2
      Adding system-configuration v0.7.0
      Adding system-configuration-sys v0.6.0
      Adding tagptr v0.2.0
      Adding tcp-stream v0.34.14
      Adding uuid v1.27.0
      Adding widestring v1.2.1
      Adding windows-registry v0.6.1
      Adding windows-result v0.4.1
      Adding windows-strings v0.5.1
      Adding x509-cert v0.2.5
      Adding x509-parser v0.18.1
 Downloading crates ...
  Downloaded amq-protocol-uri v10.6.3
  Downloaded asn1-rs-impl v0.2.0
  Downloaded async-global-executor v3.1.0
  Downloaded asn1-rs-derive v0.6.0
  Downloaded amq-protocol-types v10.6.3
  Downloaded hex v0.4.3
  Downloaded inout v0.1.4
  Downloaded flagset v0.4.7
  Downloaded sha1 v0.10.7
  Downloaded tagptr v0.2.0
  Downloaded rc2 v0.8.1
  Downloaded parking v2.2.1
  Downloaded pbkdf2 v0.12.2
  Downloaded rusticata-macros v4.1.0
  Downloaded rustls-connector v0.23.9
  Downloaded salsa20 v0.10.2
  Downloaded async-channel v2.5.0
  Downloaded block-padding v0.3.3
  Downloaded cbc v0.1.2
  Downloaded cipher v0.4.4
  Downloaded cookie-factory v0.3.3
  Downloaded critical-section v1.2.0
  Downloaded data-encoding v2.11.1
  Downloaded der_derive v0.7.3
  Downloaded amq-protocol-tcp v10.6.3
  Downloaded async-compat v0.2.6
  Downloaded async-executor v1.14.0
  Downloaded concurrent-queue v2.5.0
  Downloaded event-listener-strategy v0.5.4
  Downloaded futures-rustls v0.26.0
  Downloaded pem-rfc7468 v0.7.0
  Downloaded piper v0.2.5
  Downloaded resolv-conf v0.7.6
  Downloaded spki v0.7.3
  Downloaded tcp-stream v0.34.14
  Downloaded async-task v4.7.1
  Downloaded event-listener v5.4.2
  Downloaded async-lock v3.4.2
  Downloaded backon v1.6.0
  Downloaded blocking v1.7.0
  Downloaded const-oid v0.9.6
  Downloaded async-rs v0.8.13
  Downloaded base64ct v1.8.3
  Downloaded futures-lite v2.6.1
  Downloaded oid-registry v0.8.1
  Downloaded pkcs5 v0.7.1
  Downloaded scrypt v0.11.0
  Downloaded spin v0.9.9
  Downloaded des v0.8.1
  Downloaded amq-protocol v10.6.3
  Downloaded p12-keystore v0.2.1
  Downloaded der-parser v10.0.0
  Downloaded flume v0.12.0
  Downloaded pkcs12 v0.1.0
  Downloaded prefix-trie v0.8.4
  Downloaded der v0.7.10
  Downloaded asn1-rs v0.7.2
  Downloaded crossbeam-channel v0.5.17
  Downloaded minimal-lexical v0.2.1
  Downloaded x509-cert v0.2.5
  Downloaded x509-parser v0.18.1
  Downloaded aes v0.8.4
  Downloaded nom v7.1.3
  Downloaded hickory-net v0.26.3
  Downloaded nom v8.0.0
  Downloaded cms v0.2.3
  Downloaded hickory-resolver v0.26.3
  Downloaded moka v0.12.16
  Downloaded hickory-proto v0.26.3
   Compiling base64ct v1.8.3
   Compiling minimal-lexical v0.2.1
   Compiling flagset v0.4.7
   Compiling num-traits v0.2.19
   Compiling const-oid v0.9.6
   Compiling syn v3.0.6
   Compiling block-padding v0.3.3
   Compiling der_derive v0.7.3
   Compiling synstructure v0.13.2
   Compiling asn1-rs-impl v0.2.0
   Compiling time v0.3.55
   Compiling futures-io v0.3.34
   Compiling oid-registry v0.8.1
   Compiling pbkdf2 v0.12.2
   Compiling data-encoding v2.11.1
   Compiling lazy_static v1.5.1
   Compiling sha1 v0.10.7
   Compiling inout v0.1.4
   Compiling futures-rustls v0.26.0
   Compiling nom v8.0.0
   Compiling cookie-factory v0.3.3
   Compiling cipher v0.4.4
   Compiling hex v0.4.3
   Compiling scopeguard v1.2.0
   Compiling pem-rfc7468 v0.7.0
   Compiling nom v7.1.3
   Compiling rustls-connector v0.23.9
   Compiling tracing-core v0.1.36
   Compiling lock_api v0.4.14
   Compiling amq-protocol v10.6.3
   Compiling futures-sink v0.3.34
   Compiling lapin v4.12.0
   Compiling spin v0.9.9
   Compiling fastrand v2.5.0
   Compiling salsa20 v0.10.2
   Compiling cbc v0.1.2
   Compiling aes v0.8.4
   Compiling rc2 v0.8.1
   Compiling asn1-rs-derive v0.6.0
   Compiling scrypt v0.11.0
   Compiling des v0.8.1
   Compiling tracing v0.1.44
   Compiling parking v2.2.1
   Compiling flume v0.12.0
   Compiling backon v1.6.0
   Compiling event-listener v5.4.2
   Compiling der v0.7.10
   Compiling num-integer v0.1.47
   Compiling rusticata-macros v4.1.0
   Compiling num-bigint v0.4.8
   Compiling spki v0.7.3
   Compiling x509-cert v0.2.5
   Compiling pkcs5 v0.7.1
   Compiling cms v0.2.3
   Compiling pkcs12 v0.1.0
   Compiling synstructure v0.14.0
   Compiling displaydoc v0.2.7
   Compiling zerofrom-derive v0.1.8
   Compiling yoke-derive v0.8.4
   Compiling zerovec-derive v0.11.6
   Compiling tokio-macros v2.7.2
   Compiling thiserror-impl v2.0.21
   Compiling serde_derive v1.0.229
   Compiling async-trait v0.1.92
   Compiling tokio v1.53.1
   Compiling zerofrom v0.1.8
   Compiling yoke v0.8.3
   Compiling thiserror v2.0.21
   Compiling asn1-rs v0.7.2
   Compiling zerovec v0.11.8
   Compiling zerotrie v0.2.5
   Compiling tinystr v0.8.4
   Compiling potential_utf v0.1.6
   Compiling icu_collections v2.3.0
   Compiling icu_locale_core v2.3.0
   Compiling serde v1.0.229
   Compiling der-parser v10.0.0
   Compiling amq-protocol-types v10.6.3
   Compiling icu_provider v2.3.1
   Compiling icu_normalizer v2.3.0
   Compiling icu_properties v2.3.0
   Compiling x509-parser v0.18.1
   Compiling tokio-stream v0.1.19
   Compiling async-compat v0.2.6
   Compiling rom v0.0.3 (https://github.com/pmikstacki/ROM?rev=d7ef529040eec60dc869034c2d33130219db85fe#d7ef5290)
   Compiling async-rs v0.8.13
   Compiling idna_adapter v1.2.2
   Compiling idna v1.1.0
   Compiling p12-keystore v0.2.1
   Compiling url v2.5.8
   Compiling amq-protocol-uri v10.6.3
   Compiling tcp-stream v0.34.14
   Compiling amq-protocol-tcp v10.6.3
   Compiling rom-delivery-core v0.1.0-dev (/root/ROM-extras/crates/rom-delivery-core)
   Compiling rom-rabbitmq v0.1.0-dev (/root/ROM-extras/crates/rom-rabbitmq)
error[E0432]: unresolved import `rom_rabbitmq::RabbitMqDelivery`
 --> crates/rom-rabbitmq/tests/broker.rs:5:5
  |
5 | use rom_rabbitmq::RabbitMqDelivery;
  |     ^^^^^^^^^^^^^^----------------
  |                   |
  |                   no `RabbitMqDelivery` in the root

For more information about this error, try `rustc --explain E0432`.
error: could not compile `rom-rabbitmq` (test "broker") due to 1 previous error
