   Compiling rom-rabbitmq v0.1.0-dev (/root/ROM-extras/crates/rom-rabbitmq)
error[E0308]: mismatched types
   --> crates/rom-rabbitmq/tests/runtime.rs:273:25
    |
273 |             .close(200, "fixture unacknowledged consumer")
    |              -----      ^^^^^^^^^^^^^^^^^^^^^^^^^^^^^^^^^ expected `ShortString`, found `&str`
    |              |
    |              arguments to this method are incorrect
    |
note: method defined here
   --> /root/.cargo/registry/src/index.crates.io-1949cf8c6b5b557f/lapin-4.12.0/src/connection.rs:207:18
    |
207 |     pub async fn close(&self, reply_code: ReplyCode, reply_text: ShortString) -> Result<()> {
    |                  ^^^^^
help: call `Into::into` on this expression to convert `&'static str` into `lapin::amq_protocol_types::ShortString`
    |
273 |             .close(200, "fixture unacknowledged consumer".into())
    |                                                          +++++++

For more information about this error, try `rustc --explain E0308`.
error: could not compile `rom-rabbitmq` (test "runtime") due to 1 previous error
