    Updating crates.io index
     Locking 84 packages to highest Rust 1.99 compatible versions
      Adding aes v0.8.4
      Adding amq-protocol v10.6.3
      Adding amq-protocol-tcp v10.6.3
      Adding amq-protocol-types v10.6.3
      Adding amq-protocol-uri v10.6.3
      Adding asn1-rs v0.7.2
      Adding asn1-rs-derive v0.6.0
      Adding asn1-rs-impl v0.2.0
      Adding async-channel v2.5.0
      Adding async-compat v0.2.6
      Adding async-executor v1.14.0
      Adding async-global-executor v3.1.0
      Adding async-lock v3.4.2
      Adding async-rs v0.8.13
      Adding async-task v4.7.1
      Adding backon v1.6.0
      Adding base64ct v1.8.3
      Adding block-padding v0.3.3
      Adding blocking v1.7.0
      Adding cbc v0.1.2
      Adding cipher v0.4.4
      Adding cms v0.2.3
      Adding concurrent-queue v2.5.0
      Adding const-oid v0.9.6
      Adding cookie-factory v0.3.3
      Adding core-foundation v0.9.4
      Adding critical-section v1.2.0
      Adding crossbeam-channel v0.5.17
      Adding data-encoding v2.11.1
      Adding der v0.7.10
      Adding der-parser v10.0.0
      Adding der_derive v0.7.3
      Adding des v0.8.1
      Adding equivalent v1.0.2
      Adding event-listener v5.4.2
      Adding event-listener-strategy v0.5.4
      Adding fastrand v2.5.0
      Adding flagset v0.4.7
      Adding flume v0.12.0
      Adding futures-lite v2.6.1
      Adding futures-rustls v0.26.0
      Adding hex v0.4.3
      Adding hickory-net v0.26.3
      Adding hickory-proto v0.26.3
      Adding hickory-resolver v0.26.3
      Adding inout v0.1.4
      Adding ipconfig v0.3.4
      Adding lapin v4.12.0
      Adding lazy_static v1.5.1
      Adding minimal-lexical v0.2.1
      Adding moka v0.12.16
      Adding ndk-context v0.1.1
      Adding nom v7.1.3
      Adding nom v8.0.0
      Adding oid-registry v0.8.1
      Adding p12-keystore v0.2.1
      Adding parking v2.2.1
      Adding pbkdf2 v0.12.2
      Adding pem-rfc7468 v0.7.0
      Adding piper v0.2.5
      Adding pkcs12 v0.1.0
      Adding pkcs5 v0.7.1
      Adding prefix-trie v0.8.4
      Adding rc2 v0.8.1
      Adding resolv-conf v0.7.6
      Adding rom-rabbitmq v0.1.0-dev (/root/ROM-extras/crates/rom-rabbitmq)
      Adding rusticata-macros v4.1.0
      Adding rustls-connector v0.23.9
      Adding salsa20 v0.10.2
      Adding scrypt v0.11.0
      Adding sha1 v0.10.7
      Adding spin v0.9.9
      Adding spki v0.7.3
      Adding synstructure v0.13.2
      Adding system-configuration v0.7.0
      Adding system-configuration-sys v0.6.0
      Adding tagptr v0.2.0
      Adding tcp-stream v0.34.14
      Adding widestring v1.2.1
      Adding windows-registry v0.6.1
      Adding windows-result v0.4.1
      Adding windows-strings v0.5.1
      Adding x509-cert v0.2.5
      Adding x509-parser v0.18.1
   Compiling displaydoc v0.2.7
   Compiling block-padding v0.3.3
   Compiling num-integer v0.1.47
   Compiling base64ct v1.8.3
   Compiling der_derive v0.7.3
   Compiling minimal-lexical v0.2.1
   Compiling flagset v0.4.7
   Compiling const-oid v0.9.6
   Compiling synstructure v0.13.2
   Compiling asn1-rs-impl v0.2.0
   Compiling oid-registry v0.8.1
   Compiling pbkdf2 v0.12.2
   Compiling lazy_static v1.5.1
   Compiling data-encoding v2.11.1
   Compiling async-compat v0.2.6
   Compiling futures-rustls v0.26.0
   Compiling inout v0.1.4
   Compiling sha1 v0.10.7
   Compiling nom v8.0.0
   Compiling cookie-factory v0.3.3
   Compiling cipher v0.4.4
   Compiling num-bigint v0.4.8
   Compiling pem-rfc7468 v0.7.0
   Compiling nom v7.1.3
   Compiling hex v0.4.3
   Compiling rustls-connector v0.23.9
   Compiling async-rs v0.8.13
   Compiling amq-protocol v10.6.3
   Compiling salsa20 v0.10.2
   Compiling scrypt v0.11.0
   Compiling cbc v0.1.2
   Compiling aes v0.8.4
   Compiling asn1-rs-derive v0.6.0
   Compiling rc2 v0.8.1
   Compiling des v0.8.1
   Compiling hyper-util v0.1.21
   Compiling spin v0.9.9
   Compiling fastrand v2.5.0
   Compiling parking v2.2.1
   Compiling lapin v4.12.0
   Compiling tinystr v0.8.4
   Compiling zerotrie v0.2.5
   Compiling icu_collections v2.3.0
   Compiling backon v1.6.0
   Compiling flume v0.12.0
   Compiling event-listener v5.4.2
   Compiling tokio-util v0.7.19
   Compiling icu_locale_core v2.3.0
   Compiling der v0.7.10
   Compiling simple_asn1 v0.6.4
   Compiling jsonwebtoken v11.1.0
   Compiling icu_provider v2.3.1
   Compiling rusticata-macros v4.1.0
   Compiling hyper-rustls v0.27.10
   Compiling spki v0.7.3
   Compiling asn1-rs v0.7.2
   Compiling icu_properties v2.3.0
   Compiling icu_normalizer v2.3.0
   Compiling x509-cert v0.2.5
   Compiling pkcs5 v0.7.1
   Compiling rom-auth v0.0.3 (https://github.com/pmikstacki/ROM?rev=d7ef529040eec60dc869034c2d33130219db85fe#d7ef5290)
   Compiling amq-protocol-types v10.6.3
   Compiling idna_adapter v1.2.2
   Compiling der-parser v10.0.0
   Compiling idna v1.1.0
   Compiling cms v0.2.3
   Compiling url v2.5.8
   Compiling x509-parser v0.18.1
   Compiling amq-protocol-uri v10.6.3
   Compiling tower-http v0.6.11
   Compiling async-nats v0.50.0
   Compiling rom-oidc-presets v0.1.0-dev (/root/ROM-extras/crates/rom-oidc-presets)
   Compiling pkcs12 v0.1.0
   Compiling reqwest v0.13.5
   Compiling p12-keystore v0.2.1
   Compiling tcp-stream v0.34.14
   Compiling amq-protocol-tcp v10.6.3
   Compiling rom-webhook v0.1.0-dev (/root/ROM-extras/crates/rom-webhook)
   Compiling rom-nats v0.1.0-dev (/root/ROM-extras/crates/rom-nats)
   Compiling rom-rabbitmq v0.1.0-dev (/root/ROM-extras/crates/rom-rabbitmq)
   Compiling rom-extras-public-consumer v0.0.0 (/root/ROM-extras/tests/public-consumer)
    Finished `test` profile [unoptimized + debuginfo] target(s) in 17.45s
     Running tests/rabbitmq_delivery.rs (tests/public-consumer/target/debug/deps/rabbitmq_delivery-ee157fd30e187806)

running 1 test
test external_consumer_receives_confirmed_persistent_false_payload ... ok

test result: ok. 1 passed; 0 failed; 0 ignored; 0 measured; 0 filtered out; finished in 1.14s

