Certificate:
    Data:
        Version: 3 (0x2)
        Serial Number:
            6d:74:04:d8:0e:67:ca:84:d2:35:72:5a:6d:d5:8b:80:93:ac:11:9c
        Signature Algorithm: sha256WithRSAEncryption
        Issuer: CN=ROM Extras RabbitMQ Fixture ca
        Validity
            Not Before: Oct  8 17:08:35 2026 GMT
            Not After : Nov  7 17:08:35 2026 GMT
        Subject: CN=ROM Extras RabbitMQ Fixture
        Subject Public Key Info:
            Public Key Algorithm: rsaEncryption
                Public-Key: (2048 bit)
                Modulus:
                    00:b7:af:54:56:ba:bb:56:a9:82:be:f4:38:66:32:
                    2c:53:ae:4f:1e:26:36:25:d6:b9:94:4e:5c:0d:6b:
                    c7:fe:a6:89:9e:b5:07:0a:c8:4a:37:78:cf:94:88:
                    c8:dd:ba:0f:ff:c2:53:fc:f1:42:68:20:a8:18:fd:
                    cf:49:bf:6e:ce:54:d3:a3:91:1b:13:c5:e3:88:c1:
                    16:83:d3:b8:df:4c:ea:21:b2:6f:17:5b:ab:a6:22:
                    a7:56:34:d4:82:04:68:44:9b:4f:be:f0:44:4f:0d:
                    05:c3:68:68:9b:88:15:7a:9b:a4:4f:dd:c1:60:d9:
                    d1:8e:94:d9:11:c9:46:fd:cc:af:23:27:26:b4:9d:
                    d3:d1:46:a2:a9:61:c5:23:46:a0:07:1a:d7:e8:fd:
                    ce:68:ef:52:25:2d:8a:3d:d1:ff:c9:ad:c6:c5:0f:
                    f2:7b:7c:84:37:97:dc:89:db:57:62:01:f6:c4:4b:
                    fe:b3:0f:9e:9c:4d:2d:4b:d4:1b:a6:6f:78:23:18:
                    31:8d:eb:04:be:30:01:9b:d5:dd:0d:66:e7:a7:f1:
                    3d:dd:d3:84:89:98:30:0e:4b:b3:d4:23:9f:22:76:
                    c2:2a:c9:69:67:3a:52:5b:ce:d8:2c:c9:d3:8d:c7:
                    3e:cb:12:f4:54:49:63:fa:e6:0e:ee:9a:1b:67:fd:
                    0f:2d
                Exponent: 65537 (0x10001)
        X509v3 extensions:
            X509v3 Basic Constraints: critical
                CA:FALSE
            X509v3 Key Usage: critical
                Digital Signature, Key Encipherment
            X509v3 Extended Key Usage: 
                TLS Web Server Authentication
            X509v3 Subject Alternative Name: 
                IP Address:127.0.0.1
            X509v3 Subject Key Identifier: 
                9F:96:83:FF:C8:21:B8:7F:E4:75:46:9F:4C:F2:D8:B7:01:31:D2:18
            X509v3 Authority Key Identifier: 
                69:E2:04:E8:16:6C:77:23:71:6E:FD:4D:48:E0:CD:2D:11:17:20:27
    Signature Algorithm: sha256WithRSAEncryption
    Signature Value:
        93:c1:e1:92:0f:f2:a8:50:d1:db:dd:47:11:5d:52:6e:93:31:
        3c:ce:b7:e0:30:0a:00:0a:b8:e0:15:b6:0f:6c:43:73:f5:22:
        c8:65:2d:3f:17:20:f9:a7:02:ed:9f:b2:c9:de:64:65:a2:d9:
        ba:b6:7e:13:5f:e8:8f:a0:e3:31:70:3f:f9:fb:6e:e2:47:5e:
        65:ef:7a:e7:6b:ce:8c:ce:5e:cc:37:5c:e3:5c:5c:44:d7:2c:
        57:ef:3f:cb:a2:96:14:b6:e2:ea:87:69:05:5d:1b:dc:6a:ac:
        f7:13:4d:43:62:14:ac:5b:4a:7e:3c:6c:dd:4c:84:25:62:f6:
        e0:9f:47:18:61:a8:b6:eb:9f:ab:9f:58:be:e6:7a:ec:5d:e8:
        ef:25:ac:9d:32:9d:19:3f:76:ea:35:e3:fc:3a:ba:47:e9:80:
        38:6e:20:76:0e:d9:e4:d4:a6:1b:f0:96:31:40:73:0b:e2:d8:
        b1:fd:78:34:cf:90:46:54:0c:93:f7:bb:1d:a6:78:89:d6:3c:
        36:1d:d8:83:6c:b4:14:1c:77:bd:9e:fe:c8:40:e3:cc:28:09:
        bd:7e:df:bf:5c:d4:eb:35:5c:da:e1:c1:7e:0d:ee:e7:85:19:
        e6:5c:21:d5:45:19:eb:35:80:8b:61:60:f5:34:8c:2c:a4:88:
        3d:de:79:c9
