    Updating git repository `https://github.com/pmikstacki/ROM`
    Updating crates.io index
     Locking 5 packages to highest Rust 1.99 compatible versions
      Adding crc-fast v1.10.0
      Adding nix v0.31.3
      Adding rom-blob-object-store v0.0.3 (https://github.com/pmikstacki/ROM?rev=d7ef529040eec60dc869034c2d33130219db85fe#d7ef5290)
      Adding rom-conformance v0.0.3 (https://github.com/pmikstacki/ROM?rev=d7ef529040eec60dc869034c2d33130219db85fe#d7ef5290)
      Adding spin v0.10.1
   Compiling libc v0.2.190
   Compiling aws-lc-sys v0.45.0
   Compiling openssl-sys v0.9.117
   Compiling cfg_aliases v0.2.2
   Compiling digest v0.11.3
   Compiling spin v0.10.1
   Compiling same-file v1.0.6
   Compiling nix v0.31.3
   Compiling walkdir v2.5.0
   Compiling md-5 v0.11.0
   Compiling crc-fast v1.10.0
   Compiling rdkafka-sys v4.10.0+2.12.1
   Compiling mio v1.2.4
   Compiling socket2 v0.6.5
   Compiling getrandom v0.4.3
   Compiling getrandom v0.2.17
   Compiling parking_lot_core v0.9.12
   Compiling rand v0.10.3
   Compiling rand_core v0.6.4
   Compiling parking_lot v0.12.5
   Compiling rand_chacha v0.3.1
   Compiling tokio v1.53.1
   Compiling rand v0.8.8
   Compiling p12-keystore v0.2.1
   Compiling nuid v0.5.0
   Compiling tokio-util v0.7.19
   Compiling rom v0.0.3 (https://github.com/pmikstacki/ROM?rev=d7ef529040eec60dc869034c2d33130219db85fe#d7ef5290)
   Compiling tokio-stream v0.1.19
   Compiling tower v0.5.3
   Compiling async-compat v0.2.6
   Compiling h2 v0.4.20
   Compiling async-rs v0.8.13
   Compiling tryhard v0.5.2
   Compiling tower-http v0.6.11
   Compiling hyper v1.12.0
   Compiling rom-delivery-core v0.1.0-dev (/root/ROM-extras/crates/rom-delivery-core)
   Compiling rom-blob v0.0.3 (https://github.com/pmikstacki/ROM?rev=d7ef529040eec60dc869034c2d33130219db85fe#d7ef5290)
   Compiling hyper-util v0.1.21
   Compiling rom-conformance v0.0.3 (https://github.com/pmikstacki/ROM?rev=d7ef529040eec60dc869034c2d33130219db85fe#d7ef5290)
   Compiling aws-lc-rs v1.18.1
   Compiling rustls v0.23.45
   Compiling rustls-webpki v0.103.15
   Compiling jsonwebtoken v11.1.0
   Compiling rom-auth v0.0.3 (https://github.com/pmikstacki/ROM?rev=d7ef529040eec60dc869034c2d33130219db85fe#d7ef5290)
   Compiling rom-oidc-presets v0.1.0-dev (/root/ROM-extras/crates/rom-oidc-presets)
   Compiling rustls-platform-verifier v0.7.1
   Compiling tokio-rustls v0.26.6
   Compiling futures-rustls v0.26.0
   Compiling rustls-connector v0.23.9
   Compiling hyper-rustls v0.27.10
   Compiling async-nats v0.50.0
   Compiling rdkafka v0.39.0
   Compiling tcp-stream v0.34.14
   Compiling reqwest v0.13.5
   Compiling amq-protocol-tcp v10.6.3
   Compiling amq-protocol v10.6.3
   Compiling rom-kafka v0.1.0-dev (/root/ROM-extras/crates/rom-kafka)
   Compiling lapin v4.12.0
   Compiling object_store v0.14.2
   Compiling rom-webhook v0.1.0-dev (/root/ROM-extras/crates/rom-webhook)
   Compiling rom-nats v0.1.0-dev (/root/ROM-extras/crates/rom-nats)
   Compiling rom-rabbitmq v0.1.0-dev (/root/ROM-extras/crates/rom-rabbitmq)
   Compiling rom-azure-blob v0.1.0-dev (/root/ROM-extras/crates/rom-azure-blob)
   Compiling rom-blob-object-store v0.0.3 (https://github.com/pmikstacki/ROM?rev=d7ef529040eec60dc869034c2d33130219db85fe#d7ef5290)
   Compiling rom-extras-public-consumer v0.0.0 (/root/ROM-extras/tests/public-consumer)
    Finished `test` profile [unoptimized + debuginfo] target(s) in 32.94s
     Running tests/s3_blob.rs (tests/public-consumer/target/debug/deps/s3_blob-52c7ffc65e05471b)

running 1 test
test published_port_arbitration_denial_and_restart_pass_on_seaweedfs ... FAILED

failures:

---- published_port_arbitration_denial_and_restart_pass_on_seaweedfs stdout ----

thread 'published_port_arbitration_denial_and_restart_pass_on_seaweedfs' (3102651) panicked at tests/s3_blob.rs:68:26:
unexpected create outcome: Err(Unknown)
note: run with `RUST_BACKTRACE=1` environment variable to display a backtrace


failures:
    published_port_arbitration_denial_and_restart_pass_on_seaweedfs

test result: FAILED. 0 passed; 1 failed; 0 ignored; 0 measured; 0 filtered out; finished in 3.26s

error: test failed, to rerun pass `--test s3_blob`
