    Updating crates.io index
     Locking 81 packages to highest Rust 1.99 compatible versions
      Adding atomic-waker v1.1.2
      Adding base64 v0.23.1
      Adding bitflags v2.13.2
      Adding bytes v1.12.1
      Adding cfg_aliases v0.2.2
      Adding chacha20 v0.10.2
      Adding combine v4.6.8
      Adding core-foundation v0.10.1
      Adding core-foundation-sys v0.8.7
      Adding cpufeatures v0.3.1
      Adding futures-channel v0.3.34
      Adding http v1.5.0
      Adding http-body v1.1.0
      Adding http-body-util v0.1.5
      Adding httparse v1.10.1
      Adding hyper v1.12.0
      Adding hyper-rustls v0.27.10
      Adding hyper-util v0.1.21
      Adding ipnet v2.12.2
      Adding jni v0.22.4
      Adding jni-macros v0.22.4
      Adding jni-sys v0.4.1
      Adding jni-sys-macros v0.4.1
      Adding log v0.4.34
      Adding lru-slab v0.1.3
      Adding mio v1.2.4
      Adding openssl-probe v0.2.1
      Adding quinn v0.11.12
      Adding quinn-proto v0.11.19
      Adding quinn-udp v0.5.16
      Adding rand v0.10.3
      Adding rand_core v0.10.1
      Adding rand_pcg v0.10.2
      Adding reqwest v0.13.5
      Adding ring v0.17.14
      Adding rustc-hash v2.1.3
      Adding rustc_version v0.4.1
      Adding rustls v0.23.45
      Adding rustls-native-certs v0.8.4
      Adding rustls-pki-types v1.15.1
      Adding rustls-platform-verifier v0.7.1
      Adding rustls-platform-verifier-android v0.2.0
      Adding rustls-webpki v0.103.15
      Adding same-file v1.0.6
      Adding schannel v0.1.29
      Adding security-framework v3.7.0
      Adding security-framework-sys v2.17.0
      Adding semver v1.0.28
      Adding simd_cesu8 v1.2.0
      Adding simdutf8 v0.1.5
      Adding socket2 v0.6.5
      Adding sync_wrapper v1.0.2
      Adding tinyvec v1.13.3
      Adding tokio-rustls v0.26.6
      Adding tower v0.5.3
      Adding tower-http v0.6.11
      Adding tower-layer v0.3.3
      Adding tower-service v0.3.3
      Adding tracing v0.1.44
      Adding tracing-core v0.1.36
      Adding try-lock v0.2.5
      Adding untrusted v0.9.0
      Adding walkdir v2.5.0
      Adding want v0.3.2
      Adding wasm-bindgen-futures v0.4.79
      Adding web-sys v0.3.106
      Adding web-time v1.1.0
      Adding webpki-root-certs v1.0.9
      Adding winapi-util v0.1.11
      Adding windows-link v0.2.1
      Adding windows-sys v0.52.0
      Adding windows-sys v0.61.2
      Adding windows-targets v0.52.6
      Adding windows_aarch64_gnullvm v0.52.6
      Adding windows_aarch64_msvc v0.52.6
      Adding windows_i686_gnu v0.52.6
      Adding windows_i686_gnullvm v0.52.6
      Adding windows_i686_msvc v0.52.6
      Adding windows_x86_64_gnu v0.52.6
      Adding windows_x86_64_gnullvm v0.52.6
      Adding windows_x86_64_msvc v0.52.6
   Compiling libc v0.2.190
   Compiling bytes v1.12.1
   Compiling futures-core v0.3.34
   Compiling smallvec v1.16.2
   Compiling aws-lc-rs v1.18.1
   Compiling jobserver v0.1.35
   Compiling mio v1.2.4
   Compiling cc v1.6.0
   Compiling socket2 v0.6.5
   Compiling tokio v1.53.1
   Compiling cmake v0.1.58
   Compiling aws-lc-sys v0.45.0
   Compiling once_cell v1.21.4
   Compiling rustls-pki-types v1.15.1
   Compiling http v1.5.0
   Compiling http-body v1.1.0
   Compiling slab v0.4.12
   Compiling futures-task v0.3.34
   Compiling rustls v0.23.45
   Compiling httparse v1.10.1
   Compiling untrusted v0.9.0
   Compiling percent-encoding v2.3.2
   Compiling futures-util v0.3.34
   Compiling icu_normalizer v2.3.0
   Compiling try-lock v0.2.5
   Compiling tower-service v0.3.3
   Compiling want v0.3.2
   Compiling idna_adapter v1.2.2
   Compiling tracing-core v0.1.36
   Compiling atomic-waker v1.1.2
   Compiling hyper v1.12.0
   Compiling tracing v0.1.44
   Compiling idna v1.1.0
   Compiling form_urlencoded v1.2.2
   Compiling futures-channel v0.3.34
   Compiling sync_wrapper v1.0.2
   Compiling ipnet v2.12.2
   Compiling openssl-probe v0.2.1
   Compiling tower-layer v0.3.3
   Compiling base64 v0.23.1
   Compiling hyper-util v0.1.21
   Compiling tower v0.5.3
   Compiling rustls-native-certs v0.8.4
   Compiling url v2.5.8
   Compiling log v0.4.34
   Compiling bitflags v2.13.2
   Compiling tower-http v0.6.11
   Compiling rom v0.0.3 (https://github.com/pmikstacki/ROM?rev=d7ef529040eec60dc869034c2d33130219db85fe#d7ef5290)
   Compiling http-body-util v0.1.5
   Compiling rom-delivery-core v0.1.0-dev (/root/ROM-extras/crates/rom-delivery-core)
   Compiling rustls-webpki v0.103.15
   Compiling tokio-rustls v0.26.6
   Compiling hyper-rustls v0.27.10
   Compiling rustls-platform-verifier v0.7.1
   Compiling reqwest v0.13.5
   Compiling rom-webhook v0.1.0-dev (/root/ROM-extras/crates/rom-webhook)
error[E0432]: unresolved imports `rom_webhook::Destination`, `rom_webhook::TransportLimits`
 --> crates/rom-webhook/tests/policy.rs:1:19
  |
1 | use rom_webhook::{Destination, TransportLimits};
  |                   ^^^^^^^^^^^  ^^^^^^^^^^^^^^^ no `TransportLimits` in the root
  |                   |
  |                   no `Destination` in the root

For more information about this error, try `rustc --explain E0432`.
error: could not compile `rom-webhook` (test "policy") due to 1 previous error
