   Compiling rom-webhook v0.1.0-dev (/root/ROM-extras/crates/rom-webhook)
warning: fields `url` and `addresses` are never read
  --> crates/rom-webhook/src/destination.rs:10:16
   |
 9 | pub struct Destination {
   |            ----------- fields in this struct
10 |     pub(crate) url: Url,
   |                ^^^
11 |     pub(crate) addresses: Vec<SocketAddr>,
   |                ^^^^^^^^^
   |
   = note: `#[warn(dead_code)]` (part of `#[warn(unused)]`) on by default

warning: fields `concurrency`, `connect`, and `request` are never read
 --> crates/rom-webhook/src/limits.rs:7:16
  |
6 | pub struct TransportLimits {
  |            --------------- fields in this struct
7 |     pub(crate) concurrency: usize,
  |                ^^^^^^^^^^^
8 |     pub(crate) connect: Duration,
  |                ^^^^^^^
9 |     pub(crate) request: Duration,
  |                ^^^^^^^
  |
  = note: `TransportLimits` has derived impls for the traits `Debug` and `Clone`, but these are intentionally ignored during dead code analysis

warning: `rom-webhook` (lib) generated 2 warnings
error: missing documentation for the crate
  --> crates/rom-webhook/tests/policy.rs:1:1
   |
 1 | / use rom_webhook::{Destination, TransportLimits};
 2 | | use std::{net::IpAddr, time::Duration};
...  |
26 | |     assert!(TransportLimits::new(1, Duration::from_secs(1), Duration::from_secs(2)).is_ok());
27 | | }
   | |_^
   |
   = note: requested on the command line with `-D missing-docs`

error: could not compile `rom-webhook` (test "policy") due to 1 previous error
