    Updating crates.io index
     Locking 42 packages to highest Rust 1.99 compatible versions
      Adding atomic-waker v1.1.2
      Adding base64 v0.23.1
      Adding cfg_aliases v0.2.2
      Adding combine v4.6.8
      Adding http v1.5.0
      Adding http-body v1.1.0
      Adding http-body-util v0.1.5
      Adding httparse v1.10.1
      Adding hyper v1.12.0
      Adding hyper-rustls v0.27.10
      Adding hyper-util v0.1.21
      Adding ipnet v2.12.2
      Adding jni v0.22.4
      Adding jni-macros v0.22.4
      Adding jni-sys v0.4.1
      Adding jni-sys-macros v0.4.1
      Adding lru-slab v0.1.3
      Adding quinn v0.11.12
      Adding quinn-proto v0.11.19
      Adding quinn-udp v0.5.16
      Adding rand_pcg v0.10.2
      Adding reqwest v0.13.5
      Adding rom-webhook v0.1.0-dev (/root/ROM-extras/crates/rom-webhook)
      Adding rustc-hash v2.1.3
      Adding rustc_version v0.4.1
      Adding rustls-platform-verifier v0.7.1
      Adding rustls-platform-verifier-android v0.2.0
      Adding same-file v1.0.6
      Adding semver v1.0.28
      Adding simd_cesu8 v1.2.0
      Adding sync_wrapper v1.0.2
      Adding tower v0.5.3
      Adding tower-http v0.6.11
      Adding tower-layer v0.3.3
      Adding tower-service v0.3.3
      Adding try-lock v0.2.5
      Adding walkdir v2.5.0
      Adding want v0.3.2
      Adding wasm-bindgen-futures v0.4.79
      Adding web-time v1.1.0
      Adding webpki-root-certs v1.0.9
      Adding winapi-util v0.1.11
    Checking smallvec v1.16.2
    Checking http v1.5.0
   Compiling httparse v1.10.1
    Checking tokio v1.53.1
    Checking slab v0.4.12
   Compiling rustls v0.23.45
    Checking futures-task v0.3.34
    Checking rustls-pki-types v1.15.1
    Checking try-lock v0.2.5
    Checking tower-service v0.3.3
    Checking aws-lc-rs v1.18.1
    Checking atomic-waker v1.1.2
    Checking tracing v0.1.44
    Checking sync_wrapper v1.0.2
    Checking futures-channel v0.3.34
    Checking tower-layer v0.3.3
    Checking want v0.3.2
    Checking ipnet v2.12.2
    Checking base64 v0.23.1
    Checking bitflags v2.13.2
    Checking futures-util v0.3.34
    Checking icu_normalizer v2.3.0
    Checking rustls-native-certs v0.8.4
    Checking idna_adapter v1.2.2
    Checking idna v1.1.0
    Checking http-body v1.1.0
    Checking http-body-util v0.1.5
    Checking url v2.5.8
    Checking rustls-webpki v0.103.15
    Checking jsonwebtoken v11.1.0
    Checking rom-auth v0.0.3 (https://github.com/pmikstacki/ROM?rev=d7ef529040eec60dc869034c2d33130219db85fe#d7ef5290)
    Checking rom-oidc-presets v0.1.0-dev (/root/ROM-extras/crates/rom-oidc-presets)
    Checking hyper v1.12.0
    Checking tower v0.5.3
    Checking rom v0.0.3 (https://github.com/pmikstacki/ROM?rev=d7ef529040eec60dc869034c2d33130219db85fe#d7ef5290)
    Checking tower-http v0.6.11
    Checking hyper-util v0.1.21
    Checking tokio-rustls v0.26.6
    Checking rustls-platform-verifier v0.7.1
    Checking hyper-rustls v0.27.10
    Checking reqwest v0.13.5
    Checking rom-delivery-core v0.1.0-dev (/root/ROM-extras/crates/rom-delivery-core)
    Checking rom-webhook v0.1.0-dev (/root/ROM-extras/crates/rom-webhook)
    Checking rom-extras-public-consumer v0.0.0 (/root/ROM-extras/tests/public-consumer)
    Finished `dev` profile [unoptimized + debuginfo] target(s) in 8.46s
