   Compiling rom-webhook v0.1.0-dev (/root/ROM-extras/crates/rom-webhook)
error[E0308]: mismatched types
   --> crates/rom-webhook/tests/runtime.rs:58:25
    |
 58 |                 .policy(move |_, _, _| permitted.load(Ordering::SeqCst))
    |                  ------ ^^^^^^^^^^^^^^^^^^^^^^^^^^^^^^^^^^^^^^^^^^^^^^^ expected fn pointer, found closure
    |                  |
    |                  arguments to this method are incorrect
    |
    = note: expected fn pointer `for<'a, 'b> fn(&'a rom::Actor, Access, &'b Notice) -> bool`
                  found closure `{closure@crates/rom-webhook/tests/runtime.rs:58:25: 58:39}`
note: closures can only be coerced to `fn` types if they do not capture any variables
   --> crates/rom-webhook/tests/runtime.rs:58:40
    |
 58 |                 .policy(move |_, _, _| permitted.load(Ordering::SeqCst))
    |                                        ^^^^^^^^^ `permitted` captured here
note: method defined here
   --> /root/.cargo/git/checkouts/rom-93d40b828d518890/d7ef529/crates/rom/src/resource/definition.rs:145:12
    |
145 |     pub fn policy(mut self, policy: Policy<R>) -> Self {
    |            ^^^^^^

For more information about this error, try `rustc --explain E0308`.
error: could not compile `rom-webhook` (test "runtime") due to 1 previous error
